Archive member included because of file (symbol)

c:/program files/gnu tools arm embedded/4.9 2015q1/bin/../lib/gcc/arm-none-eabi/4.9.3/armv7-m\libgcc.a(_arm_addsubdf3.o)
                              ..\obj\main.o (__aeabi_dadd)
c:/program files/gnu tools arm embedded/4.9 2015q1/bin/../lib/gcc/arm-none-eabi/4.9.3/armv7-m\libgcc.a(_arm_muldivdf3.o)
                              ..\obj\main.o (__aeabi_ddiv)
c:/program files/gnu tools arm embedded/4.9 2015q1/bin/../lib/gcc/arm-none-eabi/4.9.3/../../../../arm-none-eabi/lib/armv7-m\libg.a(lib_a-printf.o)
                              ..\obj\main.o (printf)
c:/program files/gnu tools arm embedded/4.9 2015q1/bin/../lib/gcc/arm-none-eabi/4.9.3/../../../../arm-none-eabi/lib/armv7-m\libg.a(lib_a-vfprintf.o)
                              c:/program files/gnu tools arm embedded/4.9 2015q1/bin/../lib/gcc/arm-none-eabi/4.9.3/../../../../arm-none-eabi/lib/armv7-m\libg.a(lib_a-printf.o) (_vfprintf_r)
c:/program files/gnu tools arm embedded/4.9 2015q1/bin/../lib/gcc/arm-none-eabi/4.9.3/../../../../arm-none-eabi/lib/armv7-m\libg.a(lib_a-wsetup.o)
                              c:/program files/gnu tools arm embedded/4.9 2015q1/bin/../lib/gcc/arm-none-eabi/4.9.3/../../../../arm-none-eabi/lib/armv7-m\libg.a(lib_a-vfprintf.o) (__swsetup_r)
c:/program files/gnu tools arm embedded/4.9 2015q1/bin/../lib/gcc/arm-none-eabi/4.9.3/../../../../arm-none-eabi/lib/armv7-m\libg.a(lib_a-dtoa.o)
                              c:/program files/gnu tools arm embedded/4.9 2015q1/bin/../lib/gcc/arm-none-eabi/4.9.3/../../../../arm-none-eabi/lib/armv7-m\libg.a(lib_a-vfprintf.o) (_dtoa_r)
c:/program files/gnu tools arm embedded/4.9 2015q1/bin/../lib/gcc/arm-none-eabi/4.9.3/../../../../arm-none-eabi/lib/armv7-m\libg.a(lib_a-fflush.o)
                              c:/program files/gnu tools arm embedded/4.9 2015q1/bin/../lib/gcc/arm-none-eabi/4.9.3/../../../../arm-none-eabi/lib/armv7-m\libg.a(lib_a-vfprintf.o) (_fflush_r)
c:/program files/gnu tools arm embedded/4.9 2015q1/bin/../lib/gcc/arm-none-eabi/4.9.3/../../../../arm-none-eabi/lib/armv7-m\libg.a(lib_a-findfp.o)
                              c:/program files/gnu tools arm embedded/4.9 2015q1/bin/../lib/gcc/arm-none-eabi/4.9.3/../../../../arm-none-eabi/lib/armv7-m\libg.a(lib_a-vfprintf.o) (__sinit)
c:/program files/gnu tools arm embedded/4.9 2015q1/bin/../lib/gcc/arm-none-eabi/4.9.3/../../../../arm-none-eabi/lib/armv7-m\libg.a(lib_a-freer.o)
                              c:/program files/gnu tools arm embedded/4.9 2015q1/bin/../lib/gcc/arm-none-eabi/4.9.3/../../../../arm-none-eabi/lib/armv7-m\libg.a(lib_a-wsetup.o) (_free_r)
c:/program files/gnu tools arm embedded/4.9 2015q1/bin/../lib/gcc/arm-none-eabi/4.9.3/../../../../arm-none-eabi/lib/armv7-m\libg.a(lib_a-fwalk.o)
                              c:/program files/gnu tools arm embedded/4.9 2015q1/bin/../lib/gcc/arm-none-eabi/4.9.3/../../../../arm-none-eabi/lib/armv7-m\libg.a(lib_a-findfp.o) (_fwalk)
c:/program files/gnu tools arm embedded/4.9 2015q1/bin/../lib/gcc/arm-none-eabi/4.9.3/../../../../arm-none-eabi/lib/armv7-m\libg.a(lib_a-impure.o)
                              c:/program files/gnu tools arm embedded/4.9 2015q1/bin/../lib/gcc/arm-none-eabi/4.9.3/../../../../arm-none-eabi/lib/armv7-m\libg.a(lib_a-fflush.o) (_global_impure_ptr)
c:/program files/gnu tools arm embedded/4.9 2015q1/bin/../lib/gcc/arm-none-eabi/4.9.3/../../../../arm-none-eabi/lib/armv7-m\libg.a(lib_a-locale.o)
                              c:/program files/gnu tools arm embedded/4.9 2015q1/bin/../lib/gcc/arm-none-eabi/4.9.3/../../../../arm-none-eabi/lib/armv7-m\libg.a(lib_a-vfprintf.o) (_localeconv_r)
c:/program files/gnu tools arm embedded/4.9 2015q1/bin/../lib/gcc/arm-none-eabi/4.9.3/../../../../arm-none-eabi/lib/armv7-m\libg.a(lib_a-makebuf.o)
                              c:/program files/gnu tools arm embedded/4.9 2015q1/bin/../lib/gcc/arm-none-eabi/4.9.3/../../../../arm-none-eabi/lib/armv7-m\libg.a(lib_a-wsetup.o) (__smakebuf_r)
c:/program files/gnu tools arm embedded/4.9 2015q1/bin/../lib/gcc/arm-none-eabi/4.9.3/../../../../arm-none-eabi/lib/armv7-m\libg.a(lib_a-mallocr.o)
                              c:/program files/gnu tools arm embedded/4.9 2015q1/bin/../lib/gcc/arm-none-eabi/4.9.3/../../../../arm-none-eabi/lib/armv7-m\libg.a(lib_a-findfp.o) (_malloc_r)
c:/program files/gnu tools arm embedded/4.9 2015q1/bin/../lib/gcc/arm-none-eabi/4.9.3/../../../../arm-none-eabi/lib/armv7-m\libg.a(lib_a-memchr.o)
                              c:/program files/gnu tools arm embedded/4.9 2015q1/bin/../lib/gcc/arm-none-eabi/4.9.3/../../../../arm-none-eabi/lib/armv7-m\libg.a(lib_a-vfprintf.o) (memchr)
c:/program files/gnu tools arm embedded/4.9 2015q1/bin/../lib/gcc/arm-none-eabi/4.9.3/../../../../arm-none-eabi/lib/armv7-m\libg.a(lib_a-memcpy.o)
                              c:/program files/gnu tools arm embedded/4.9 2015q1/bin/../lib/gcc/arm-none-eabi/4.9.3/../../../../arm-none-eabi/lib/armv7-m\libg.a(lib_a-dtoa.o) (memcpy)
[...]
Memory Configuration

Name             Origin             Length             Attributes
rom              0x08000000         0x00080000         xr
ram              0x20000000         0x00010000         xrw
*default*        0x00000000         0xffffffff

Linker script and memory map

                0x20010000                _eram = 0x20010000

.text           0x08000000     0x6aa0
 *(.isr_vector)
 .isr_vector    0x08000000      0x134 ..\obj\startup_stm32f10x_hd.o
                0x08000000                g_pfnVectors
 *(.text*)
 .text.I2C_start
                0x08000134       0x88 ..\obj\i2c.o
                0x08000134                I2C_start
 .text.I2C_write
                0x080001bc       0x30 ..\obj\i2c.o
                0x080001bc                I2C_write
 .text.I2C_read_ack
                0x080001ec       0x38 ..\obj\i2c.o
                0x080001ec                I2C_read_ack
 .text.I2C_read_nack
                0x08000224       0x40 ..\obj\i2c.o
                0x08000224                I2C_read_nack
 .text.I2C_stop
                0x08000264       0x18 ..\obj\i2c.o
                0x08000264                I2C_stop
 .text.SystemInit
                0x0800027c       0x68 ..\obj\system_stm32f10x.o
                0x0800027c                SystemInit
 .text.SetSysClock
                0x080002e4        0xc ..\obj\system_stm32f10x.o
 .text.SetSysClockTo72
                0x080002f0      0x100 ..\obj\system_stm32f10x.o
 .text.Default_Reset_Handler
                0x080003f0       0x5c ..\obj\startup_stm32f10x_hd.o
                0x080003f0                Default_Reset_Handler
                0x080003f0                Reset_Handler
 .text.Default_Handler
                0x0800044c        0x8 ..\obj\startup_stm32f10x_hd.o
                0x0800044c                EXTI2_IRQHandler
                0x0800044c                TIM8_TRG_COM_IRQHandler
                0x0800044c                TIM8_CC_IRQHandler
                0x0800044c                DebugMon_Handler
                0x0800044c                TIM1_CC_IRQHandler
                0x0800044c                HardFault_Handler
                0x0800044c                TIM6_IRQHandler
                0x0800044c                PVD_IRQHandler
                0x0800044c                SDIO_IRQHandler
                0x0800044c                PendSV_Handler
                0x0800044c                NMI_Handler
                0x0800044c                EXTI3_IRQHandler
                0x0800044c                EXTI0_IRQHandler
                0x0800044c                I2C2_EV_IRQHandler
                0x0800044c                UsageFault_Handler
                0x0800044c                ADC1_2_IRQHandler
                0x0800044c                SPI1_IRQHandler
                0x0800044c                TAMPER_IRQHandler
                0x0800044c                TIM8_UP_IRQHandler
                0x0800044c                DMA2_Channel2_IRQHandler
                0x0800044c                DMA1_Channel4_IRQHandler
                0x0800044c                USART3_IRQHandler
                0x0800044c                RTC_IRQHandler
                0x0800044c                DMA1_Channel7_IRQHandler
                0x0800044c                CAN1_RX1_IRQHandler
                0x0800044c                UART5_IRQHandler
                0x0800044c                ADC3_IRQHandler
                0x0800044c                TIM4_IRQHandler
                0x0800044c                DMA2_Channel1_IRQHandler
                0x0800044c                I2C1_EV_IRQHandler
                0x0800044c                DMA1_Channel6_IRQHandler
                0x0800044c                UART4_IRQHandler
                0x0800044c                TIM3_IRQHandler
                0x0800044c                RCC_IRQHandler
                0x0800044c                TIM1_TRG_COM_IRQHandler
                0x0800044c                DMA1_Channel1_IRQHandler
                0x0800044c                EXTI15_10_IRQHandler
                0x0800044c                TIM7_IRQHandler
                0x0800044c                TIM5_IRQHandler
                0x0800044c                EXTI9_5_IRQHandler
                0x0800044c                SPI2_IRQHandler
                0x0800044c                MemManage_Handler
                0x0800044c                SVC_Handler
                0x0800044c                DMA1_Channel5_IRQHandler
                0x0800044c                EXTI4_IRQHandler
                0x0800044c                USB_LP_CAN1_RX0_IRQHandler
                0x0800044c                USB_HP_CAN1_TX_IRQHandler
                0x0800044c                DMA1_Channel3_IRQHandler
                0x0800044c                FSMC_IRQHandler
                0x0800044c                TIM1_UP_IRQHandler
                0x0800044c                WWDG_IRQHandler
                0x0800044c                TIM2_IRQHandler
                0x0800044c                TIM1_BRK_IRQHandler
                0x0800044c                EXTI1_IRQHandler
                0x0800044c                RTCAlarm_IRQHandler
                0x0800044c                DMA2_Channel4_5_IRQHandler
                0x0800044c                USART2_IRQHandler
                0x0800044c                I2C2_ER_IRQHandler
                0x0800044c                DMA1_Channel2_IRQHandler
                0x0800044c                TIM8_BRK_IRQHandler
                0x0800044c                CAN1_SCE_IRQHandler
                0x0800044c                FLASH_IRQHandler
                0x0800044c                BusFault_Handler
                0x0800044c                SPI3_IRQHandler
                0x0800044c                I2C1_ER_IRQHandler
                0x0800044c                USBWakeUp_IRQHandler
                0x0800044c                DMA2_Channel3_IRQHandler
 .text.GPIO_Init
                0x08000454      0x180 ..\obj\stm32f10x_gpio.o
                0x08000454                GPIO_Init
 .text.init_I2C1
                0x080005d4       0x88 ..\obj\main.o
                0x080005d4                init_I2C1
 *fill*         0x0800065c        0x4 
 .text.main     0x08000660      0x1e0 ..\obj\main.o
                0x08000660                main
 .text.RCC_GetClocksFreq
                0x08000840      0x164 ..\obj\stm32f10x_rcc.o
                0x08000840                RCC_GetClocksFreq
 .text.RCC_APB2PeriphClockCmd
                0x080009a4       0x3c ..\obj\stm32f10x_rcc.o
                0x080009a4                RCC_APB2PeriphClockCmd
 .text.RCC_APB1PeriphClockCmd
                0x080009e0       0x3c ..\obj\stm32f10x_rcc.o
                0x080009e0                RCC_APB1PeriphClockCmd
 .text.USART_Init
                0x08000a1c      0x174 ..\obj\stm32f10x_usart.o
                0x08000a1c                USART_Init
 .text.USART_Cmd
                0x08000b90       0x40 ..\obj\stm32f10x_usart.o
                0x08000b90                USART_Cmd
 .text.USART_ITConfig
                0x08000bd0       0x90 ..\obj\stm32f10x_usart.o
                0x08000bd0                USART_ITConfig
 .text.USART_SendData
                0x08000c60       0x24 ..\obj\stm32f10x_usart.o
                0x08000c60                USART_SendData
 .text.USART_ReceiveData
                0x08000c84       0x20 ..\obj\stm32f10x_usart.o
                0x08000c84                USART_ReceiveData
 .text.USART_GetFlagStatus
                0x08000ca4       0x38 ..\obj\stm32f10x_usart.o
                0x08000ca4                USART_GetFlagStatus
 .text.USART_GetITStatus
                0x08000cdc       0xb8 ..\obj\stm32f10x_usart.o
                0x08000cdc                USART_GetITStatus
 .text.init_mpu6050
                0x08000d94       0x2c ..\obj\mpu6050.o
                0x08000d94                init_mpu6050
 .text._sbrk    0x08000dc0       0x40 ..\obj\syscalls.o
                0x08000dc0                _sbrk
 .text._close   0x08000e00       0x18 ..\obj\syscalls.o
                0x08000e00                _close
 .text._fstat   0x08000e18       0x20 ..\obj\syscalls.o
                0x08000e18                _fstat
 .text._isatty  0x08000e38       0x18 ..\obj\syscalls.o
                0x08000e38                _isatty
 .text._lseek   0x08000e50       0x1c ..\obj\syscalls.o
                0x08000e50                _lseek
 .text._read    0x08000e6c       0x1c ..\obj\syscalls.o
                0x08000e6c                _read
 .text._write   0x08000e88       0x40 ..\obj\syscalls.o
                0x08000e88                _write
 .text.init_HYSTM32F
                0x08000ec8       0x44 ..\obj\GPIOHYSTM32.o
                0x08000ec8                init_HYSTM32F
 .text.SysTick_Handler
                0x08000f0c       0x24 ..\obj\systick.o
                0x08000f0c                SysTick_Handler
 .text.I2C_Init
                0x08000f30      0x184 ..\obj\stm32f10x_i2c.o
                0x08000f30                I2C_Init
 .text.I2C_Cmd  0x080010b4       0x40 ..\obj\stm32f10x_i2c.o
                0x080010b4                I2C_Cmd
 .text.I2C_GenerateSTART
                0x080010f4       0x40 ..\obj\stm32f10x_i2c.o
                0x080010f4                I2C_GenerateSTART
 .text.I2C_GenerateSTOP
                0x08001134       0x40 ..\obj\stm32f10x_i2c.o
                0x08001134                I2C_GenerateSTOP
 .text.I2C_AcknowledgeConfig
                0x08001174       0x40 ..\obj\stm32f10x_i2c.o
                0x08001174                I2C_AcknowledgeConfig
 .text.I2C_SendData
                0x080011b4       0x20 ..\obj\stm32f10x_i2c.o
                0x080011b4                I2C_SendData
 .text.I2C_ReceiveData
                0x080011d4       0x1c ..\obj\stm32f10x_i2c.o
                0x080011d4                I2C_ReceiveData
 .text.I2C_Send7bitAddress
                0x080011f0       0x3c ..\obj\stm32f10x_i2c.o
                0x080011f0                I2C_Send7bitAddress
 .text.I2C_CheckEvent
                0x0800122c       0x60 ..\obj\stm32f10x_i2c.o
                0x0800122c                I2C_CheckEvent
 .text.I2C_GetFlagStatus
                0x0800128c       0x68 ..\obj\stm32f10x_i2c.o
                0x0800128c                I2C_GetFlagStatus
 .text.USART_puts
                0x080012f4       0x34 ..\obj\usart.o
                0x080012f4                USART_puts
 .text.putcharx
                0x08001328       0x2c ..\obj\usart.o
                0x08001328                putcharx
 .text.USART1_IRQHandler
                0x08001354       0x38 ..\obj\usart.o
                0x08001354                USART1_IRQHandler
 .text.init_USART1
                0x0800138c       0x88 ..\obj\usart.o
                0x0800138c                init_USART1
 .text          0x08001414      0x370 c:/program files/gnu tools arm embedded/4.9 2015q1/bin/../lib/gcc/arm-none-eabi/4.9.3/armv7-m\libgcc.a(_arm_addsubdf3.o)
                0x08001414                __aeabi_drsub
                0x0800141c                __aeabi_dsub
                0x0800141c                __subdf3
                0x08001420                __aeabi_dadd
                0x08001420                __adddf3
                0x08001698                __floatunsidf
                0x08001698                __aeabi_ui2d
                0x080016b8                __floatsidf
                0x080016b8                __aeabi_i2d
                0x080016dc                __aeabi_f2d
                0x080016dc                __extendsfdf2
                0x08001718                __floatundidf
                0x08001718                __aeabi_ul2d
                0x08001728                __floatdidf
                0x08001728                __aeabi_l2d
 .text          0x08001784      0x424 c:/program files/gnu tools arm embedded/4.9 2015q1/bin/../lib/gcc/arm-none-eabi/4.9.3/armv7-m\libgcc.a(_arm_muldivdf3.o)
                0x08001784                __aeabi_dmul
                0x08001784                __muldf3
                0x080019d8                __divdf3
                0x080019d8                __aeabi_ddiv
 .text.printf   0x08001ba8       0x28 c:/program files/gnu tools arm embedded/4.9 2015q1/bin/../lib/gcc/arm-none-eabi/4.9.3/../../../../arm-none-eabi/lib/armv7-m\libg.a(lib_a-printf.o)
                0x08001ba8                printf
 .text._vfprintf_r
                0x08001bd0     0x1448 c:/program files/gnu tools arm embedded/4.9 2015q1/bin/../lib/gcc/arm-none-eabi/4.9.3/../../../../arm-none-eabi/lib/armv7-m\libg.a(lib_a-vfprintf.o)
                0x08001bd0                _vfprintf_r
 .text.__sbprintf
                0x08003018       0x7c c:/program files/gnu tools arm embedded/4.9 2015q1/bin/../lib/gcc/arm-none-eabi/4.9.3/../../../../arm-none-eabi/lib/armv7-m\libg.a(lib_a-vfprintf.o)
 .text.__swsetup_r
                0x08003094       0xc4 c:/program files/gnu tools arm embedded/4.9 2015q1/bin/../lib/gcc/arm-none-eabi/4.9.3/../../../../arm-none-eabi/lib/armv7-m\libg.a(lib_a-wsetup.o)
                0x08003094                __swsetup_r
 .text.quorem   0x08003158      0x130 c:/program files/gnu tools arm embedded/4.9 2015q1/bin/../lib/gcc/arm-none-eabi/4.9.3/../../../../arm-none-eabi/lib/armv7-m\libg.a(lib_a-dtoa.o)
 .text._dtoa_r  0x08003288      0xea8 c:/program files/gnu tools arm embedded/4.9 2015q1/bin/../lib/gcc/arm-none-eabi/4.9.3/../../../../arm-none-eabi/lib/armv7-m\libg.a(lib_a-dtoa.o)
                0x08003288                _dtoa_r
 .text.__sflush_r
                0x08004130      0x148 c:/program files/gnu tools arm embedded/4.9 2015q1/bin/../lib/gcc/arm-none-eabi/4.9.3/../../../../arm-none-eabi/lib/armv7-m\libg.a(lib_a-fflush.o)
                0x08004130                __sflush_r
 .text._fflush_r
                0x08004278       0x2c c:/program files/gnu tools arm embedded/4.9 2015q1/bin/../lib/gcc/arm-none-eabi/4.9.3/../../../../arm-none-eabi/lib/armv7-m\libg.a(lib_a-fflush.o)
                0x08004278                _fflush_r
 .text._cleanup_r
                0x080042a4        0xc c:/program files/gnu tools arm embedded/4.9 2015q1/bin/../lib/gcc/arm-none-eabi/4.9.3/../../../../arm-none-eabi/lib/armv7-m\libg.a(lib_a-findfp.o)
                0x080042a4                _cleanup_r
 .text.__sinit.part.1
                0x080042b0       0xf0 c:/program files/gnu tools arm embedded/4.9 2015q1/bin/../lib/gcc/arm-none-eabi/4.9.3/../../../../arm-none-eabi/lib/armv7-m\libg.a(lib_a-findfp.o)
 .text.__sinit  0x080043a0        0xc c:/program files/gnu tools arm embedded/4.9 2015q1/bin/../lib/gcc/arm-none-eabi/4.9.3/../../../../arm-none-eabi/lib/armv7-m\libg.a(lib_a-findfp.o)
                0x080043a0                __sinit
 .text.__sfp_lock_acquire
                0x080043ac        0x4 c:/program files/gnu tools arm embedded/4.9 2015q1/bin/../lib/gcc/arm-none-eabi/4.9.3/../../../../arm-none-eabi/lib/armv7-m\libg.a(lib_a-findfp.o)
                0x080043ac                __sfp_lock_acquire
 .text.__sfp_lock_release
                0x080043b0        0x4 c:/program files/gnu tools arm embedded/4.9 2015q1/bin/../lib/gcc/arm-none-eabi/4.9.3/../../../../arm-none-eabi/lib/armv7-m\libg.a(lib_a-findfp.o)
                0x080043b0                __sfp_lock_release
 .text._malloc_trim_r
                0x080043b4       0x9c c:/program files/gnu tools arm embedded/4.9 2015q1/bin/../lib/gcc/arm-none-eabi/4.9.3/../../../../arm-none-eabi/lib/armv7-m\libg.a(lib_a-freer.o)
                0x080043b4                _malloc_trim_r
 .text._free_r  0x08004450      0x1b0 c:/program files/gnu tools arm embedded/4.9 2015q1/bin/../lib/gcc/arm-none-eabi/4.9.3/../../../../arm-none-eabi/lib/armv7-m\libg.a(lib_a-freer.o)
                0x08004450                _free_r
 .text._fwalk_reent
                0x08004600       0x50 c:/program files/gnu tools arm embedded/4.9 2015q1/bin/../lib/gcc/arm-none-eabi/4.9.3/../../../../arm-none-eabi/lib/armv7-m\libg.a(lib_a-fwalk.o)
                0x08004600                _fwalk_reent
 .text.__locale_charset
                0x08004650        0x8 c:/program files/gnu tools arm embedded/4.9 2015q1/bin/../lib/gcc/arm-none-eabi/4.9.3/../../../../arm-none-eabi/lib/armv7-m\libg.a(lib_a-locale.o)
                0x08004650                __locale_charset
 .text.__locale_mb_cur_max
                0x08004658        0xc c:/program files/gnu tools arm embedded/4.9 2015q1/bin/../lib/gcc/arm-none-eabi/4.9.3/../../../../arm-none-eabi/lib/armv7-m\libg.a(lib_a-locale.o)
                0x08004658                __locale_mb_cur_max
 .text._localeconv_r
                0x08004664        0x8 c:/program files/gnu tools arm embedded/4.9 2015q1/bin/../lib/gcc/arm-none-eabi/4.9.3/../../../../arm-none-eabi/lib/armv7-m\libg.a(lib_a-locale.o)
                0x08004664                _localeconv_r
 .text.__smakebuf_r
                0x0800466c       0xe0 c:/program files/gnu tools arm embedded/4.9 2015q1/bin/../lib/gcc/arm-none-eabi/4.9.3/../../../../arm-none-eabi/lib/armv7-m\libg.a(lib_a-makebuf.o)
                0x0800466c                __smakebuf_r
 .text._malloc_r
                0x0800474c      0x50c c:/program files/gnu tools arm embedded/4.9 2015q1/bin/../lib/gcc/arm-none-eabi/4.9.3/../../../../arm-none-eabi/lib/armv7-m\libg.a(lib_a-mallocr.o)
                0x0800474c                _malloc_r
 .text.memchr   0x08004c58       0x94 c:/program files/gnu tools arm embedded/4.9 2015q1/bin/../lib/gcc/arm-none-eabi/4.9.3/../../../../arm-none-eabi/lib/armv7-m\libg.a(lib_a-memchr.o)
                0x08004c58                memchr
 .text          0x08004cec       0xec c:/program files/gnu tools arm embedded/4.9 2015q1/bin/../lib/gcc/arm-none-eabi/4.9.3/../../../../arm-none-eabi/lib/armv7-m\libg.a(lib_a-memcpy.o)
                0x08004cec                memcpy
 .text.memset   0x08004dd8       0x9c c:/program files/gnu tools arm embedded/4.9 2015q1/bin/../lib/gcc/arm-none-eabi/4.9.3/../../../../arm-none-eabi/lib/armv7-m\libg.a(lib_a-memset.o)
                0x08004dd8                memset
 .text.__malloc_lock
                0x08004e74        0x4 c:/program files/gnu tools arm embedded/4.9 2015q1/bin/../lib/gcc/arm-none-eabi/4.9.3/../../../../arm-none-eabi/lib/armv7-m\libg.a(lib_a-mlock.o)
                0x08004e74                __malloc_lock
 .text.__malloc_unlock
                0x08004e78        0x4 c:/program files/gnu tools arm embedded/4.9 2015q1/bin/../lib/gcc/arm-none-eabi/4.9.3/../../../../arm-none-eabi/lib/armv7-m\libg.a(lib_a-mlock.o)
                0x08004e78                __malloc_unlock
 .text._Balloc  0x08004e7c       0x50 c:/program files/gnu tools arm embedded/4.9 2015q1/bin/../lib/gcc/arm-none-eabi/4.9.3/../../../../arm-none-eabi/lib/armv7-m\libg.a(lib_a-mprec.o)
                0x08004e7c                _Balloc
 .text._Bfree   0x08004ecc       0x14 c:/program files/gnu tools arm embedded/4.9 2015q1/bin/../lib/gcc/arm-none-eabi/4.9.3/../../../../arm-none-eabi/lib/armv7-m\libg.a(lib_a-mprec.o)
                0x08004ecc                _Bfree
 .text.__multadd
                0x08004ee0       0x84 c:/program files/gnu tools arm embedded/4.9 2015q1/bin/../lib/gcc/arm-none-eabi/4.9.3/../../../../arm-none-eabi/lib/armv7-m\libg.a(lib_a-mprec.o)
                0x08004ee0                __multadd
 .text.__hi0bits
                0x08004f64       0x40 c:/program files/gnu tools arm embedded/4.9 2015q1/bin/../lib/gcc/arm-none-eabi/4.9.3/../../../../arm-none-eabi/lib/armv7-m\libg.a(lib_a-mprec.o)
                0x08004f64                __hi0bits
 .text.__lo0bits
                0x08004fa4       0x5c c:/program files/gnu tools arm embedded/4.9 2015q1/bin/../lib/gcc/arm-none-eabi/4.9.3/../../../../arm-none-eabi/lib/armv7-m\libg.a(lib_a-mprec.o)
                0x08004fa4                __lo0bits
 .text.__i2b    0x08005000       0x14 c:/program files/gnu tools arm embedded/4.9 2015q1/bin/../lib/gcc/arm-none-eabi/4.9.3/../../../../arm-none-eabi/lib/armv7-m\libg.a(lib_a-mprec.o)
                0x08005000                __i2b
 .text.__multiply
                0x08005014      0x140 c:/program files/gnu tools arm embedded/4.9 2015q1/bin/../lib/gcc/arm-none-eabi/4.9.3/../../../../arm-none-eabi/lib/armv7-m\libg.a(lib_a-mprec.o)
                0x08005014                __multiply
 .text.__pow5mult
                0x08005154       0xa0 c:/program files/gnu tools arm embedded/4.9 2015q1/bin/../lib/gcc/arm-none-eabi/4.9.3/../../../../arm-none-eabi/lib/armv7-m\libg.a(lib_a-mprec.o)
                0x08005154                __pow5mult
 .text.__lshift
                0x080051f4       0xb0 c:/program files/gnu tools arm embedded/4.9 2015q1/bin/../lib/gcc/arm-none-eabi/4.9.3/../../../../arm-none-eabi/lib/armv7-m\libg.a(lib_a-mprec.o)
                0x080051f4                __lshift
 .text.__mcmp   0x080052a4       0x48 c:/program files/gnu tools arm embedded/4.9 2015q1/bin/../lib/gcc/arm-none-eabi/4.9.3/../../../../arm-none-eabi/lib/armv7-m\libg.a(lib_a-mprec.o)
                0x080052a4                __mcmp
 .text.__mdiff  0x080052ec       0xe4 c:/program files/gnu tools arm embedded/4.9 2015q1/bin/../lib/gcc/arm-none-eabi/4.9.3/../../../../arm-none-eabi/lib/armv7-m\libg.a(lib_a-mprec.o)
                0x080052ec                __mdiff
 .text.__d2b    0x080053d0       0xa8 c:/program files/gnu tools arm embedded/4.9 2015q1/bin/../lib/gcc/arm-none-eabi/4.9.3/../../../../arm-none-eabi/lib/armv7-m\libg.a(lib_a-mprec.o)
                0x080053d0                __d2b
 .text.__fpclassifyd
                0x08005478       0x58 c:/program files/gnu tools arm embedded/4.9 2015q1/bin/../lib/gcc/arm-none-eabi/4.9.3/../../../../arm-none-eabi/lib/armv7-m\libg.a(lib_a-s_fpclassify.o)
                0x08005478                __fpclassifyd
 .text._sbrk_r  0x080054d0       0x24 c:/program files/gnu tools arm embedded/4.9 2015q1/bin/../lib/gcc/arm-none-eabi/4.9.3/../../../../arm-none-eabi/lib/armv7-m\libg.a(lib_a-sbrkr.o)
                0x080054d0                _sbrk_r
 .text.__sread  0x080054f4       0x24 c:/program files/gnu tools arm embedded/4.9 2015q1/bin/../lib/gcc/arm-none-eabi/4.9.3/../../../../arm-none-eabi/lib/armv7-m\libg.a(lib_a-stdio.o)
                0x080054f4                __sread
 .text.__swrite
                0x08005518       0x38 c:/program files/gnu tools arm embedded/4.9 2015q1/bin/../lib/gcc/arm-none-eabi/4.9.3/../../../../arm-none-eabi/lib/armv7-m\libg.a(lib_a-stdio.o)
                0x08005518                __swrite
 .text.__sseek  0x08005550       0x20 c:/program files/gnu tools arm embedded/4.9 2015q1/bin/../lib/gcc/arm-none-eabi/4.9.3/../../../../arm-none-eabi/lib/armv7-m\libg.a(lib_a-stdio.o)
                0x08005550                __sseek
 .text.__sclose
                0x08005570        0x8 c:/program files/gnu tools arm embedded/4.9 2015q1/bin/../lib/gcc/arm-none-eabi/4.9.3/../../../../arm-none-eabi/lib/armv7-m\libg.a(lib_a-stdio.o)
                0x08005570                __sclose
 .text.strlen   0x08005578       0x5c c:/program files/gnu tools arm embedded/4.9 2015q1/bin/../lib/gcc/arm-none-eabi/4.9.3/../../../../arm-none-eabi/lib/armv7-m\libg.a(lib_a-strlen.o)
                0x08005578                strlen
 .text.__sprint_r.part.0
                0x080055d4       0x78 c:/program files/gnu tools arm embedded/4.9 2015q1/bin/../lib/gcc/arm-none-eabi/4.9.3/../../../../arm-none-eabi/lib/armv7-m\libg.a(lib_a-vfiprintf.o)
 .text.__sprint_r
                0x0800564c       0x18 c:/program files/gnu tools arm embedded/4.9 2015q1/bin/../lib/gcc/arm-none-eabi/4.9.3/../../../../arm-none-eabi/lib/armv7-m\libg.a(lib_a-vfiprintf.o)
                0x0800564c                __sprint_r
 .text._write_r
                0x08005664       0x28 c:/program files/gnu tools arm embedded/4.9 2015q1/bin/../lib/gcc/arm-none-eabi/4.9.3/../../../../arm-none-eabi/lib/armv7-m\libg.a(lib_a-writer.o)
                0x08005664                _write_r
 .text._calloc_r
                0x0800568c       0x60 c:/program files/gnu tools arm embedded/4.9 2015q1/bin/../lib/gcc/arm-none-eabi/4.9.3/../../../../arm-none-eabi/lib/armv7-m\libg.a(lib_a-callocr.o)
                0x0800568c                _calloc_r
 .text._close_r
                0x080056ec       0x24 c:/program files/gnu tools arm embedded/4.9 2015q1/bin/../lib/gcc/arm-none-eabi/4.9.3/../../../../arm-none-eabi/lib/armv7-m\libg.a(lib_a-closer.o)
                0x080056ec                _close_r
 .text._fclose_r
                0x08005710       0x84 c:/program files/gnu tools arm embedded/4.9 2015q1/bin/../lib/gcc/arm-none-eabi/4.9.3/../../../../arm-none-eabi/lib/armv7-m\libg.a(lib_a-fclose.o)
                0x08005710                _fclose_r
 .text.__fputwc
                0x08005794       0xb0 c:/program files/gnu tools arm embedded/4.9 2015q1/bin/../lib/gcc/arm-none-eabi/4.9.3/../../../../arm-none-eabi/lib/armv7-m\libg.a(lib_a-fputwc.o)
                0x08005794                __fputwc
 .text._fputwc_r
                0x08005844       0x24 c:/program files/gnu tools arm embedded/4.9 2015q1/bin/../lib/gcc/arm-none-eabi/4.9.3/../../../../arm-none-eabi/lib/armv7-m\libg.a(lib_a-fputwc.o)
                0x08005844                _fputwc_r
 .text._fstat_r
                0x08005868       0x28 c:/program files/gnu tools arm embedded/4.9 2015q1/bin/../lib/gcc/arm-none-eabi/4.9.3/../../../../arm-none-eabi/lib/armv7-m\libg.a(lib_a-fstatr.o)
                0x08005868                _fstat_r
 .text.__sfvwrite_r
                0x08005890      0x320 c:/program files/gnu tools arm embedded/4.9 2015q1/bin/../lib/gcc/arm-none-eabi/4.9.3/../../../../arm-none-eabi/lib/armv7-m\libg.a(lib_a-fvwrite.o)
                0x08005890                __sfvwrite_r
 .text._isatty_r
                0x08005bb0       0x24 c:/program files/gnu tools arm embedded/4.9 2015q1/bin/../lib/gcc/arm-none-eabi/4.9.3/../../../../arm-none-eabi/lib/armv7-m\libg.a(lib_a-isattyr.o)
                0x08005bb0                _isatty_r
 .text._lseek_r
                0x08005bd4       0x28 c:/program files/gnu tools arm embedded/4.9 2015q1/bin/../lib/gcc/arm-none-eabi/4.9.3/../../../../arm-none-eabi/lib/armv7-m\libg.a(lib_a-lseekr.o)
                0x08005bd4                _lseek_r
 .text.memmove  0x08005bfc       0xc8 c:/program files/gnu tools arm embedded/4.9 2015q1/bin/../lib/gcc/arm-none-eabi/4.9.3/../../../../arm-none-eabi/lib/armv7-m\libg.a(lib_a-memmove.o)
                0x08005bfc                memmove
 .text._read_r  0x08005cc4       0x28 c:/program files/gnu tools arm embedded/4.9 2015q1/bin/../lib/gcc/arm-none-eabi/4.9.3/../../../../arm-none-eabi/lib/armv7-m\libg.a(lib_a-readr.o)
                0x08005cc4                _read_r
 .text._realloc_r
                0x08005cec      0x3e0 c:/program files/gnu tools arm embedded/4.9 2015q1/bin/../lib/gcc/arm-none-eabi/4.9.3/../../../../arm-none-eabi/lib/armv7-m\libg.a(lib_a-reallocr.o)
                0x08005cec                _realloc_r
 .text.__swbuf_r
                0x080060cc       0xa8 c:/program files/gnu tools arm embedded/4.9 2015q1/bin/../lib/gcc/arm-none-eabi/4.9.3/../../../../arm-none-eabi/lib/armv7-m\libg.a(lib_a-wbuf.o)
                0x080060cc                __swbuf_r
 .text._wcrtomb_r
                0x08006174       0x54 c:/program files/gnu tools arm embedded/4.9 2015q1/bin/../lib/gcc/arm-none-eabi/4.9.3/../../../../arm-none-eabi/lib/armv7-m\libg.a(lib_a-wcrtomb.o)
                0x08006174                _wcrtomb_r
 .text.__ascii_wctomb
                0x080061c8       0x1c c:/program files/gnu tools arm embedded/4.9 2015q1/bin/../lib/gcc/arm-none-eabi/4.9.3/../../../../arm-none-eabi/lib/armv7-m\libg.a(lib_a-wctomb_r.o)
                0x080061c8                __ascii_wctomb
 .text          0x080061e4      0x110 c:/program files/gnu tools arm embedded/4.9 2015q1/bin/../lib/gcc/arm-none-eabi/4.9.3/armv7-m\libgcc.a(_arm_cmpdf2.o)
                0x080061e4                __gtdf2
                0x080061e4                __gedf2
                0x080061ec                __ltdf2
                0x080061ec                __ledf2
                0x080061f4                __nedf2
                0x080061f4                __eqdf2
                0x080061f4                __cmpdf2
                0x08006270                __aeabi_cdrcmple
                0x08006280                __aeabi_cdcmpeq
                0x08006280                __aeabi_cdcmple
                0x08006290                __aeabi_dcmpeq
                0x080062a4                __aeabi_dcmplt
                0x080062b8                __aeabi_dcmple
                0x080062cc                __aeabi_dcmpge
                0x080062e0                __aeabi_dcmpgt
 .text          0x080062f4       0x50 c:/program files/gnu tools arm embedded/4.9 2015q1/bin/../lib/gcc/arm-none-eabi/4.9.3/armv7-m\libgcc.a(_arm_fixdfsi.o)
                0x080062f4                __aeabi_d2iz
                0x080062f4                __fixdfsi
 .text          0x08006344       0x30 c:/program files/gnu tools arm embedded/4.9 2015q1/bin/../lib/gcc/arm-none-eabi/4.9.3/armv7-m\libgcc.a(_aeabi_uldivmod.o)
                0x08006344                __aeabi_uldivmod
 .text          0x08006374       0x60 c:/program files/gnu tools arm embedded/4.9 2015q1/bin/../lib/gcc/arm-none-eabi/4.9.3/armv7-m\libgcc.a(bpabi.o)
                0x08006374                __gnu_ldivmod_helper
                0x080063a4                __gnu_uldivmod_helper
 .text          0x080063d4        0x4 c:/program files/gnu tools arm embedded/4.9 2015q1/bin/../lib/gcc/arm-none-eabi/4.9.3/armv7-m\libgcc.a(_dvmd_tls.o)
                0x080063d4                __aeabi_idiv0
                0x080063d4                __aeabi_ldiv0
 .text          0x080063d8      0x2ac c:/program files/gnu tools arm embedded/4.9 2015q1/bin/../lib/gcc/arm-none-eabi/4.9.3/armv7-m\libgcc.a(_divdi3.o)
                0x080063d8                __divdi3
 .text          0x08006684      0x270 c:/program files/gnu tools arm embedded/4.9 2015q1/bin/../lib/gcc/arm-none-eabi/4.9.3/armv7-m\libgcc.a(_udivdi3.o)
                0x08006684                __udivdi3
 *(.init)
 *(.fini)
 *crtbegin.o(.ctors)
 *crtbegin?.o(.ctors)
 *(EXCLUDE_FILE(*crtend.o *crtend?.o) .ctors)
 *(SORT(.ctors.*))
 *(.ctors)
 *crtbegin.o(.dtors)
 *crtbegin?.o(.dtors)
 *(EXCLUDE_FILE(*crtend.o *crtend?.o) .dtors)
 *(SORT(.dtors.*))
 *(.dtors)
 *(.rodata*)
 .rodata        0x080068f4       0x2c ..\obj\main.o
 .rodata.zeroes.6931
                0x08006920       0x10 c:/program files/gnu tools arm embedded/4.9 2015q1/bin/../lib/gcc/arm-none-eabi/4.9.3/../../../../arm-none-eabi/lib/armv7-m\libg.a(lib_a-vfprintf.o)
 .rodata.str1.4
                0x08006930       0x42 c:/program files/gnu tools arm embedded/4.9 2015q1/bin/../lib/gcc/arm-none-eabi/4.9.3/../../../../arm-none-eabi/lib/armv7-m\libg.a(lib_a-vfprintf.o)
                                 0x44 (size before relaxing)
 *fill*         0x08006972        0x2 
 .rodata.blanks.6930
                0x08006974       0x10 c:/program files/gnu tools arm embedded/4.9 2015q1/bin/../lib/gcc/arm-none-eabi/4.9.3/../../../../arm-none-eabi/lib/armv7-m\libg.a(lib_a-vfprintf.o)
 .rodata.str1.4
                0x08006984       0x10 c:/program files/gnu tools arm embedded/4.9 2015q1/bin/../lib/gcc/arm-none-eabi/4.9.3/../../../../arm-none-eabi/lib/armv7-m\libg.a(lib_a-dtoa.o)
                                 0x14 (size before relaxing)
 .rodata.str1.4
                0x08006994        0x2 c:/program files/gnu tools arm embedded/4.9 2015q1/bin/../lib/gcc/arm-none-eabi/4.9.3/../../../../arm-none-eabi/lib/armv7-m\libg.a(lib_a-impure.o)
                                  0x4 (size before relaxing)
 *fill*         0x08006996        0x2 
 .rodata.str1.4
                0x08006998        0xc c:/program files/gnu tools arm embedded/4.9 2015q1/bin/../lib/gcc/arm-none-eabi/4.9.3/../../../../arm-none-eabi/lib/armv7-m\libg.a(lib_a-locale.o)
                                 0x14 (size before relaxing)
 .rodata.p05.5296
                0x080069a4        0xc c:/program files/gnu tools arm embedded/4.9 2015q1/bin/../lib/gcc/arm-none-eabi/4.9.3/../../../../arm-none-eabi/lib/armv7-m\libg.a(lib_a-mprec.o)
 .rodata.__mprec_tens
                0x080069b0       0xc8 c:/program files/gnu tools arm embedded/4.9 2015q1/bin/../lib/gcc/arm-none-eabi/4.9.3/../../../../arm-none-eabi/lib/armv7-m\libg.a(lib_a-mprec.o)
                0x080069b0                __mprec_tens
 .rodata.__mprec_bigtens
                0x08006a78       0x28 c:/program files/gnu tools arm embedded/4.9 2015q1/bin/../lib/gcc/arm-none-eabi/4.9.3/../../../../arm-none-eabi/lib/armv7-m\libg.a(lib_a-mprec.o)
                0x08006a78                __mprec_bigtens
 *(.eh_fram e*)

.glue_7         0x08006aa0        0x0
 .glue_7        0x00000000        0x0 linker stubs

.glue_7t        0x08006aa0        0x0
 .glue_7t       0x00000000        0x0 linker stubs

.vfp11_veneer   0x08006aa0        0x0
 .vfp11_veneer  0x00000000        0x0 linker stubs

.v4_bx          0x08006aa0        0x0
 .v4_bx         0x00000000        0x0 linker stubs

.iplt           0x08006aa0        0x0
 .iplt          0x00000000        0x0 ..\obj\stm32f10x_tim.o

.ARM.extab
 *(.ARM.extab* .gnu.linkonce.armextab.*)
                0x08006aa0                __exidx_start = .

.ARM.exidx      0x08006aa0        0x8
 *(.ARM.exidx* .gnu.linkonce.armexidx.*)
 .ARM.exidx     0x08006aa0        0x8 c:/program files/gnu tools arm embedded/4.9 2015q1/bin/../lib/gcc/arm-none-eabi/4.9.3/armv7-m\libgcc.a(_divdi3.o)
 .ARM.exidx     0x08006aa8        0x0 c:/program files/gnu tools arm embedded/4.9 2015q1/bin/../lib/gcc/arm-none-eabi/4.9.3/armv7-m\libgcc.a(_udivdi3.o)
                                  0x8 (size before relaxing)
                0x08006aa8                __exidx_end = .
                0x08006aa8                __etext = .
                0x08006aa8                _sidata = __etext

.rel.dyn        0x08006aa8        0x0
 .rel.iplt      0x00000000        0x0 ..\obj\stm32f10x_tim.o

.data           0x20000000      0x8b4 load address 0x08006aa8
                0x20000000                __data_start__ = .
                0x20000000                _sdata = __data_start__
 *(vtable)
 *(.data*)
 .data          0x20000000       0x14 ..\obj\stm32f10x_rcc.o
 *fill*         0x20000014        0x4 
 .data.impure_data
                0x20000018      0x428 c:/program files/gnu tools arm embedded/4.9 2015q1/bin/../lib/gcc/arm-none-eabi/4.9.3/../../../../arm-none-eabi/lib/armv7-m\libg.a(lib_a-impure.o)
 .data._impure_ptr
                0x20000440        0x4 c:/program files/gnu tools arm embedded/4.9 2015q1/bin/../lib/gcc/arm-none-eabi/4.9.3/../../../../arm-none-eabi/lib/armv7-m\libg.a(lib_a-impure.o)
                0x20000440                _impure_ptr
 .data.lconv    0x20000444       0x38 c:/program files/gnu tools arm embedded/4.9 2015q1/bin/../lib/gcc/arm-none-eabi/4.9.3/../../../../arm-none-eabi/lib/armv7-m\libg.a(lib_a-locale.o)
 .data.lc_ctype_charset
                0x2000047c       0x20 c:/program files/gnu tools arm embedded/4.9 2015q1/bin/../lib/gcc/arm-none-eabi/4.9.3/../../../../arm-none-eabi/lib/armv7-m\libg.a(lib_a-locale.o)
 .data.__mb_cur_max
                0x2000049c        0x4 c:/program files/gnu tools arm embedded/4.9 2015q1/bin/../lib/gcc/arm-none-eabi/4.9.3/../../../../arm-none-eabi/lib/armv7-m\libg.a(lib_a-locale.o)
                0x2000049c                __mb_cur_max
 .data.__malloc_av_
                0x200004a0      0x408 c:/program files/gnu tools arm embedded/4.9 2015q1/bin/../lib/gcc/arm-none-eabi/4.9.3/../../../../arm-none-eabi/lib/armv7-m\libg.a(lib_a-mallocr.o)
                0x200004a0                __malloc_av_
 .data.__malloc_trim_threshold
                0x200008a8        0x4 c:/program files/gnu tools arm embedded/4.9 2015q1/bin/../lib/gcc/arm-none-eabi/4.9.3/../../../../arm-none-eabi/lib/armv7-m\libg.a(lib_a-mallocr.o)
                0x200008a8                __malloc_trim_threshold
 .data.__malloc_sbrk_base
                0x200008ac        0x4 c:/program files/gnu tools arm embedded/4.9 2015q1/bin/../lib/gcc/arm-none-eabi/4.9.3/../../../../arm-none-eabi/lib/armv7-m\libg.a(lib_a-mallocr.o)
                0x200008ac                __malloc_sbrk_base
 .data.__wctomb
                0x200008b0        0x4 c:/program files/gnu tools arm embedded/4.9 2015q1/bin/../lib/gcc/arm-none-eabi/4.9.3/../../../../arm-none-eabi/lib/armv7-m\libg.a(lib_a-wctomb_r.o)
                0x200008b0                __wctomb
                0x200008b4                . = ALIGN (0x4)
                0x200008b4                PROVIDE (__preinit_array_start, .)
 *(.preinit_array)
                0x200008b4                PROVIDE (__preinit_array_end, .)
                0x200008b4                . = ALIGN (0x4)
                0x200008b4                PROVIDE (__init_array_start, .)
 *(SORT(.init_array.*))
 *(.init_array)
                0x200008b4                PROVIDE (__init_array_end, .)
                0x200008b4                . = ALIGN (0x4)
                0x200008b4                PROVIDE (__fini_array_start, .)
 *(SORT(.fini_array.*))
 *(.fini_array)
                0x200008b4                PROVIDE (__fini_array_end, .)
 *(.jcr*)
                0x200008b4                . = ALIGN (0x4)
                0x200008b4                __data_end__ = .
                0x200008b4                _edata = __data_end__

.igot.plt       0x200008b4        0x0 load address 0x0800735c
 .igot.plt      0x00000000        0x0 ..\obj\stm32f10x_tim.o

.bss            0x200008b4       0x58 load address 0x0800735c
                0x200008b4                . = ALIGN (0x4)
                0x200008b4                __bss_start__ = .
                0x200008b4                _sbss = __bss_start__
 *(.bss*)
 .bss           0x200008b4        0x4 ..\obj\syscalls.o
 .bss.__malloc_max_total_mem
                0x200008b8        0x4 c:/program files/gnu tools arm embedded/4.9 2015q1/bin/../lib/gcc/arm-none-eabi/4.9.3/../../../../arm-none-eabi/lib/armv7-m\libg.a(lib_a-mallocr.o)
                0x200008b8                __malloc_max_total_mem
 .bss.__malloc_max_sbrked_mem
                0x200008bc        0x4 c:/program files/gnu tools arm embedded/4.9 2015q1/bin/../lib/gcc/arm-none-eabi/4.9.3/../../../../arm-none-eabi/lib/armv7-m\libg.a(lib_a-mallocr.o)
                0x200008bc                __malloc_max_sbrked_mem
 .bss.__malloc_top_pad
                0x200008c0        0x4 c:/program files/gnu tools arm embedded/4.9 2015q1/bin/../lib/gcc/arm-none-eabi/4.9.3/../../../../arm-none-eabi/lib/armv7-m\libg.a(lib_a-mallocr.o)
                0x200008c0                __malloc_top_pad
 .bss.__malloc_current_mallinfo
                0x200008c4       0x28 c:/program files/gnu tools arm embedded/4.9 2015q1/bin/../lib/gcc/arm-none-eabi/4.9.3/../../../../arm-none-eabi/lib/armv7-m\libg.a(lib_a-mallocr.o)
                0x200008c4                __malloc_current_mallinfo
 *(COMMON)
 COMMON         0x200008ec       0x14 ..\obj\main.o
                0x200008ec                GPIO_InitStruct
                0x200008f0                I2C_InitStruct
 COMMON         0x20000900        0x4 ..\obj\GPIOHYSTM32.o
                0x20000900                GPIO_InitStructure
 COMMON         0x20000904        0x4 ..\obj\systick.o
                0x20000904                TimmingDelay
 COMMON         0x20000908        0x4 c:/program files/gnu tools arm embedded/4.9 2015q1/bin/../lib/gcc/arm-none-eabi/4.9.3/../../../../arm-none-eabi/lib/armv7-m\libg.a(lib_a-reent.o)
                0x20000908                errno
                0x2000090c                . = ALIGN (0x4)
                0x2000090c                __bss_end__ = .
                0x2000090c                _ebss = __bss_end__

.heap           0x2000090c        0x0
                0x2000090c                __end__ = .
                0x2000090c                _end = __end__
                0x2000090c                end = __end__
 *(.heap*)
                0x2000090c                __HeapLimit = .

.co_stack       0x2000090c      0x404 load address 0x080073b4
                0x20000910                . = ALIGN (0x8)
 *fill*         0x2000090c        0x4 
 *(.co_stack .co_stack.*)
 .co_stack      0x20000910      0x400 ..\obj\startup_stm32f10x_hd.o
                0x20000910                pulStack
                0x20010000                __StackTop = (ORIGIN (ram) + 0x10000)
                0x2000fbfc                __StackLimit = (__StackTop - SIZEOF (.co_stack))
                0x20010000                PROVIDE (__stack, __StackTop)
                0x00000001                ASSERT ((__StackLimit >= __HeapLimit), region ram  overflowed with stack)
LOAD ..\obj\spi.o
LOAD ..\obj\stm32f10x_tim.o
LOAD ..\obj\i2c.o
LOAD ..\obj\system_stm32f10x.o
LOAD ..\obj\startup_stm32f10x_hd.o
LOAD ..\obj\stm32f10x_gpio.o
LOAD ..\obj\main.o
LOAD ..\obj\stm32f10x_rcc.o
LOAD ..\obj\stm32f10x_adc.o
LOAD ..\obj\stm32f10x_usart.o
LOAD ..\obj\mpu6050.o
LOAD ..\obj\syscalls.o
LOAD ..\obj\adc.o
LOAD ..\obj\misc.o
LOAD ..\obj\GPIOHYSTM32.o
LOAD ..\obj\systick.o
LOAD ..\obj\stm32f10x_i2c.o
LOAD ..\obj\usart.o
START GROUP
LOAD c:/program files/gnu tools arm embedded/4.9 2015q1/bin/../lib/gcc/arm-none-eabi/4.9.3/armv7-m\libgcc.a
LOAD c:/program files/gnu tools arm embedded/4.9 2015q1/bin/../lib/gcc/arm-none-eabi/4.9.3/../../../../arm-none-eabi/lib/armv7-m\libg.a
LOAD c:/program files/gnu tools arm embedded/4.9 2015q1/bin/../lib/gcc/arm-none-eabi/4.9.3/../../../../arm-none-eabi/lib/armv7-m\libc.a
END GROUP
OUTPUT(ARM32F103.elf elf32-littlearm)

.debug_info     0x00000000     0x47ee
 .debug_info    0x00000000      0x2fa ..\obj\i2c.o
 .debug_info    0x000002fa      0x479 ..\obj\system_stm32f10x.o
 .debug_info    0x00000773       0xe9 ..\obj\startup_stm32f10x_hd.o
 .debug_info    0x0000085c      0x6e7 ..\obj\stm32f10x_gpio.o
 .debug_info    0x00000f43      0x56e ..\obj\main.o
 .debug_info    0x000014b1      0x88d ..\obj\stm32f10x_rcc.o
 .debug_info    0x00001d3e      0x9e8 ..\obj\stm32f10x_usart.o
 .debug_info    0x00002726      0x1ed ..\obj\mpu6050.o
 .debug_info    0x00002913      0x533 ..\obj\syscalls.o
 .debug_info    0x00002e46      0x213 ..\obj\GPIOHYSTM32.o
 .debug_info    0x00003059      0x649 ..\obj\systick.o
 .debug_info    0x000036a2      0xb00 ..\obj\stm32f10x_i2c.o
 .debug_info    0x000041a2      0x64c ..\obj\usart.o

.debug_abbrev   0x00000000     0x1084
 .debug_abbrev  0x00000000       0xf8 ..\obj\i2c.o
 .debug_abbrev  0x000000f8      0x14c ..\obj\system_stm32f10x.o
 .debug_abbrev  0x00000244       0xa7 ..\obj\startup_stm32f10x_hd.o
 .debug_abbrev  0x000002eb      0x1c8 ..\obj\stm32f10x_gpio.o
 .debug_abbrev  0x000004b3      0x161 ..\obj\main.o
 .debug_abbrev  0x00000614      0x1ba ..\obj\stm32f10x_rcc.o
 .debug_abbrev  0x000007ce      0x162 ..\obj\stm32f10x_usart.o
 .debug_abbrev  0x00000930       0x9d ..\obj\mpu6050.o
 .debug_abbrev  0x000009cd      0x17c ..\obj\syscalls.o
 .debug_abbrev  0x00000b49       0xed ..\obj\GPIOHYSTM32.o
 .debug_abbrev  0x00000c36      0x1a4 ..\obj\systick.o
 .debug_abbrev  0x00000dda      0x164 ..\obj\stm32f10x_i2c.o
 .debug_abbrev  0x00000f3e      0x146 ..\obj\usart.o

.debug_aranges  0x00000000      0x5c8
 .debug_aranges
                0x00000000       0x40 ..\obj\i2c.o
 .debug_aranges
                0x00000040       0x38 ..\obj\system_stm32f10x.o
 .debug_aranges
                0x00000078       0x28 ..\obj\startup_stm32f10x_hd.o
 .debug_aranges
                0x000000a0       0xa8 ..\obj\stm32f10x_gpio.o
 .debug_aranges
                0x00000148       0x28 ..\obj\main.o
 .debug_aranges
                0x00000170      0x118 ..\obj\stm32f10x_rcc.o
 .debug_aranges
                0x00000288      0x100 ..\obj\stm32f10x_usart.o
 .debug_aranges
                0x00000388       0x20 ..\obj\mpu6050.o
 .debug_aranges
                0x000003a8       0x60 ..\obj\syscalls.o
 .debug_aranges
                0x00000408       0x20 ..\obj\GPIOHYSTM32.o
 .debug_aranges
                0x00000428       0x40 ..\obj\systick.o
 .debug_aranges
                0x00000468      0x120 ..\obj\stm32f10x_i2c.o
 .debug_aranges
                0x00000588       0x40 ..\obj\usart.o

.debug_ranges   0x00000000      0x4f8
 .debug_ranges  0x00000000       0x30 ..\obj\i2c.o
 .debug_ranges  0x00000030       0x28 ..\obj\system_stm32f10x.o
 .debug_ranges  0x00000058       0x18 ..\obj\startup_stm32f10x_hd.o
 .debug_ranges  0x00000070       0x98 ..\obj\stm32f10x_gpio.o
 .debug_ranges  0x00000108       0x18 ..\obj\main.o
 .debug_ranges  0x00000120      0x108 ..\obj\stm32f10x_rcc.o
 .debug_ranges  0x00000228       0xf0 ..\obj\stm32f10x_usart.o
 .debug_ranges  0x00000318       0x10 ..\obj\mpu6050.o
 .debug_ranges  0x00000328       0x50 ..\obj\syscalls.o
 .debug_ranges  0x00000378       0x10 ..\obj\GPIOHYSTM32.o
 .debug_ranges  0x00000388       0x30 ..\obj\systick.o
 .debug_ranges  0x000003b8      0x110 ..\obj\stm32f10x_i2c.o
 .debug_ranges  0x000004c8       0x30 ..\obj\usart.o

.debug_line     0x00000000     0x2d4d
 .debug_line    0x00000000      0x2cc ..\obj\i2c.o
 .debug_line    0x000002cc      0x27f ..\obj\system_stm32f10x.o
 .debug_line    0x0000054b       0xdc ..\obj\startup_stm32f10x_hd.o
 .debug_line    0x00000627      0x48b ..\obj\stm32f10x_gpio.o
 .debug_line    0x00000ab2      0x364 ..\obj\main.o
 .debug_line    0x00000e16      0x598 ..\obj\stm32f10x_rcc.o
 .debug_line    0x000013ae      0x56e ..\obj\stm32f10x_usart.o
 .debug_line    0x0000191c      0x24b ..\obj\mpu6050.o
 .debug_line    0x00001b67      0x35f ..\obj\syscalls.o
 .debug_line    0x00001ec6      0x2d1 ..\obj\GPIOHYSTM32.o
 .debug_line    0x00002197      0x2c1 ..\obj\systick.o
 .debug_line    0x00002458      0x5ab ..\obj\stm32f10x_i2c.o
 .debug_line    0x00002a03      0x34a ..\obj\usart.o

.debug_str      0x00000000     0x1f0e
 .debug_str     0x00000000      0x24f ..\obj\i2c.o
                                0x2aa (size before relaxing)
 .debug_str     0x0000024f      0x1ac ..\obj\system_stm32f10x.o
                                0x331 (size before relaxing)
 .debug_str     0x000003fb       0xea ..\obj\startup_stm32f10x_hd.o
                                0x181 (size before relaxing)
 .debug_str     0x000004e5      0x3e0 ..\obj\stm32f10x_gpio.o
                                0x55b (size before relaxing)
 .debug_str     0x000008c5      0x1a5 ..\obj\main.o
                                0x4c6 (size before relaxing)
 .debug_str     0x00000a6a      0x422 ..\obj\stm32f10x_rcc.o
                                0x65c (size before relaxing)
 .debug_str     0x00000e8c      0x456 ..\obj\stm32f10x_usart.o
                                0x6d2 (size before relaxing)
 .debug_str     0x000012e2       0x80 ..\obj\mpu6050.o
                                0x258 (size before relaxing)
 .debug_str     0x00001362      0x19c ..\obj\syscalls.o
                                0x3eb (size before relaxing)
 .debug_str     0x000014fe       0x98 ..\obj\GPIOHYSTM32.o
                                0x314 (size before relaxing)
 .debug_str     0x00001596      0x4ca ..\obj\systick.o
                                0x6be (size before relaxing)
 .debug_str     0x00001a60      0x372 ..\obj\stm32f10x_i2c.o
                                0x6a8 (size before relaxing)
 .debug_str     0x00001dd2      0x13c ..\obj\usart.o
                                0x898 (size before relaxing)

.comment        0x00000000       0x70
 .comment       0x00000000       0x70 ..\obj\i2c.o
                                 0x71 (size before relaxing)
 .comment       0x00000000       0x71 ..\obj\system_stm32f10x.o
 .comment       0x00000000       0x71 ..\obj\startup_stm32f10x_hd.o
 .comment       0x00000000       0x71 ..\obj\stm32f10x_gpio.o
 .comment       0x00000000       0x71 ..\obj\main.o
 .comment       0x00000000       0x71 ..\obj\stm32f10x_rcc.o
 .comment       0x00000000       0x71 ..\obj\stm32f10x_usart.o
 .comment       0x00000000       0x71 ..\obj\mpu6050.o
 .comment       0x00000000       0x71 ..\obj\syscalls.o
 .comment       0x00000000       0x71 ..\obj\GPIOHYSTM32.o
 .comment       0x00000000       0x71 ..\obj\systick.o
 .comment       0x00000000       0x71 ..\obj\stm32f10x_i2c.o
 .comment       0x00000000       0x71 ..\obj\usart.o

.ARM.attributes
                0x00000000       0x31
 .ARM.attributes
                0x00000000       0x33 ..\obj\i2c.o
 .ARM.attributes
                0x00000033       0x33 ..\obj\system_stm32f10x.o
 .ARM.attributes
                0x00000066       0x33 ..\obj\startup_stm32f10x_hd.o
 .ARM.attributes
                0x00000099       0x33 ..\obj\stm32f10x_gpio.o
 .ARM.attributes
                0x000000cc       0x33 ..\obj\main.o
 .ARM.attributes
                0x000000ff       0x33 ..\obj\stm32f10x_rcc.o
 .ARM.attributes
                0x00000132       0x33 ..\obj\stm32f10x_usart.o
 .ARM.attributes
                0x00000165       0x33 ..\obj\mpu6050.o
 .ARM.attributes
                0x00000198       0x33 ..\obj\syscalls.o
 .ARM.attributes
                0x000001cb       0x33 ..\obj\GPIOHYSTM32.o
 .ARM.attributes
                0x000001fe       0x33 ..\obj\systick.o
 .ARM.attributes
                0x00000231       0x33 ..\obj\stm32f10x_i2c.o
 .ARM.attributes
                0x00000264       0x33 ..\obj\usart.o
 .ARM.attributes
                0x00000297       0x1d c:/program files/gnu tools arm embedded/4.9 2015q1/bin/../lib/gcc/arm-none-eabi/4.9.3/armv7-m\libgcc.a(_arm_addsubdf3.o)
 .ARM.attributes
                0x000002b4       0x1d c:/program files/gnu tools arm embedded/4.9 2015q1/bin/../lib/gcc/arm-none-eabi/4.9.3/armv7-m\libgcc.a(_arm_muldivdf3.o)
 .ARM.attributes
                0x000002d1       0x2d c:/program files/gnu tools arm embedded/4.9 2015q1/bin/../lib/gcc/arm-none-eabi/4.9.3/../../../../arm-none-eabi/lib/armv7-m\libg.a(lib_a-printf.o)
 .ARM.attributes
                0x000002fe       0x2d c:/program files/gnu tools arm embedded/4.9 2015q1/bin/../lib/gcc/arm-none-eabi/4.9.3/../../../../arm-none-eabi/lib/armv7-m\libg.a(lib_a-vfprintf.o)
 .ARM.attributes
                0x0000032b       0x2d c:/program files/gnu tools arm embedded/4.9 2015q1/bin/../lib/gcc/arm-none-eabi/4.9.3/../../../../arm-none-eabi/lib/armv7-m\libg.a(lib_a-wsetup.o)
 .ARM.attributes
                0x00000358       0x2d c:/program files/gnu tools arm embedded/4.9 2015q1/bin/../lib/gcc/arm-none-eabi/4.9.3/../../../../arm-none-eabi/lib/armv7-m\libg.a(lib_a-dtoa.o)
 .ARM.attributes
                0x00000385       0x2d c:/program files/gnu tools arm embedded/4.9 2015q1/bin/../lib/gcc/arm-none-eabi/4.9.3/../../../../arm-none-eabi/lib/armv7-m\libg.a(lib_a-fflush.o)
 .ARM.attributes
                0x000003b2       0x2d c:/program files/gnu tools arm embedded/4.9 2015q1/bin/../lib/gcc/arm-none-eabi/4.9.3/../../../../arm-none-eabi/lib/armv7-m\libg.a(lib_a-findfp.o)
 .ARM.attributes
                0x000003df       0x2d c:/program files/gnu tools arm embedded/4.9 2015q1/bin/../lib/gcc/arm-none-eabi/4.9.3/../../../../arm-none-eabi/lib/armv7-m\libg.a(lib_a-freer.o)
 .ARM.attributes
                0x0000040c       0x2d c:/program files/gnu tools arm embedded/4.9 2015q1/bin/../lib/gcc/arm-none-eabi/4.9.3/../../../../arm-none-eabi/lib/armv7-m\libg.a(lib_a-fwalk.o)
 .ARM.attributes
                0x00000439       0x2d c:/program files/gnu tools arm embedded/4.9 2015q1/bin/../lib/gcc/arm-none-eabi/4.9.3/../../../../arm-none-eabi/lib/armv7-m\libg.a(lib_a-impure.o)
 .ARM.attributes
                0x00000466       0x2d c:/program files/gnu tools arm embedded/4.9 2015q1/bin/../lib/gcc/arm-none-eabi/4.9.3/../../../../arm-none-eabi/lib/armv7-m\libg.a(lib_a-locale.o)
 .ARM.attributes
                0x00000493       0x2d c:/program files/gnu tools arm embedded/4.9 2015q1/bin/../lib/gcc/arm-none-eabi/4.9.3/../../../../arm-none-eabi/lib/armv7-m\libg.a(lib_a-makebuf.o)
 .ARM.attributes
                0x000004c0       0x2d c:/program files/gnu tools arm embedded/4.9 2015q1/bin/../lib/gcc/arm-none-eabi/4.9.3/../../../../arm-none-eabi/lib/armv7-m\libg.a(lib_a-mallocr.o)
 .ARM.attributes
                0x000004ed       0x2d c:/program files/gnu tools arm embedded/4.9 2015q1/bin/../lib/gcc/arm-none-eabi/4.9.3/../../../../arm-none-eabi/lib/armv7-m\libg.a(lib_a-memchr.o)
 .ARM.attributes
                0x0000051a       0x1b c:/program files/gnu tools arm embedded/4.9 2015q1/bin/../lib/gcc/arm-none-eabi/4.9.3/../../../../arm-none-eabi/lib/armv7-m\libg.a(lib_a-memcpy.o)
 .ARM.attributes
                0x00000535       0x2d c:/program files/gnu tools arm embedded/4.9 2015q1/bin/../lib/gcc/arm-none-eabi/4.9.3/../../../../arm-none-eabi/lib/armv7-m\libg.a(lib_a-memset.o)
 .ARM.attributes
                0x00000562       0x2d c:/program files/gnu tools arm embedded/4.9 2015q1/bin/../lib/gcc/arm-none-eabi/4.9.3/../../../../arm-none-eabi/lib/armv7-m\libg.a(lib_a-mlock.o)
 .ARM.attributes
                0x0000058f       0x2d c:/program files/gnu tools arm embedded/4.9 2015q1/bin/../lib/gcc/arm-none-eabi/4.9.3/../../../../arm-none-eabi/lib/armv7-m\libg.a(lib_a-mprec.o)
 .ARM.attributes
                0x000005bc       0x2d c:/program files/gnu tools arm embedded/4.9 2015q1/bin/../lib/gcc/arm-none-eabi/4.9.3/../../../../arm-none-eabi/lib/armv7-m\libg.a(lib_a-s_fpclassify.o)
 .ARM.attributes
                0x000005e9       0x2d c:/program files/gnu tools arm embedded/4.9 2015q1/bin/../lib/gcc/arm-none-eabi/4.9.3/../../../../arm-none-eabi/lib/armv7-m\libg.a(lib_a-sbrkr.o)
 .ARM.attributes
                0x00000616       0x2d c:/program files/gnu tools arm embedded/4.9 2015q1/bin/../lib/gcc/arm-none-eabi/4.9.3/../../../../arm-none-eabi/lib/armv7-m\libg.a(lib_a-stdio.o)
 .ARM.attributes
                0x00000643       0x2d c:/program files/gnu tools arm embedded/4.9 2015q1/bin/../lib/gcc/arm-none-eabi/4.9.3/../../../../arm-none-eabi/lib/armv7-m\libg.a(lib_a-strlen.o)
 .ARM.attributes
                0x00000670       0x2d c:/program files/gnu tools arm embedded/4.9 2015q1/bin/../lib/gcc/arm-none-eabi/4.9.3/../../../../arm-none-eabi/lib/armv7-m\libg.a(lib_a-vfiprintf.o)
 .ARM.attributes
                0x0000069d       0x2d c:/program files/gnu tools arm embedded/4.9 2015q1/bin/../lib/gcc/arm-none-eabi/4.9.3/../../../../arm-none-eabi/lib/armv7-m\libg.a(lib_a-writer.o)
 .ARM.attributes
                0x000006ca       0x2d c:/program files/gnu tools arm embedded/4.9 2015q1/bin/../lib/gcc/arm-none-eabi/4.9.3/../../../../arm-none-eabi/lib/armv7-m\libg.a(lib_a-callocr.o)
 .ARM.attributes
                0x000006f7       0x2d c:/program files/gnu tools arm embedded/4.9 2015q1/bin/../lib/gcc/arm-none-eabi/4.9.3/../../../../arm-none-eabi/lib/armv7-m\libg.a(lib_a-closer.o)
 .ARM.attributes
                0x00000724       0x2d c:/program files/gnu tools arm embedded/4.9 2015q1/bin/../lib/gcc/arm-none-eabi/4.9.3/../../../../arm-none-eabi/lib/armv7-m\libg.a(lib_a-fclose.o)
 .ARM.attributes
                0x00000751       0x2d c:/program files/gnu tools arm embedded/4.9 2015q1/bin/../lib/gcc/arm-none-eabi/4.9.3/../../../../arm-none-eabi/lib/armv7-m\libg.a(lib_a-fputwc.o)
 .ARM.attributes
                0x0000077e       0x2d c:/program files/gnu tools arm embedded/4.9 2015q1/bin/../lib/gcc/arm-none-eabi/4.9.3/../../../../arm-none-eabi/lib/armv7-m\libg.a(lib_a-fstatr.o)
 .ARM.attributes
                0x000007ab       0x2d c:/program files/gnu tools arm embedded/4.9 2015q1/bin/../lib/gcc/arm-none-eabi/4.9.3/../../../../arm-none-eabi/lib/armv7-m\libg.a(lib_a-fvwrite.o)
 .ARM.attributes
                0x000007d8       0x2d c:/program files/gnu tools arm embedded/4.9 2015q1/bin/../lib/gcc/arm-none-eabi/4.9.3/../../../../arm-none-eabi/lib/armv7-m\libg.a(lib_a-isattyr.o)
 .ARM.attributes
                0x00000805       0x2d c:/program files/gnu tools arm embedded/4.9 2015q1/bin/../lib/gcc/arm-none-eabi/4.9.3/../../../../arm-none-eabi/lib/armv7-m\libg.a(lib_a-lseekr.o)
 .ARM.attributes
                0x00000832       0x2d c:/program files/gnu tools arm embedded/4.9 2015q1/bin/../lib/gcc/arm-none-eabi/4.9.3/../../../../arm-none-eabi/lib/armv7-m\libg.a(lib_a-memmove.o)
 .ARM.attributes
                0x0000085f       0x2d c:/program files/gnu tools arm embedded/4.9 2015q1/bin/../lib/gcc/arm-none-eabi/4.9.3/../../../../arm-none-eabi/lib/armv7-m\libg.a(lib_a-readr.o)
 .ARM.attributes
                0x0000088c       0x2d c:/program files/gnu tools arm embedded/4.9 2015q1/bin/../lib/gcc/arm-none-eabi/4.9.3/../../../../arm-none-eabi/lib/armv7-m\libg.a(lib_a-reallocr.o)
 .ARM.attributes
                0x000008b9       0x2d c:/program files/gnu tools arm embedded/4.9 2015q1/bin/../lib/gcc/arm-none-eabi/4.9.3/../../../../arm-none-eabi/lib/armv7-m\libg.a(lib_a-reent.o)
 .ARM.attributes
                0x000008e6       0x2d c:/program files/gnu tools arm embedded/4.9 2015q1/bin/../lib/gcc/arm-none-eabi/4.9.3/../../../../arm-none-eabi/lib/armv7-m\libg.a(lib_a-wbuf.o)
 .ARM.attributes
                0x00000913       0x2d c:/program files/gnu tools arm embedded/4.9 2015q1/bin/../lib/gcc/arm-none-eabi/4.9.3/../../../../arm-none-eabi/lib/armv7-m\libg.a(lib_a-wcrtomb.o)
 .ARM.attributes
                0x00000940       0x2d c:/program files/gnu tools arm embedded/4.9 2015q1/bin/../lib/gcc/arm-none-eabi/4.9.3/../../../../arm-none-eabi/lib/armv7-m\libg.a(lib_a-wctomb_r.o)
 .ARM.attributes
                0x0000096d       0x1d c:/program files/gnu tools arm embedded/4.9 2015q1/bin/../lib/gcc/arm-none-eabi/4.9.3/armv7-m\libgcc.a(_arm_cmpdf2.o)
 .ARM.attributes
                0x0000098a       0x1d c:/program files/gnu tools arm embedded/4.9 2015q1/bin/../lib/gcc/arm-none-eabi/4.9.3/armv7-m\libgcc.a(_arm_fixdfsi.o)
 .ARM.attributes
                0x000009a7       0x1d c:/program files/gnu tools arm embedded/4.9 2015q1/bin/../lib/gcc/arm-none-eabi/4.9.3/armv7-m\libgcc.a(_aeabi_uldivmod.o)
 .ARM.attributes
                0x000009c4       0x2d c:/program files/gnu tools arm embedded/4.9 2015q1/bin/../lib/gcc/arm-none-eabi/4.9.3/armv7-m\libgcc.a(bpabi.o)
 .ARM.attributes
                0x000009f1       0x1d c:/program files/gnu tools arm embedded/4.9 2015q1/bin/../lib/gcc/arm-none-eabi/4.9.3/armv7-m\libgcc.a(_dvmd_tls.o)
 .ARM.attributes
                0x00000a0e       0x2d c:/program files/gnu tools arm embedded/4.9 2015q1/bin/../lib/gcc/arm-none-eabi/4.9.3/armv7-m\libgcc.a(_divdi3.o)
 .ARM.attributes
                0x00000a3b       0x2d c:/program files/gnu tools arm embedded/4.9 2015q1/bin/../lib/gcc/arm-none-eabi/4.9.3/armv7-m\libgcc.a(_udivdi3.o)

.debug_frame    0x00000000     0x25fc
 .debug_frame   0x00000000       0xc4 ..\obj\i2c.o
 .debug_frame   0x000000c4       0x98 ..\obj\system_stm32f10x.o
 .debug_frame   0x0000015c       0x4c ..\obj\startup_stm32f10x_hd.o
 .debug_frame   0x000001a8      0x2d0 ..\obj\stm32f10x_gpio.o
 .debug_frame   0x00000478       0x58 ..\obj\main.o
 .debug_frame   0x000004d0      0x4f4 ..\obj\stm32f10x_rcc.o
 .debug_frame   0x000009c4      0x490 ..\obj\stm32f10x_usart.o
 .debug_frame   0x00000e54       0x2c ..\obj\mpu6050.o
 .debug_frame   0x00000e80      0x164 ..\obj\syscalls.o
 .debug_frame   0x00000fe4       0x2c ..\obj\GPIOHYSTM32.o
 .debug_frame   0x00001010       0xc0 ..\obj\systick.o
 .debug_frame   0x000010d0      0x530 ..\obj\stm32f10x_i2c.o
 .debug_frame   0x00001600       0xc4 ..\obj\usart.o
 .debug_frame   0x000016c4       0x78 c:/program files/gnu tools arm embedded/4.9 2015q1/bin/../lib/gcc/arm-none-eabi/4.9.3/../../../../arm-none-eabi/lib/armv7-m\libg.a(lib_a-printf.o)
 .debug_frame   0x0000173c       0x90 c:/program files/gnu tools arm embedded/4.9 2015q1/bin/../lib/gcc/arm-none-eabi/4.9.3/../../../../arm-none-eabi/lib/armv7-m\libg.a(lib_a-vfprintf.o)
 .debug_frame   0x000017cc       0x2c c:/program files/gnu tools arm embedded/4.9 2015q1/bin/../lib/gcc/arm-none-eabi/4.9.3/../../../../arm-none-eabi/lib/armv7-m\libg.a(lib_a-wsetup.o)
 .debug_frame   0x000017f8       0x84 c:/program files/gnu tools arm embedded/4.9 2015q1/bin/../lib/gcc/arm-none-eabi/4.9.3/../../../../arm-none-eabi/lib/armv7-m\libg.a(lib_a-dtoa.o)
 .debug_frame   0x0000187c       0x6c c:/program files/gnu tools arm embedded/4.9 2015q1/bin/../lib/gcc/arm-none-eabi/4.9.3/../../../../arm-none-eabi/lib/armv7-m\libg.a(lib_a-fflush.o)
 .debug_frame   0x000018e8      0x124 c:/program files/gnu tools arm embedded/4.9 2015q1/bin/../lib/gcc/arm-none-eabi/4.9.3/../../../../arm-none-eabi/lib/armv7-m\libg.a(lib_a-findfp.o)
 .debug_frame   0x00001a0c       0x74 c:/program files/gnu tools arm embedded/4.9 2015q1/bin/../lib/gcc/arm-none-eabi/4.9.3/../../../../arm-none-eabi/lib/armv7-m\libg.a(lib_a-freer.o)
 .debug_frame   0x00001a80       0x54 c:/program files/gnu tools arm embedded/4.9 2015q1/bin/../lib/gcc/arm-none-eabi/4.9.3/../../../../arm-none-eabi/lib/armv7-m\libg.a(lib_a-fwalk.o)
 .debug_frame   0x00001ad4       0x9c c:/program files/gnu tools arm embedded/4.9 2015q1/bin/../lib/gcc/arm-none-eabi/4.9.3/../../../../arm-none-eabi/lib/armv7-m\libg.a(lib_a-locale.o)
 .debug_frame   0x00001b70       0x48 c:/program files/gnu tools arm embedded/4.9 2015q1/bin/../lib/gcc/arm-none-eabi/4.9.3/../../../../arm-none-eabi/lib/armv7-m\libg.a(lib_a-makebuf.o)
 .debug_frame   0x00001bb8       0x54 c:/program files/gnu tools arm embedded/4.9 2015q1/bin/../lib/gcc/arm-none-eabi/4.9.3/../../../../arm-none-eabi/lib/armv7-m\libg.a(lib_a-mallocr.o)
 .debug_frame   0x00001c0c       0x3c c:/program files/gnu tools arm embedded/4.9 2015q1/bin/../lib/gcc/arm-none-eabi/4.9.3/../../../../arm-none-eabi/lib/armv7-m\libg.a(lib_a-memchr.o)
 .debug_frame   0x00001c48       0x34 c:/program files/gnu tools arm embedded/4.9 2015q1/bin/../lib/gcc/arm-none-eabi/4.9.3/../../../../arm-none-eabi/lib/armv7-m\libg.a(lib_a-memset.o)
 .debug_frame   0x00001c7c       0x30 c:/program files/gnu tools arm embedded/4.9 2015q1/bin/../lib/gcc/arm-none-eabi/4.9.3/../../../../arm-none-eabi/lib/armv7-m\libg.a(lib_a-mlock.o)
 .debug_frame   0x00001cac      0x268 c:/program files/gnu tools arm embedded/4.9 2015q1/bin/../lib/gcc/arm-none-eabi/4.9.3/../../../../arm-none-eabi/lib/armv7-m\libg.a(lib_a-mprec.o)
 .debug_frame   0x00001f14       0x34 c:/program files/gnu tools arm embedded/4.9 2015q1/bin/../lib/gcc/arm-none-eabi/4.9.3/../../../../arm-none-eabi/lib/armv7-m\libg.a(lib_a-s_fpclassify.o)
 .debug_frame   0x00001f48       0x2c c:/program files/gnu tools arm embedded/4.9 2015q1/bin/../lib/gcc/arm-none-eabi/4.9.3/../../../../arm-none-eabi/lib/armv7-m\libg.a(lib_a-sbrkr.o)
 .debug_frame   0x00001f74       0x88 c:/program files/gnu tools arm embedded/4.9 2015q1/bin/../lib/gcc/arm-none-eabi/4.9.3/../../../../arm-none-eabi/lib/armv7-m\libg.a(lib_a-stdio.o)
 .debug_frame   0x00001ffc       0x20 c:/program files/gnu tools arm embedded/4.9 2015q1/bin/../lib/gcc/arm-none-eabi/4.9.3/../../../../arm-none-eabi/lib/armv7-m\libg.a(lib_a-strlen.o)
 .debug_frame   0x0000201c       0xd8 c:/program files/gnu tools arm embedded/4.9 2015q1/bin/../lib/gcc/arm-none-eabi/4.9.3/../../../../arm-none-eabi/lib/armv7-m\libg.a(lib_a-vfiprintf.o)
 .debug_frame   0x000020f4       0x2c c:/program files/gnu tools arm embedded/4.9 2015q1/bin/../lib/gcc/arm-none-eabi/4.9.3/../../../../arm-none-eabi/lib/armv7-m\libg.a(lib_a-writer.o)
 .debug_frame   0x00002120       0x28 c:/program files/gnu tools arm embedded/4.9 2015q1/bin/../lib/gcc/arm-none-eabi/4.9.3/../../../../arm-none-eabi/lib/armv7-m\libg.a(lib_a-callocr.o)
 .debug_frame   0x00002148       0x2c c:/program files/gnu tools arm embedded/4.9 2015q1/bin/../lib/gcc/arm-none-eabi/4.9.3/../../../../arm-none-eabi/lib/armv7-m\libg.a(lib_a-closer.o)
 .debug_frame   0x00002174       0x44 c:/program files/gnu tools arm embedded/4.9 2015q1/bin/../lib/gcc/arm-none-eabi/4.9.3/../../../../arm-none-eabi/lib/armv7-m\libg.a(lib_a-fclose.o)
 .debug_frame   0x000021b8       0x84 c:/program files/gnu tools arm embedded/4.9 2015q1/bin/../lib/gcc/arm-none-eabi/4.9.3/../../../../arm-none-eabi/lib/armv7-m\libg.a(lib_a-fputwc.o)
 .debug_frame   0x0000223c       0x2c c:/program files/gnu tools arm embedded/4.9 2015q1/bin/../lib/gcc/arm-none-eabi/4.9.3/../../../../arm-none-eabi/lib/armv7-m\libg.a(lib_a-fstatr.o)
 .debug_frame   0x00002268       0x68 c:/program files/gnu tools arm embedded/4.9 2015q1/bin/../lib/gcc/arm-none-eabi/4.9.3/../../../../arm-none-eabi/lib/armv7-m\libg.a(lib_a-fvwrite.o)
 .debug_frame   0x000022d0       0x2c c:/program files/gnu tools arm embedded/4.9 2015q1/bin/../lib/gcc/arm-none-eabi/4.9.3/../../../../arm-none-eabi/lib/armv7-m\libg.a(lib_a-isattyr.o)
 .debug_frame   0x000022fc       0x2c c:/program files/gnu tools arm embedded/4.9 2015q1/bin/../lib/gcc/arm-none-eabi/4.9.3/../../../../arm-none-eabi/lib/armv7-m\libg.a(lib_a-lseekr.o)
 .debug_frame   0x00002328       0x30 c:/program files/gnu tools arm embedded/4.9 2015q1/bin/../lib/gcc/arm-none-eabi/4.9.3/../../../../arm-none-eabi/lib/armv7-m\libg.a(lib_a-memmove.o)
 .debug_frame   0x00002358       0x2c c:/program files/gnu tools arm embedded/4.9 2015q1/bin/../lib/gcc/arm-none-eabi/4.9.3/../../../../arm-none-eabi/lib/armv7-m\libg.a(lib_a-readr.o)
 .debug_frame   0x00002384       0x58 c:/program files/gnu tools arm embedded/4.9 2015q1/bin/../lib/gcc/arm-none-eabi/4.9.3/../../../../arm-none-eabi/lib/armv7-m\libg.a(lib_a-reallocr.o)
 .debug_frame   0x000023dc       0x58 c:/program files/gnu tools arm embedded/4.9 2015q1/bin/../lib/gcc/arm-none-eabi/4.9.3/../../../../arm-none-eabi/lib/armv7-m\libg.a(lib_a-reent.o)
 .debug_frame   0x00002434       0x3c c:/program files/gnu tools arm embedded/4.9 2015q1/bin/../lib/gcc/arm-none-eabi/4.9.3/../../../../arm-none-eabi/lib/armv7-m\libg.a(lib_a-wbuf.o)
 .debug_frame   0x00002470       0x60 c:/program files/gnu tools arm embedded/4.9 2015q1/bin/../lib/gcc/arm-none-eabi/4.9.3/../../../../arm-none-eabi/lib/armv7-m\libg.a(lib_a-wcrtomb.o)
 .debug_frame   0x000024d0       0x48 c:/program files/gnu tools arm embedded/4.9 2015q1/bin/../lib/gcc/arm-none-eabi/4.9.3/../../../../arm-none-eabi/lib/armv7-m\libg.a(lib_a-wctomb_r.o)
 .debug_frame   0x00002518       0x28 c:/program files/gnu tools arm embedded/4.9 2015q1/bin/../lib/gcc/arm-none-eabi/4.9.3/armv7-m\libgcc.a(_aeabi_uldivmod.o)
 .debug_frame   0x00002540       0x54 c:/program files/gnu tools arm embedded/4.9 2015q1/bin/../lib/gcc/arm-none-eabi/4.9.3/armv7-m\libgcc.a(bpabi.o)
 .debug_frame   0x00002594       0x34 c:/program files/gnu tools arm embedded/4.9 2015q1/bin/../lib/gcc/arm-none-eabi/4.9.3/armv7-m\libgcc.a(_divdi3.o)
 .debug_frame   0x000025c8       0x34 c:/program files/gnu tools arm embedded/4.9 2015q1/bin/../lib/gcc/arm-none-eabi/4.9.3/armv7-m\libgcc.a(_udivdi3.o)
