Archive member included because of file (symbol)

c:/program files (x86)/gnu tools arm embedded/4.9 2015q1/bin/../lib/gcc/arm-none-eabi/4.9.3/../../../../arm-none-eabi/lib/armv7-m\libg.a(lib_a-printf.o)
                              ..\obj\main.o (printf)
c:/program files (x86)/gnu tools arm embedded/4.9 2015q1/bin/../lib/gcc/arm-none-eabi/4.9.3/../../../../arm-none-eabi/lib/armv7-m\libg.a(lib_a-vfprintf.o)
                              c:/program files (x86)/gnu tools arm embedded/4.9 2015q1/bin/../lib/gcc/arm-none-eabi/4.9.3/../../../../arm-none-eabi/lib/armv7-m\libg.a(lib_a-printf.o) (_vfprintf_r)
c:/program files (x86)/gnu tools arm embedded/4.9 2015q1/bin/../lib/gcc/arm-none-eabi/4.9.3/../../../../arm-none-eabi/lib/armv7-m\libg.a(lib_a-wsetup.o)
                              c:/program files (x86)/gnu tools arm embedded/4.9 2015q1/bin/../lib/gcc/arm-none-eabi/4.9.3/../../../../arm-none-eabi/lib/armv7-m\libg.a(lib_a-vfprintf.o) (__swsetup_r)
c:/program files (x86)/gnu tools arm embedded/4.9 2015q1/bin/../lib/gcc/arm-none-eabi/4.9.3/../../../../arm-none-eabi/lib/armv7-m\libg.a(lib_a-dtoa.o)
                              c:/program files (x86)/gnu tools arm embedded/4.9 2015q1/bin/../lib/gcc/arm-none-eabi/4.9.3/../../../../arm-none-eabi/lib/armv7-m\libg.a(lib_a-vfprintf.o) (_dtoa_r)
c:/program files (x86)/gnu tools arm embedded/4.9 2015q1/bin/../lib/gcc/arm-none-eabi/4.9.3/../../../../arm-none-eabi/lib/armv7-m\libg.a(lib_a-fflush.o)
                              c:/program files (x86)/gnu tools arm embedded/4.9 2015q1/bin/../lib/gcc/arm-none-eabi/4.9.3/../../../../arm-none-eabi/lib/armv7-m\libg.a(lib_a-vfprintf.o) (_fflush_r)
c:/program files (x86)/gnu tools arm embedded/4.9 2015q1/bin/../lib/gcc/arm-none-eabi/4.9.3/../../../../arm-none-eabi/lib/armv7-m\libg.a(lib_a-findfp.o)
                              c:/program files (x86)/gnu tools arm embedded/4.9 2015q1/bin/../lib/gcc/arm-none-eabi/4.9.3/../../../../arm-none-eabi/lib/armv7-m\libg.a(lib_a-vfprintf.o) (__sinit)
c:/program files (x86)/gnu tools arm embedded/4.9 2015q1/bin/../lib/gcc/arm-none-eabi/4.9.3/../../../../arm-none-eabi/lib/armv7-m\libg.a(lib_a-freer.o)
                              c:/program files (x86)/gnu tools arm embedded/4.9 2015q1/bin/../lib/gcc/arm-none-eabi/4.9.3/../../../../arm-none-eabi/lib/armv7-m\libg.a(lib_a-wsetup.o) (_free_r)
c:/program files (x86)/gnu tools arm embedded/4.9 2015q1/bin/../lib/gcc/arm-none-eabi/4.9.3/../../../../arm-none-eabi/lib/armv7-m\libg.a(lib_a-fwalk.o)
                              c:/program files (x86)/gnu tools arm embedded/4.9 2015q1/bin/../lib/gcc/arm-none-eabi/4.9.3/../../../../arm-none-eabi/lib/armv7-m\libg.a(lib_a-findfp.o) (_fwalk)
c:/program files (x86)/gnu tools arm embedded/4.9 2015q1/bin/../lib/gcc/arm-none-eabi/4.9.3/../../../../arm-none-eabi/lib/armv7-m\libg.a(lib_a-impure.o)
                              c:/program files (x86)/gnu tools arm embedded/4.9 2015q1/bin/../lib/gcc/arm-none-eabi/4.9.3/../../../../arm-none-eabi/lib/armv7-m\libg.a(lib_a-fflush.o) (_global_impure_ptr)
c:/program files (x86)/gnu tools arm embedded/4.9 2015q1/bin/../lib/gcc/arm-none-eabi/4.9.3/../../../../arm-none-eabi/lib/armv7-m\libg.a(lib_a-locale.o)
                              c:/program files (x86)/gnu tools arm embedded/4.9 2015q1/bin/../lib/gcc/arm-none-eabi/4.9.3/../../../../arm-none-eabi/lib/armv7-m\libg.a(lib_a-vfprintf.o) (_localeconv_r)
c:/program files (x86)/gnu tools arm embedded/4.9 2015q1/bin/../lib/gcc/arm-none-eabi/4.9.3/../../../../arm-none-eabi/lib/armv7-m\libg.a(lib_a-makebuf.o)
                              c:/program files (x86)/gnu tools arm embedded/4.9 2015q1/bin/../lib/gcc/arm-none-eabi/4.9.3/../../../../arm-none-eabi/lib/armv7-m\libg.a(lib_a-wsetup.o) (__smakebuf_r)
c:/program files (x86)/gnu tools arm embedded/4.9 2015q1/bin/../lib/gcc/arm-none-eabi/4.9.3/../../../../arm-none-eabi/lib/armv7-m\libg.a(lib_a-mallocr.o)
                              c:/program files (x86)/gnu tools arm embedded/4.9 2015q1/bin/../lib/gcc/arm-none-eabi/4.9.3/../../../../arm-none-eabi/lib/armv7-m\libg.a(lib_a-findfp.o) (_malloc_r)
c:/program files (x86)/gnu tools arm embedded/4.9 2015q1/bin/../lib/gcc/arm-none-eabi/4.9.3/../../../../arm-none-eabi/lib/armv7-m\libg.a(lib_a-memchr.o)
                              c:/program files (x86)/gnu tools arm embedded/4.9 2015q1/bin/../lib/gcc/arm-none-eabi/4.9.3/../../../../arm-none-eabi/lib/armv7-m\libg.a(lib_a-vfprintf.o) (memchr)
c:/program files (x86)/gnu tools arm embedded/4.9 2015q1/bin/../lib/gcc/arm-none-eabi/4.9.3/../../../../arm-none-eabi/lib/armv7-m\libg.a(lib_a-memcpy.o)
                              c:/program files (x86)/gnu tools arm embedded/4.9 2015q1/bin/../lib/gcc/arm-none-eabi/4.9.3/../../../../arm-none-eabi/lib/armv7-m\libg.a(lib_a-dtoa.o) (memcpy)
c:/program files (x86)/gnu tools arm embedded/4.9 2015q1/bin/../lib/gcc/arm-none-eabi/4.9.3/../../../../arm-none-eabi/lib/armv7-m\libg.a(lib_a-memset.o)
[...]
Memory Configuration

Name             Origin             Length             Attributes
rom              0x08000000         0x00080000         xr
ram              0x20000000         0x00010000         xrw
*default*        0x00000000         0xffffffff

Linker script and memory map

                0x20010000                _eram = 0x20010000

.text           0x08000000     0x68c0
 *(.isr_vector)
 .isr_vector    0x08000000      0x134 ..\obj\startup_stm32f10x_hd.o
                0x08000000                g_pfnVectors
 *(.text*)
 .text.SystemInit
                0x08000134       0x68 ..\obj\system_stm32f10x.o
                0x08000134                SystemInit
 .text.SetSysClock
                0x0800019c        0xc ..\obj\system_stm32f10x.o
 .text.SetSysClockTo72
                0x080001a8      0x100 ..\obj\system_stm32f10x.o
 .text.Default_Reset_Handler
                0x080002a8       0x5c ..\obj\startup_stm32f10x_hd.o
                0x080002a8                Default_Reset_Handler
                0x080002a8                Reset_Handler
 .text.Default_Handler
                0x08000304        0x8 ..\obj\startup_stm32f10x_hd.o
                0x08000304                EXTI2_IRQHandler
                0x08000304                TIM8_TRG_COM_IRQHandler
                0x08000304                TIM8_CC_IRQHandler
                0x08000304                DebugMon_Handler
                0x08000304                TIM1_CC_IRQHandler
                0x08000304                HardFault_Handler
                0x08000304                TIM6_IRQHandler
                0x08000304                PVD_IRQHandler
                0x08000304                SDIO_IRQHandler
                0x08000304                PendSV_Handler
                0x08000304                NMI_Handler
                0x08000304                EXTI3_IRQHandler
                0x08000304                EXTI0_IRQHandler
                0x08000304                I2C2_EV_IRQHandler
                0x08000304                UsageFault_Handler
                0x08000304                ADC1_2_IRQHandler
                0x08000304                SPI1_IRQHandler
                0x08000304                TAMPER_IRQHandler
                0x08000304                TIM8_UP_IRQHandler
                0x08000304                DMA2_Channel2_IRQHandler
                0x08000304                DMA1_Channel4_IRQHandler
                0x08000304                USART3_IRQHandler
                0x08000304                RTC_IRQHandler
                0x08000304                DMA1_Channel7_IRQHandler
                0x08000304                CAN1_RX1_IRQHandler
                0x08000304                UART5_IRQHandler
                0x08000304                ADC3_IRQHandler
                0x08000304                TIM4_IRQHandler
                0x08000304                DMA2_Channel1_IRQHandler
                0x08000304                I2C1_EV_IRQHandler
                0x08000304                DMA1_Channel6_IRQHandler
                0x08000304                UART4_IRQHandler
                0x08000304                TIM3_IRQHandler
                0x08000304                RCC_IRQHandler
                0x08000304                TIM1_TRG_COM_IRQHandler
                0x08000304                DMA1_Channel1_IRQHandler
                0x08000304                EXTI15_10_IRQHandler
                0x08000304                TIM7_IRQHandler
                0x08000304                TIM5_IRQHandler
                0x08000304                EXTI9_5_IRQHandler
                0x08000304                SPI2_IRQHandler
                0x08000304                MemManage_Handler
                0x08000304                SVC_Handler
                0x08000304                DMA1_Channel5_IRQHandler
                0x08000304                EXTI4_IRQHandler
                0x08000304                USB_LP_CAN1_RX0_IRQHandler
                0x08000304                USB_HP_CAN1_TX_IRQHandler
                0x08000304                DMA1_Channel3_IRQHandler
                0x08000304                FSMC_IRQHandler
                0x08000304                TIM1_UP_IRQHandler
                0x08000304                WWDG_IRQHandler
                0x08000304                TIM2_IRQHandler
                0x08000304                TIM1_BRK_IRQHandler
                0x08000304                EXTI1_IRQHandler
                0x08000304                RTCAlarm_IRQHandler
                0x08000304                DMA2_Channel4_5_IRQHandler
                0x08000304                USART2_IRQHandler
                0x08000304                I2C2_ER_IRQHandler
                0x08000304                DMA1_Channel2_IRQHandler
                0x08000304                TIM8_BRK_IRQHandler
                0x08000304                CAN1_SCE_IRQHandler
                0x08000304                FLASH_IRQHandler
                0x08000304                BusFault_Handler
                0x08000304                SPI3_IRQHandler
                0x08000304                I2C1_ER_IRQHandler
                0x08000304                USBWakeUp_IRQHandler
                0x08000304                DMA2_Channel3_IRQHandler
 .text.GPIO_Init
                0x0800030c      0x180 ..\obj\stm32f10x_gpio.o
                0x0800030c                GPIO_Init
 .text.main     0x0800048c       0x74 ..\obj\main.o
                0x0800048c                main
 .text.RCC_GetClocksFreq
                0x08000500      0x164 ..\obj\stm32f10x_rcc.o
                0x08000500                RCC_GetClocksFreq
 .text.RCC_APB2PeriphClockCmd
                0x08000664       0x3c ..\obj\stm32f10x_rcc.o
                0x08000664                RCC_APB2PeriphClockCmd
 .text.ADC_Init
                0x080006a0       0xa4 ..\obj\stm32f10x_adc.o
                0x080006a0                ADC_Init
 .text.ADC_Cmd  0x08000744       0x38 ..\obj\stm32f10x_adc.o
                0x08000744                ADC_Cmd
 .text.ADC_SoftwareStartConvCmd
                0x0800077c       0x38 ..\obj\stm32f10x_adc.o
                0x0800077c                ADC_SoftwareStartConvCmd
 .text.ADC_RegularChannelConfig
                0x080007b4      0x194 ..\obj\stm32f10x_adc.o
                0x080007b4                ADC_RegularChannelConfig
 .text.ADC_GetConversionValue
                0x08000948       0x1c ..\obj\stm32f10x_adc.o
                0x08000948                ADC_GetConversionValue
 .text.ADC_GetFlagStatus
                0x08000964       0x34 ..\obj\stm32f10x_adc.o
                0x08000964                ADC_GetFlagStatus
 .text.USART_Init
                0x08000998      0x174 ..\obj\stm32f10x_usart.o
                0x08000998                USART_Init
 .text.USART_Cmd
                0x08000b0c       0x40 ..\obj\stm32f10x_usart.o
                0x08000b0c                USART_Cmd
 .text.USART_ITConfig
                0x08000b4c       0x90 ..\obj\stm32f10x_usart.o
                0x08000b4c                USART_ITConfig
 .text.USART_SendData
                0x08000bdc       0x24 ..\obj\stm32f10x_usart.o
                0x08000bdc                USART_SendData
 .text.USART_ReceiveData
                0x08000c00       0x20 ..\obj\stm32f10x_usart.o
                0x08000c00                USART_ReceiveData
 .text.USART_GetFlagStatus
                0x08000c20       0x38 ..\obj\stm32f10x_usart.o
                0x08000c20                USART_GetFlagStatus
 .text.USART_GetITStatus
                0x08000c58       0xb8 ..\obj\stm32f10x_usart.o
                0x08000c58                USART_GetITStatus
 .text._sbrk    0x08000d10       0x40 ..\obj\syscalls.o
                0x08000d10                _sbrk
 .text._close   0x08000d50       0x18 ..\obj\syscalls.o
                0x08000d50                _close
 .text._fstat   0x08000d68       0x20 ..\obj\syscalls.o
                0x08000d68                _fstat
 .text._isatty  0x08000d88       0x18 ..\obj\syscalls.o
                0x08000d88                _isatty
 .text._lseek   0x08000da0       0x1c ..\obj\syscalls.o
                0x08000da0                _lseek
 .text._read    0x08000dbc       0x1c ..\obj\syscalls.o
                0x08000dbc                _read
 .text._write   0x08000dd8       0x40 ..\obj\syscalls.o
                0x08000dd8                _write
 .text.init_ADC
                0x08000e18       0x60 ..\obj\adc.o
                0x08000e18                init_ADC
 .text.read_ADC
                0x08000e78       0x48 ..\obj\adc.o
                0x08000e78                read_ADC
 .text.NVIC_PriorityGroupConfig
                0x08000ec0       0x24 ..\obj\misc.o
                0x08000ec0                NVIC_PriorityGroupConfig
 .text.NVIC_Init
                0x08000ee4       0xc4 ..\obj\misc.o
                0x08000ee4                NVIC_Init
 .text.init_HYSTM32F
                0x08000fa8       0x44 ..\obj\GPIOHYSTM32.o
                0x08000fa8                init_HYSTM32F
 .text.NVIC_SetPriority
                0x08000fec       0x54 ..\obj\systick.o
 .text.SysTick_Config
                0x08001040       0x44 ..\obj\systick.o
 .text.Delayinit
                0x08001084       0x20 ..\obj\systick.o
                0x08001084                Delayinit
 .text.Delay    0x080010a4       0x28 ..\obj\systick.o
                0x080010a4                Delay
 .text.SysTick_Handler
                0x080010cc       0x24 ..\obj\systick.o
                0x080010cc                SysTick_Handler
 .text.USART_puts
                0x080010f0       0x34 ..\obj\usart.o
                0x080010f0                USART_puts
 .text.putcharx
                0x08001124       0x2c ..\obj\usart.o
                0x08001124                putcharx
 .text.USART1_IRQHandler
                0x08001150       0x38 ..\obj\usart.o
                0x08001150                USART1_IRQHandler
 .text.init_USART1
                0x08001188       0x88 ..\obj\usart.o
                0x08001188                init_USART1
 .text.init_USART_IRQ
                0x08001210       0x28 ..\obj\usart.o
                0x08001210                init_USART_IRQ
 .text.printf   0x08001238       0x28 c:/program files (x86)/gnu tools arm embedded/4.9 2015q1/bin/../lib/gcc/arm-none-eabi/4.9.3/../../../../arm-none-eabi/lib/armv7-m\libg.a(lib_a-printf.o)
                0x08001238                printf
 .text._vfprintf_r
                0x08001260     0x1448 c:/program files (x86)/gnu tools arm embedded/4.9 2015q1/bin/../lib/gcc/arm-none-eabi/4.9.3/../../../../arm-none-eabi/lib/armv7-m\libg.a(lib_a-vfprintf.o)
                0x08001260                _vfprintf_r
 .text.__sbprintf
                0x080026a8       0x7c c:/program files (x86)/gnu tools arm embedded/4.9 2015q1/bin/../lib/gcc/arm-none-eabi/4.9.3/../../../../arm-none-eabi/lib/armv7-m\libg.a(lib_a-vfprintf.o)
 .text.__swsetup_r
                0x08002724       0xc4 c:/program files (x86)/gnu tools arm embedded/4.9 2015q1/bin/../lib/gcc/arm-none-eabi/4.9.3/../../../../arm-none-eabi/lib/armv7-m\libg.a(lib_a-wsetup.o)
                0x08002724                __swsetup_r
 .text.quorem   0x080027e8      0x130 c:/program files (x86)/gnu tools arm embedded/4.9 2015q1/bin/../lib/gcc/arm-none-eabi/4.9.3/../../../../arm-none-eabi/lib/armv7-m\libg.a(lib_a-dtoa.o)
 .text._dtoa_r  0x08002918      0xea8 c:/program files (x86)/gnu tools arm embedded/4.9 2015q1/bin/../lib/gcc/arm-none-eabi/4.9.3/../../../../arm-none-eabi/lib/armv7-m\libg.a(lib_a-dtoa.o)
                0x08002918                _dtoa_r
 .text.__sflush_r
                0x080037c0      0x148 c:/program files (x86)/gnu tools arm embedded/4.9 2015q1/bin/../lib/gcc/arm-none-eabi/4.9.3/../../../../arm-none-eabi/lib/armv7-m\libg.a(lib_a-fflush.o)
                0x080037c0                __sflush_r
 .text._fflush_r
                0x08003908       0x2c c:/program files (x86)/gnu tools arm embedded/4.9 2015q1/bin/../lib/gcc/arm-none-eabi/4.9.3/../../../../arm-none-eabi/lib/armv7-m\libg.a(lib_a-fflush.o)
                0x08003908                _fflush_r
 .text._cleanup_r
                0x08003934        0xc c:/program files (x86)/gnu tools arm embedded/4.9 2015q1/bin/../lib/gcc/arm-none-eabi/4.9.3/../../../../arm-none-eabi/lib/armv7-m\libg.a(lib_a-findfp.o)
                0x08003934                _cleanup_r
 .text.__sinit.part.1
                0x08003940       0xf0 c:/program files (x86)/gnu tools arm embedded/4.9 2015q1/bin/../lib/gcc/arm-none-eabi/4.9.3/../../../../arm-none-eabi/lib/armv7-m\libg.a(lib_a-findfp.o)
 .text.__sinit  0x08003a30        0xc c:/program files (x86)/gnu tools arm embedded/4.9 2015q1/bin/../lib/gcc/arm-none-eabi/4.9.3/../../../../arm-none-eabi/lib/armv7-m\libg.a(lib_a-findfp.o)
                0x08003a30                __sinit
 .text.__sfp_lock_acquire
                0x08003a3c        0x4 c:/program files (x86)/gnu tools arm embedded/4.9 2015q1/bin/../lib/gcc/arm-none-eabi/4.9.3/../../../../arm-none-eabi/lib/armv7-m\libg.a(lib_a-findfp.o)
                0x08003a3c                __sfp_lock_acquire
 .text.__sfp_lock_release
                0x08003a40        0x4 c:/program files (x86)/gnu tools arm embedded/4.9 2015q1/bin/../lib/gcc/arm-none-eabi/4.9.3/../../../../arm-none-eabi/lib/armv7-m\libg.a(lib_a-findfp.o)
                0x08003a40                __sfp_lock_release
 .text._malloc_trim_r
                0x08003a44       0x9c c:/program files (x86)/gnu tools arm embedded/4.9 2015q1/bin/../lib/gcc/arm-none-eabi/4.9.3/../../../../arm-none-eabi/lib/armv7-m\libg.a(lib_a-freer.o)
                0x08003a44                _malloc_trim_r
 .text._free_r  0x08003ae0      0x1b0 c:/program files (x86)/gnu tools arm embedded/4.9 2015q1/bin/../lib/gcc/arm-none-eabi/4.9.3/../../../../arm-none-eabi/lib/armv7-m\libg.a(lib_a-freer.o)
                0x08003ae0                _free_r
 .text._fwalk_reent
                0x08003c90       0x50 c:/program files (x86)/gnu tools arm embedded/4.9 2015q1/bin/../lib/gcc/arm-none-eabi/4.9.3/../../../../arm-none-eabi/lib/armv7-m\libg.a(lib_a-fwalk.o)
                0x08003c90                _fwalk_reent
 .text.__locale_charset
                0x08003ce0        0x8 c:/program files (x86)/gnu tools arm embedded/4.9 2015q1/bin/../lib/gcc/arm-none-eabi/4.9.3/../../../../arm-none-eabi/lib/armv7-m\libg.a(lib_a-locale.o)
                0x08003ce0                __locale_charset
 .text.__locale_mb_cur_max
                0x08003ce8        0xc c:/program files (x86)/gnu tools arm embedded/4.9 2015q1/bin/../lib/gcc/arm-none-eabi/4.9.3/../../../../arm-none-eabi/lib/armv7-m\libg.a(lib_a-locale.o)
                0x08003ce8                __locale_mb_cur_max
 .text._localeconv_r
                0x08003cf4        0x8 c:/program files (x86)/gnu tools arm embedded/4.9 2015q1/bin/../lib/gcc/arm-none-eabi/4.9.3/../../../../arm-none-eabi/lib/armv7-m\libg.a(lib_a-locale.o)
                0x08003cf4                _localeconv_r
 .text.__smakebuf_r
                0x08003cfc       0xe0 c:/program files (x86)/gnu tools arm embedded/4.9 2015q1/bin/../lib/gcc/arm-none-eabi/4.9.3/../../../../arm-none-eabi/lib/armv7-m\libg.a(lib_a-makebuf.o)
                0x08003cfc                __smakebuf_r
 .text._malloc_r
                0x08003ddc      0x50c c:/program files (x86)/gnu tools arm embedded/4.9 2015q1/bin/../lib/gcc/arm-none-eabi/4.9.3/../../../../arm-none-eabi/lib/armv7-m\libg.a(lib_a-mallocr.o)
                0x08003ddc                _malloc_r
 .text.memchr   0x080042e8       0x94 c:/program files (x86)/gnu tools arm embedded/4.9 2015q1/bin/../lib/gcc/arm-none-eabi/4.9.3/../../../../arm-none-eabi/lib/armv7-m\libg.a(lib_a-memchr.o)
                0x080042e8                memchr
 .text          0x0800437c       0xec c:/program files (x86)/gnu tools arm embedded/4.9 2015q1/bin/../lib/gcc/arm-none-eabi/4.9.3/../../../../arm-none-eabi/lib/armv7-m\libg.a(lib_a-memcpy.o)
                0x0800437c                memcpy
 .text.memset   0x08004468       0x9c c:/program files (x86)/gnu tools arm embedded/4.9 2015q1/bin/../lib/gcc/arm-none-eabi/4.9.3/../../../../arm-none-eabi/lib/armv7-m\libg.a(lib_a-memset.o)
                0x08004468                memset
 .text.__malloc_lock
                0x08004504        0x4 c:/program files (x86)/gnu tools arm embedded/4.9 2015q1/bin/../lib/gcc/arm-none-eabi/4.9.3/../../../../arm-none-eabi/lib/armv7-m\libg.a(lib_a-mlock.o)
                0x08004504                __malloc_lock
 .text.__malloc_unlock
                0x08004508        0x4 c:/program files (x86)/gnu tools arm embedded/4.9 2015q1/bin/../lib/gcc/arm-none-eabi/4.9.3/../../../../arm-none-eabi/lib/armv7-m\libg.a(lib_a-mlock.o)
                0x08004508                __malloc_unlock
 .text._Balloc  0x0800450c       0x50 c:/program files (x86)/gnu tools arm embedded/4.9 2015q1/bin/../lib/gcc/arm-none-eabi/4.9.3/../../../../arm-none-eabi/lib/armv7-m\libg.a(lib_a-mprec.o)
                0x0800450c                _Balloc
 .text._Bfree   0x0800455c       0x14 c:/program files (x86)/gnu tools arm embedded/4.9 2015q1/bin/../lib/gcc/arm-none-eabi/4.9.3/../../../../arm-none-eabi/lib/armv7-m\libg.a(lib_a-mprec.o)
                0x0800455c                _Bfree
 .text.__multadd
                0x08004570       0x84 c:/program files (x86)/gnu tools arm embedded/4.9 2015q1/bin/../lib/gcc/arm-none-eabi/4.9.3/../../../../arm-none-eabi/lib/armv7-m\libg.a(lib_a-mprec.o)
                0x08004570                __multadd
 .text.__hi0bits
                0x080045f4       0x40 c:/program files (x86)/gnu tools arm embedded/4.9 2015q1/bin/../lib/gcc/arm-none-eabi/4.9.3/../../../../arm-none-eabi/lib/armv7-m\libg.a(lib_a-mprec.o)
                0x080045f4                __hi0bits
 .text.__lo0bits
                0x08004634       0x5c c:/program files (x86)/gnu tools arm embedded/4.9 2015q1/bin/../lib/gcc/arm-none-eabi/4.9.3/../../../../arm-none-eabi/lib/armv7-m\libg.a(lib_a-mprec.o)
                0x08004634                __lo0bits
 .text.__i2b    0x08004690       0x14 c:/program files (x86)/gnu tools arm embedded/4.9 2015q1/bin/../lib/gcc/arm-none-eabi/4.9.3/../../../../arm-none-eabi/lib/armv7-m\libg.a(lib_a-mprec.o)
                0x08004690                __i2b
 .text.__multiply
                0x080046a4      0x140 c:/program files (x86)/gnu tools arm embedded/4.9 2015q1/bin/../lib/gcc/arm-none-eabi/4.9.3/../../../../arm-none-eabi/lib/armv7-m\libg.a(lib_a-mprec.o)
                0x080046a4                __multiply
 .text.__pow5mult
                0x080047e4       0xa0 c:/program files (x86)/gnu tools arm embedded/4.9 2015q1/bin/../lib/gcc/arm-none-eabi/4.9.3/../../../../arm-none-eabi/lib/armv7-m\libg.a(lib_a-mprec.o)
                0x080047e4                __pow5mult
 .text.__lshift
                0x08004884       0xb0 c:/program files (x86)/gnu tools arm embedded/4.9 2015q1/bin/../lib/gcc/arm-none-eabi/4.9.3/../../../../arm-none-eabi/lib/armv7-m\libg.a(lib_a-mprec.o)
                0x08004884                __lshift
 .text.__mcmp   0x08004934       0x48 c:/program files (x86)/gnu tools arm embedded/4.9 2015q1/bin/../lib/gcc/arm-none-eabi/4.9.3/../../../../arm-none-eabi/lib/armv7-m\libg.a(lib_a-mprec.o)
                0x08004934                __mcmp
 .text.__mdiff  0x0800497c       0xe4 c:/program files (x86)/gnu tools arm embedded/4.9 2015q1/bin/../lib/gcc/arm-none-eabi/4.9.3/../../../../arm-none-eabi/lib/armv7-m\libg.a(lib_a-mprec.o)
                0x0800497c                __mdiff
 .text.__d2b    0x08004a60       0xa8 c:/program files (x86)/gnu tools arm embedded/4.9 2015q1/bin/../lib/gcc/arm-none-eabi/4.9.3/../../../../arm-none-eabi/lib/armv7-m\libg.a(lib_a-mprec.o)
                0x08004a60                __d2b
 .text.__fpclassifyd
                0x08004b08       0x58 c:/program files (x86)/gnu tools arm embedded/4.9 2015q1/bin/../lib/gcc/arm-none-eabi/4.9.3/../../../../arm-none-eabi/lib/armv7-m\libg.a(lib_a-s_fpclassify.o)
                0x08004b08                __fpclassifyd
 .text._sbrk_r  0x08004b60       0x24 c:/program files (x86)/gnu tools arm embedded/4.9 2015q1/bin/../lib/gcc/arm-none-eabi/4.9.3/../../../../arm-none-eabi/lib/armv7-m\libg.a(lib_a-sbrkr.o)
                0x08004b60                _sbrk_r
 .text.__sread  0x08004b84       0x24 c:/program files (x86)/gnu tools arm embedded/4.9 2015q1/bin/../lib/gcc/arm-none-eabi/4.9.3/../../../../arm-none-eabi/lib/armv7-m\libg.a(lib_a-stdio.o)
                0x08004b84                __sread
 .text.__swrite
                0x08004ba8       0x38 c:/program files (x86)/gnu tools arm embedded/4.9 2015q1/bin/../lib/gcc/arm-none-eabi/4.9.3/../../../../arm-none-eabi/lib/armv7-m\libg.a(lib_a-stdio.o)
                0x08004ba8                __swrite
 .text.__sseek  0x08004be0       0x20 c:/program files (x86)/gnu tools arm embedded/4.9 2015q1/bin/../lib/gcc/arm-none-eabi/4.9.3/../../../../arm-none-eabi/lib/armv7-m\libg.a(lib_a-stdio.o)
                0x08004be0                __sseek
 .text.__sclose
                0x08004c00        0x8 c:/program files (x86)/gnu tools arm embedded/4.9 2015q1/bin/../lib/gcc/arm-none-eabi/4.9.3/../../../../arm-none-eabi/lib/armv7-m\libg.a(lib_a-stdio.o)
                0x08004c00                __sclose
 .text.strlen   0x08004c08       0x5c c:/program files (x86)/gnu tools arm embedded/4.9 2015q1/bin/../lib/gcc/arm-none-eabi/4.9.3/../../../../arm-none-eabi/lib/armv7-m\libg.a(lib_a-strlen.o)
                0x08004c08                strlen
 .text.__sprint_r.part.0
                0x08004c64       0x78 c:/program files (x86)/gnu tools arm embedded/4.9 2015q1/bin/../lib/gcc/arm-none-eabi/4.9.3/../../../../arm-none-eabi/lib/armv7-m\libg.a(lib_a-vfiprintf.o)
 .text.__sprint_r
                0x08004cdc       0x18 c:/program files (x86)/gnu tools arm embedded/4.9 2015q1/bin/../lib/gcc/arm-none-eabi/4.9.3/../../../../arm-none-eabi/lib/armv7-m\libg.a(lib_a-vfiprintf.o)
                0x08004cdc                __sprint_r
 .text._write_r
                0x08004cf4       0x28 c:/program files (x86)/gnu tools arm embedded/4.9 2015q1/bin/../lib/gcc/arm-none-eabi/4.9.3/../../../../arm-none-eabi/lib/armv7-m\libg.a(lib_a-writer.o)
                0x08004cf4                _write_r
 .text._calloc_r
                0x08004d1c       0x60 c:/program files (x86)/gnu tools arm embedded/4.9 2015q1/bin/../lib/gcc/arm-none-eabi/4.9.3/../../../../arm-none-eabi/lib/armv7-m\libg.a(lib_a-callocr.o)
                0x08004d1c                _calloc_r
 .text._close_r
                0x08004d7c       0x24 c:/program files (x86)/gnu tools arm embedded/4.9 2015q1/bin/../lib/gcc/arm-none-eabi/4.9.3/../../../../arm-none-eabi/lib/armv7-m\libg.a(lib_a-closer.o)
                0x08004d7c                _close_r
 .text._fclose_r
                0x08004da0       0x84 c:/program files (x86)/gnu tools arm embedded/4.9 2015q1/bin/../lib/gcc/arm-none-eabi/4.9.3/../../../../arm-none-eabi/lib/armv7-m\libg.a(lib_a-fclose.o)
                0x08004da0                _fclose_r
 .text.__fputwc
                0x08004e24       0xb0 c:/program files (x86)/gnu tools arm embedded/4.9 2015q1/bin/../lib/gcc/arm-none-eabi/4.9.3/../../../../arm-none-eabi/lib/armv7-m\libg.a(lib_a-fputwc.o)
                0x08004e24                __fputwc
 .text._fputwc_r
                0x08004ed4       0x24 c:/program files (x86)/gnu tools arm embedded/4.9 2015q1/bin/../lib/gcc/arm-none-eabi/4.9.3/../../../../arm-none-eabi/lib/armv7-m\libg.a(lib_a-fputwc.o)
                0x08004ed4                _fputwc_r
 .text._fstat_r
                0x08004ef8       0x28 c:/program files (x86)/gnu tools arm embedded/4.9 2015q1/bin/../lib/gcc/arm-none-eabi/4.9.3/../../../../arm-none-eabi/lib/armv7-m\libg.a(lib_a-fstatr.o)
                0x08004ef8                _fstat_r
 .text.__sfvwrite_r
                0x08004f20      0x320 c:/program files (x86)/gnu tools arm embedded/4.9 2015q1/bin/../lib/gcc/arm-none-eabi/4.9.3/../../../../arm-none-eabi/lib/armv7-m\libg.a(lib_a-fvwrite.o)
                0x08004f20                __sfvwrite_r
 .text._isatty_r
                0x08005240       0x24 c:/program files (x86)/gnu tools arm embedded/4.9 2015q1/bin/../lib/gcc/arm-none-eabi/4.9.3/../../../../arm-none-eabi/lib/armv7-m\libg.a(lib_a-isattyr.o)
                0x08005240                _isatty_r
 .text._lseek_r
                0x08005264       0x28 c:/program files (x86)/gnu tools arm embedded/4.9 2015q1/bin/../lib/gcc/arm-none-eabi/4.9.3/../../../../arm-none-eabi/lib/armv7-m\libg.a(lib_a-lseekr.o)
                0x08005264                _lseek_r
 .text.memmove  0x0800528c       0xc8 c:/program files (x86)/gnu tools arm embedded/4.9 2015q1/bin/../lib/gcc/arm-none-eabi/4.9.3/../../../../arm-none-eabi/lib/armv7-m\libg.a(lib_a-memmove.o)
                0x0800528c                memmove
 .text._read_r  0x08005354       0x28 c:/program files (x86)/gnu tools arm embedded/4.9 2015q1/bin/../lib/gcc/arm-none-eabi/4.9.3/../../../../arm-none-eabi/lib/armv7-m\libg.a(lib_a-readr.o)
                0x08005354                _read_r
 .text._realloc_r
                0x0800537c      0x3e0 c:/program files (x86)/gnu tools arm embedded/4.9 2015q1/bin/../lib/gcc/arm-none-eabi/4.9.3/../../../../arm-none-eabi/lib/armv7-m\libg.a(lib_a-reallocr.o)
                0x0800537c                _realloc_r
 .text.__swbuf_r
                0x0800575c       0xa8 c:/program files (x86)/gnu tools arm embedded/4.9 2015q1/bin/../lib/gcc/arm-none-eabi/4.9.3/../../../../arm-none-eabi/lib/armv7-m\libg.a(lib_a-wbuf.o)
                0x0800575c                __swbuf_r
 .text._wcrtomb_r
                0x08005804       0x54 c:/program files (x86)/gnu tools arm embedded/4.9 2015q1/bin/../lib/gcc/arm-none-eabi/4.9.3/../../../../arm-none-eabi/lib/armv7-m\libg.a(lib_a-wcrtomb.o)
                0x08005804                _wcrtomb_r
 .text.__ascii_wctomb
                0x08005858       0x1c c:/program files (x86)/gnu tools arm embedded/4.9 2015q1/bin/../lib/gcc/arm-none-eabi/4.9.3/../../../../arm-none-eabi/lib/armv7-m\libg.a(lib_a-wctomb_r.o)
                0x08005858                __ascii_wctomb
 .text          0x08005874      0x370 c:/program files (x86)/gnu tools arm embedded/4.9 2015q1/bin/../lib/gcc/arm-none-eabi/4.9.3/armv7-m\libgcc.a(_arm_addsubdf3.o)
                0x08005874                __aeabi_drsub
                0x0800587c                __aeabi_dsub
                0x0800587c                __subdf3
                0x08005880                __aeabi_dadd
                0x08005880                __adddf3
                0x08005af8                __floatunsidf
                0x08005af8                __aeabi_ui2d
                0x08005b18                __floatsidf
                0x08005b18                __aeabi_i2d
                0x08005b3c                __aeabi_f2d
                0x08005b3c                __extendsfdf2
                0x08005b78                __floatundidf
                0x08005b78                __aeabi_ul2d
                0x08005b88                __floatdidf
                0x08005b88                __aeabi_l2d
 .text          0x08005be4      0x424 c:/program files (x86)/gnu tools arm embedded/4.9 2015q1/bin/../lib/gcc/arm-none-eabi/4.9.3/armv7-m\libgcc.a(_arm_muldivdf3.o)
                0x08005be4                __aeabi_dmul
                0x08005be4                __muldf3
                0x08005e38                __divdf3
                0x08005e38                __aeabi_ddiv
 .text          0x08006008      0x110 c:/program files (x86)/gnu tools arm embedded/4.9 2015q1/bin/../lib/gcc/arm-none-eabi/4.9.3/armv7-m\libgcc.a(_arm_cmpdf2.o)
                0x08006008                __gtdf2
                0x08006008                __gedf2
                0x08006010                __ltdf2
                0x08006010                __ledf2
                0x08006018                __nedf2
                0x08006018                __eqdf2
                0x08006018                __cmpdf2
                0x08006094                __aeabi_cdrcmple
                0x080060a4                __aeabi_cdcmpeq
                0x080060a4                __aeabi_cdcmple
                0x080060b4                __aeabi_dcmpeq
                0x080060c8                __aeabi_dcmplt
                0x080060dc                __aeabi_dcmple
                0x080060f0                __aeabi_dcmpge
                0x08006104                __aeabi_dcmpgt
 .text          0x08006118       0x50 c:/program files (x86)/gnu tools arm embedded/4.9 2015q1/bin/../lib/gcc/arm-none-eabi/4.9.3/armv7-m\libgcc.a(_arm_fixdfsi.o)
                0x08006118                __aeabi_d2iz
                0x08006118                __fixdfsi
 .text          0x08006168       0x30 c:/program files (x86)/gnu tools arm embedded/4.9 2015q1/bin/../lib/gcc/arm-none-eabi/4.9.3/armv7-m\libgcc.a(_aeabi_uldivmod.o)
                0x08006168                __aeabi_uldivmod
 .text          0x08006198       0x60 c:/program files (x86)/gnu tools arm embedded/4.9 2015q1/bin/../lib/gcc/arm-none-eabi/4.9.3/armv7-m\libgcc.a(bpabi.o)
                0x08006198                __gnu_ldivmod_helper
                0x080061c8                __gnu_uldivmod_helper
 .text          0x080061f8        0x4 c:/program files (x86)/gnu tools arm embedded/4.9 2015q1/bin/../lib/gcc/arm-none-eabi/4.9.3/armv7-m\libgcc.a(_dvmd_tls.o)
                0x080061f8                __aeabi_idiv0
                0x080061f8                __aeabi_ldiv0
 .text          0x080061fc      0x2ac c:/program files (x86)/gnu tools arm embedded/4.9 2015q1/bin/../lib/gcc/arm-none-eabi/4.9.3/armv7-m\libgcc.a(_divdi3.o)
                0x080061fc                __divdi3
 .text          0x080064a8      0x270 c:/program files (x86)/gnu tools arm embedded/4.9 2015q1/bin/../lib/gcc/arm-none-eabi/4.9.3/armv7-m\libgcc.a(_udivdi3.o)
                0x080064a8                __udivdi3
 *(.init)
 *(.fini)
 *crtbegin.o(.ctors)
 *crtbegin?.o(.ctors)
 *(EXCLUDE_FILE(*crtend.o *crtend?.o) .ctors)
 *(SORT(.ctors.*))
 *(.ctors)
 *crtbegin.o(.dtors)
 *crtbegin?.o(.dtors)
 *(EXCLUDE_FILE(*crtend.o *crtend?.o) .dtors)
 *(SORT(.dtors.*))
 *(.dtors)
 *(.rodata*)
 .rodata        0x08006718       0x28 ..\obj\main.o
 .rodata.zeroes.6931
                0x08006740       0x10 c:/program files (x86)/gnu tools arm embedded/4.9 2015q1/bin/../lib/gcc/arm-none-eabi/4.9.3/../../../../arm-none-eabi/lib/armv7-m\libg.a(lib_a-vfprintf.o)
 .rodata.str1.4
                0x08006750       0x42 c:/program files (x86)/gnu tools arm embedded/4.9 2015q1/bin/../lib/gcc/arm-none-eabi/4.9.3/../../../../arm-none-eabi/lib/armv7-m\libg.a(lib_a-vfprintf.o)
                                 0x44 (size before relaxing)
 *fill*         0x08006792        0x2 
 .rodata.blanks.6930
                0x08006794       0x10 c:/program files (x86)/gnu tools arm embedded/4.9 2015q1/bin/../lib/gcc/arm-none-eabi/4.9.3/../../../../arm-none-eabi/lib/armv7-m\libg.a(lib_a-vfprintf.o)
 .rodata.str1.4
                0x080067a4       0x10 c:/program files (x86)/gnu tools arm embedded/4.9 2015q1/bin/../lib/gcc/arm-none-eabi/4.9.3/../../../../arm-none-eabi/lib/armv7-m\libg.a(lib_a-dtoa.o)
                                 0x14 (size before relaxing)
 .rodata.str1.4
                0x080067b4        0x2 c:/program files (x86)/gnu tools arm embedded/4.9 2015q1/bin/../lib/gcc/arm-none-eabi/4.9.3/../../../../arm-none-eabi/lib/armv7-m\libg.a(lib_a-impure.o)
                                  0x4 (size before relaxing)
 *fill*         0x080067b6        0x2 
 .rodata.str1.4
                0x080067b8        0xc c:/program files (x86)/gnu tools arm embedded/4.9 2015q1/bin/../lib/gcc/arm-none-eabi/4.9.3/../../../../arm-none-eabi/lib/armv7-m\libg.a(lib_a-locale.o)
                                 0x14 (size before relaxing)
 .rodata.p05.5296
                0x080067c4        0xc c:/program files (x86)/gnu tools arm embedded/4.9 2015q1/bin/../lib/gcc/arm-none-eabi/4.9.3/../../../../arm-none-eabi/lib/armv7-m\libg.a(lib_a-mprec.o)
 .rodata.__mprec_tens
                0x080067d0       0xc8 c:/program files (x86)/gnu tools arm embedded/4.9 2015q1/bin/../lib/gcc/arm-none-eabi/4.9.3/../../../../arm-none-eabi/lib/armv7-m\libg.a(lib_a-mprec.o)
                0x080067d0                __mprec_tens
 .rodata.__mprec_bigtens
                0x08006898       0x28 c:/program files (x86)/gnu tools arm embedded/4.9 2015q1/bin/../lib/gcc/arm-none-eabi/4.9.3/../../../../arm-none-eabi/lib/armv7-m\libg.a(lib_a-mprec.o)
                0x08006898                __mprec_bigtens
 *(.eh_fram e*)

.glue_7         0x080068c0        0x0
 .glue_7        0x00000000        0x0 linker stubs

.glue_7t        0x080068c0        0x0
 .glue_7t       0x00000000        0x0 linker stubs

.vfp11_veneer   0x080068c0        0x0
 .vfp11_veneer  0x00000000        0x0 linker stubs

.v4_bx          0x080068c0        0x0
 .v4_bx         0x00000000        0x0 linker stubs

.iplt           0x080068c0        0x0
 .iplt          0x00000000        0x0 ..\obj\stm32f10x_tim.o

.ARM.extab
 *(.ARM.extab* .gnu.linkonce.armextab.*)
                0x080068c0                __exidx_start = .

.ARM.exidx      0x080068c0        0x8
 *(.ARM.exidx* .gnu.linkonce.armexidx.*)
 .ARM.exidx     0x080068c0        0x8 c:/program files (x86)/gnu tools arm embedded/4.9 2015q1/bin/../lib/gcc/arm-none-eabi/4.9.3/armv7-m\libgcc.a(_divdi3.o)
 .ARM.exidx     0x080068c8        0x0 c:/program files (x86)/gnu tools arm embedded/4.9 2015q1/bin/../lib/gcc/arm-none-eabi/4.9.3/armv7-m\libgcc.a(_udivdi3.o)
                                  0x8 (size before relaxing)
                0x080068c8                __exidx_end = .
                0x080068c8                __etext = .
                0x080068c8                _sidata = __etext

.rel.dyn        0x080068c8        0x0
 .rel.iplt      0x00000000        0x0 ..\obj\stm32f10x_tim.o

.data           0x20000000      0x8c4 load address 0x080068c8
                0x20000000                __data_start__ = .
                0x20000000                _sdata = __data_start__
 *(vtable)
 *(.data*)
 .data          0x20000000       0x14 ..\obj\system_stm32f10x.o
                0x20000000                SystemCoreClock
                0x20000004                AHBPrescTable
 .data          0x20000014       0x14 ..\obj\stm32f10x_rcc.o
 .data.impure_data
                0x20000028      0x428 c:/program files (x86)/gnu tools arm embedded/4.9 2015q1/bin/../lib/gcc/arm-none-eabi/4.9.3/../../../../arm-none-eabi/lib/armv7-m\libg.a(lib_a-impure.o)
 .data._impure_ptr
                0x20000450        0x4 c:/program files (x86)/gnu tools arm embedded/4.9 2015q1/bin/../lib/gcc/arm-none-eabi/4.9.3/../../../../arm-none-eabi/lib/armv7-m\libg.a(lib_a-impure.o)
                0x20000450                _impure_ptr
 .data.lconv    0x20000454       0x38 c:/program files (x86)/gnu tools arm embedded/4.9 2015q1/bin/../lib/gcc/arm-none-eabi/4.9.3/../../../../arm-none-eabi/lib/armv7-m\libg.a(lib_a-locale.o)
 .data.lc_ctype_charset
                0x2000048c       0x20 c:/program files (x86)/gnu tools arm embedded/4.9 2015q1/bin/../lib/gcc/arm-none-eabi/4.9.3/../../../../arm-none-eabi/lib/armv7-m\libg.a(lib_a-locale.o)
 .data.__mb_cur_max
                0x200004ac        0x4 c:/program files (x86)/gnu tools arm embedded/4.9 2015q1/bin/../lib/gcc/arm-none-eabi/4.9.3/../../../../arm-none-eabi/lib/armv7-m\libg.a(lib_a-locale.o)
                0x200004ac                __mb_cur_max
 .data.__malloc_av_
                0x200004b0      0x408 c:/program files (x86)/gnu tools arm embedded/4.9 2015q1/bin/../lib/gcc/arm-none-eabi/4.9.3/../../../../arm-none-eabi/lib/armv7-m\libg.a(lib_a-mallocr.o)
                0x200004b0                __malloc_av_
 .data.__malloc_trim_threshold
                0x200008b8        0x4 c:/program files (x86)/gnu tools arm embedded/4.9 2015q1/bin/../lib/gcc/arm-none-eabi/4.9.3/../../../../arm-none-eabi/lib/armv7-m\libg.a(lib_a-mallocr.o)
                0x200008b8                __malloc_trim_threshold
 .data.__malloc_sbrk_base
                0x200008bc        0x4 c:/program files (x86)/gnu tools arm embedded/4.9 2015q1/bin/../lib/gcc/arm-none-eabi/4.9.3/../../../../arm-none-eabi/lib/armv7-m\libg.a(lib_a-mallocr.o)
                0x200008bc                __malloc_sbrk_base
 .data.__wctomb
                0x200008c0        0x4 c:/program files (x86)/gnu tools arm embedded/4.9 2015q1/bin/../lib/gcc/arm-none-eabi/4.9.3/../../../../arm-none-eabi/lib/armv7-m\libg.a(lib_a-wctomb_r.o)
                0x200008c0                __wctomb
                0x200008c4                . = ALIGN (0x4)
                0x200008c4                PROVIDE (__preinit_array_start, .)
 *(.preinit_array)
                0x200008c4                PROVIDE (__preinit_array_end, .)
                0x200008c4                . = ALIGN (0x4)
                0x200008c4                PROVIDE (__init_array_start, .)
 *(SORT(.init_array.*))
 *(.init_array)
                0x200008c4                PROVIDE (__init_array_end, .)
                0x200008c4                . = ALIGN (0x4)
                0x200008c4                PROVIDE (__fini_array_start, .)
 *(SORT(.fini_array.*))
 *(.fini_array)
                0x200008c4                PROVIDE (__fini_array_end, .)
 *(.jcr*)
                0x200008c4                . = ALIGN (0x4)
                0x200008c4                __data_end__ = .
                0x200008c4                _edata = __data_end__

.igot.plt       0x200008c4        0x0 load address 0x0800718c
 .igot.plt      0x00000000        0x0 ..\obj\stm32f10x_tim.o

.bss            0x200008c4       0x44 load address 0x0800718c
                0x200008c4                . = ALIGN (0x4)
                0x200008c4                __bss_start__ = .
                0x200008c4                _sbss = __bss_start__
 *(.bss*)
 .bss           0x200008c4        0x4 ..\obj\syscalls.o
 .bss.__malloc_max_total_mem
                0x200008c8        0x4 c:/program files (x86)/gnu tools arm embedded/4.9 2015q1/bin/../lib/gcc/arm-none-eabi/4.9.3/../../../../arm-none-eabi/lib/armv7-m\libg.a(lib_a-mallocr.o)
                0x200008c8                __malloc_max_total_mem
 .bss.__malloc_max_sbrked_mem
                0x200008cc        0x4 c:/program files (x86)/gnu tools arm embedded/4.9 2015q1/bin/../lib/gcc/arm-none-eabi/4.9.3/../../../../arm-none-eabi/lib/armv7-m\libg.a(lib_a-mallocr.o)
                0x200008cc                __malloc_max_sbrked_mem
 .bss.__malloc_top_pad
                0x200008d0        0x4 c:/program files (x86)/gnu tools arm embedded/4.9 2015q1/bin/../lib/gcc/arm-none-eabi/4.9.3/../../../../arm-none-eabi/lib/armv7-m\libg.a(lib_a-mallocr.o)
                0x200008d0                __malloc_top_pad
 .bss.__malloc_current_mallinfo
                0x200008d4       0x28 c:/program files (x86)/gnu tools arm embedded/4.9 2015q1/bin/../lib/gcc/arm-none-eabi/4.9.3/../../../../arm-none-eabi/lib/armv7-m\libg.a(lib_a-mallocr.o)
                0x200008d4                __malloc_current_mallinfo
 *(COMMON)
 COMMON         0x200008fc        0x4 ..\obj\GPIOHYSTM32.o
                0x200008fc                GPIO_InitStructure
 COMMON         0x20000900        0x4 ..\obj\systick.o
                0x20000900                TimmingDelay
 COMMON         0x20000904        0x4 c:/program files (x86)/gnu tools arm embedded/4.9 2015q1/bin/../lib/gcc/arm-none-eabi/4.9.3/../../../../arm-none-eabi/lib/armv7-m\libg.a(lib_a-reent.o)
                0x20000904                errno
                0x20000908                . = ALIGN (0x4)
                0x20000908                __bss_end__ = .
                0x20000908                _ebss = __bss_end__

.heap           0x20000908        0x0
                0x20000908                __end__ = .
                0x20000908                _end = __end__
                0x20000908                end = __end__
 *(.heap*)
                0x20000908                __HeapLimit = .

.co_stack       0x20000908      0x400 load address 0x080071d0
                0x20000908                . = ALIGN (0x8)
 *(.co_stack .co_stack.*)
 .co_stack      0x20000908      0x400 ..\obj\startup_stm32f10x_hd.o
                0x20000908                pulStack
                0x20010000                __StackTop = (ORIGIN (ram) + 0x10000)
                0x2000fc00                __StackLimit = (__StackTop - SIZEOF (.co_stack))
                0x20010000                PROVIDE (__stack, __StackTop)
                0x00000001                ASSERT ((__StackLimit >= __HeapLimit), region ram  overflowed with stack)
LOAD ..\obj\spi.o
LOAD ..\obj\stm32f10x_tim.o
LOAD ..\obj\i2c.o
LOAD ..\obj\system_stm32f10x.o
LOAD ..\obj\startup_stm32f10x_hd.o
LOAD ..\obj\stm32f10x_gpio.o
LOAD ..\obj\main.o
LOAD ..\obj\stm32f10x_rcc.o
LOAD ..\obj\stm32f10x_adc.o
LOAD ..\obj\stm32f10x_usart.o
LOAD ..\obj\syscalls.o
LOAD ..\obj\adc.o
LOAD ..\obj\misc.o
LOAD ..\obj\GPIOHYSTM32.o
LOAD ..\obj\systick.o
LOAD ..\obj\usart.o
START GROUP
LOAD c:/program files (x86)/gnu tools arm embedded/4.9 2015q1/bin/../lib/gcc/arm-none-eabi/4.9.3/armv7-m\libgcc.a
LOAD c:/program files (x86)/gnu tools arm embedded/4.9 2015q1/bin/../lib/gcc/arm-none-eabi/4.9.3/../../../../arm-none-eabi/lib/armv7-m\libg.a
LOAD c:/program files (x86)/gnu tools arm embedded/4.9 2015q1/bin/../lib/gcc/arm-none-eabi/4.9.3/../../../../arm-none-eabi/lib/armv7-m\libc.a
END GROUP
OUTPUT(ARM32F103.elf elf32-littlearm)

.debug_info     0x00000000     0x4abb
 .debug_info    0x00000000      0x479 ..\obj\system_stm32f10x.o
 .debug_info    0x00000479       0xe9 ..\obj\startup_stm32f10x_hd.o
 .debug_info    0x00000562      0x6e7 ..\obj\stm32f10x_gpio.o
 .debug_info    0x00000c49      0x366 ..\obj\main.o
 .debug_info    0x00000faf      0x88d ..\obj\stm32f10x_rcc.o
 .debug_info    0x0000183c      0xb74 ..\obj\stm32f10x_adc.o
 .debug_info    0x000023b0      0x9e8 ..\obj\stm32f10x_usart.o
 .debug_info    0x00002d98      0x533 ..\obj\syscalls.o
 .debug_info    0x000032cb      0x40b ..\obj\adc.o
 .debug_info    0x000036d6      0x53d ..\obj\misc.o
 .debug_info    0x00003c13      0x213 ..\obj\GPIOHYSTM32.o
 .debug_info    0x00003e26      0x649 ..\obj\systick.o
 .debug_info    0x0000446f      0x64c ..\obj\usart.o

.debug_abbrev   0x00000000     0x1153
 .debug_abbrev  0x00000000      0x14c ..\obj\system_stm32f10x.o
 .debug_abbrev  0x0000014c       0xa7 ..\obj\startup_stm32f10x_hd.o
 .debug_abbrev  0x000001f3      0x1c8 ..\obj\stm32f10x_gpio.o
 .debug_abbrev  0x000003bb      0x122 ..\obj\main.o
 .debug_abbrev  0x000004dd      0x1ba ..\obj\stm32f10x_rcc.o
 .debug_abbrev  0x00000697      0x198 ..\obj\stm32f10x_adc.o
 .debug_abbrev  0x0000082f      0x162 ..\obj\stm32f10x_usart.o
 .debug_abbrev  0x00000991      0x17c ..\obj\syscalls.o
 .debug_abbrev  0x00000b0d      0x12a ..\obj\adc.o
 .debug_abbrev  0x00000c37      0x145 ..\obj\misc.o
 .debug_abbrev  0x00000d7c       0xed ..\obj\GPIOHYSTM32.o
 .debug_abbrev  0x00000e69      0x1a4 ..\obj\systick.o
 .debug_abbrev  0x0000100d      0x146 ..\obj\usart.o

.debug_aranges  0x00000000      0x5e0
 .debug_aranges
                0x00000000       0x38 ..\obj\system_stm32f10x.o
 .debug_aranges
                0x00000038       0x28 ..\obj\startup_stm32f10x_hd.o
 .debug_aranges
                0x00000060       0xa8 ..\obj\stm32f10x_gpio.o
 .debug_aranges
                0x00000108       0x20 ..\obj\main.o
 .debug_aranges
                0x00000128      0x118 ..\obj\stm32f10x_rcc.o
 .debug_aranges
                0x00000240      0x138 ..\obj\stm32f10x_adc.o
 .debug_aranges
                0x00000378      0x100 ..\obj\stm32f10x_usart.o
 .debug_aranges
                0x00000478       0x60 ..\obj\syscalls.o
 .debug_aranges
                0x000004d8       0x28 ..\obj\adc.o
 .debug_aranges
                0x00000500       0x40 ..\obj\misc.o
 .debug_aranges
                0x00000540       0x20 ..\obj\GPIOHYSTM32.o
 .debug_aranges
                0x00000560       0x40 ..\obj\systick.o
 .debug_aranges
                0x000005a0       0x40 ..\obj\usart.o

.debug_ranges   0x00000000      0x510
 .debug_ranges  0x00000000       0x28 ..\obj\system_stm32f10x.o
 .debug_ranges  0x00000028       0x18 ..\obj\startup_stm32f10x_hd.o
 .debug_ranges  0x00000040       0x98 ..\obj\stm32f10x_gpio.o
 .debug_ranges  0x000000d8       0x10 ..\obj\main.o
 .debug_ranges  0x000000e8      0x108 ..\obj\stm32f10x_rcc.o
 .debug_ranges  0x000001f0      0x128 ..\obj\stm32f10x_adc.o
 .debug_ranges  0x00000318       0xf0 ..\obj\stm32f10x_usart.o
 .debug_ranges  0x00000408       0x50 ..\obj\syscalls.o
 .debug_ranges  0x00000458       0x18 ..\obj\adc.o
 .debug_ranges  0x00000470       0x30 ..\obj\misc.o
 .debug_ranges  0x000004a0       0x10 ..\obj\GPIOHYSTM32.o
 .debug_ranges  0x000004b0       0x30 ..\obj\systick.o
 .debug_ranges  0x000004e0       0x30 ..\obj\usart.o

.debug_line     0x00000000     0x25c3
 .debug_line    0x00000000      0x229 ..\obj\system_stm32f10x.o
 .debug_line    0x00000229       0xab ..\obj\startup_stm32f10x_hd.o
 .debug_line    0x000002d4      0x3d3 ..\obj\stm32f10x_gpio.o
 .debug_line    0x000006a7      0x1e0 ..\obj\main.o
 .debug_line    0x00000887      0x4e0 ..\obj\stm32f10x_rcc.o
 .debug_line    0x00000d67      0x53e ..\obj\stm32f10x_adc.o
 .debug_line    0x000012a5      0x4b6 ..\obj\stm32f10x_usart.o
 .debug_line    0x0000175b      0x2de ..\obj\syscalls.o
 .debug_line    0x00001a39      0x244 ..\obj\adc.o
 .debug_line    0x00001c7d      0x261 ..\obj\misc.o
 .debug_line    0x00001ede      0x219 ..\obj\GPIOHYSTM32.o
 .debug_line    0x000020f7      0x23a ..\obj\systick.o
 .debug_line    0x00002331      0x292 ..\obj\usart.o

.debug_str      0x00000000     0x1e29
 .debug_str     0x00000000      0x291 ..\obj\system_stm32f10x.o
                                0x300 (size before relaxing)
 .debug_str     0x00000291       0xb9 ..\obj\startup_stm32f10x_hd.o
                                0x150 (size before relaxing)
 .debug_str     0x0000034a      0x3be ..\obj\stm32f10x_gpio.o
                                0x52a (size before relaxing)
 .debug_str     0x00000708      0x148 ..\obj\main.o
                                0x2c7 (size before relaxing)
 .debug_str     0x00000850      0x3f1 ..\obj\stm32f10x_rcc.o
                                0x62b (size before relaxing)
 .debug_str     0x00000c41      0x4f1 ..\obj\stm32f10x_adc.o
                                0x70c (size before relaxing)
 .debug_str     0x00001132      0x41e ..\obj\stm32f10x_usart.o
                                0x6a1 (size before relaxing)
 .debug_str     0x00001550      0x172 ..\obj\syscalls.o
                                0x389 (size before relaxing)
 .debug_str     0x000016c2       0x75 ..\obj\adc.o
                                0x3eb (size before relaxing)
 .debug_str     0x00001737      0x1cc ..\obj\misc.o
                                0x3cf (size before relaxing)
 .debug_str     0x00001903       0x54 ..\obj\GPIOHYSTM32.o
                                0x2e3 (size before relaxing)
 .debug_str     0x00001957      0x438 ..\obj\systick.o
                                0x68d (size before relaxing)
 .debug_str     0x00001d8f       0x9a ..\obj\usart.o
                                0x867 (size before relaxing)

.comment        0x00000000       0x70
 .comment       0x00000000       0x70 ..\obj\system_stm32f10x.o
                                 0x71 (size before relaxing)
 .comment       0x00000000       0x71 ..\obj\startup_stm32f10x_hd.o
 .comment       0x00000000       0x71 ..\obj\stm32f10x_gpio.o
 .comment       0x00000000       0x71 ..\obj\main.o
 .comment       0x00000000       0x71 ..\obj\stm32f10x_rcc.o
 .comment       0x00000000       0x71 ..\obj\stm32f10x_adc.o
 .comment       0x00000000       0x71 ..\obj\stm32f10x_usart.o
 .comment       0x00000000       0x71 ..\obj\syscalls.o
 .comment       0x00000000       0x71 ..\obj\adc.o
 .comment       0x00000000       0x71 ..\obj\misc.o
 .comment       0x00000000       0x71 ..\obj\GPIOHYSTM32.o
 .comment       0x00000000       0x71 ..\obj\systick.o
 .comment       0x00000000       0x71 ..\obj\usart.o

.ARM.attributes
                0x00000000       0x31
 .ARM.attributes
                0x00000000       0x33 ..\obj\system_stm32f10x.o
 .ARM.attributes
                0x00000033       0x33 ..\obj\startup_stm32f10x_hd.o
 .ARM.attributes
                0x00000066       0x33 ..\obj\stm32f10x_gpio.o
 .ARM.attributes
                0x00000099       0x33 ..\obj\main.o
 .ARM.attributes
                0x000000cc       0x33 ..\obj\stm32f10x_rcc.o
 .ARM.attributes
                0x000000ff       0x33 ..\obj\stm32f10x_adc.o
 .ARM.attributes
                0x00000132       0x33 ..\obj\stm32f10x_usart.o
 .ARM.attributes
                0x00000165       0x33 ..\obj\syscalls.o
 .ARM.attributes
                0x00000198       0x33 ..\obj\adc.o
 .ARM.attributes
                0x000001cb       0x33 ..\obj\misc.o
 .ARM.attributes
                0x000001fe       0x33 ..\obj\GPIOHYSTM32.o
 .ARM.attributes
                0x00000231       0x33 ..\obj\systick.o
 .ARM.attributes
                0x00000264       0x33 ..\obj\usart.o
 .ARM.attributes
                0x00000297       0x2d c:/program files (x86)/gnu tools arm embedded/4.9 2015q1/bin/../lib/gcc/arm-none-eabi/4.9.3/../../../../arm-none-eabi/lib/armv7-m\libg.a(lib_a-printf.o)
 .ARM.attributes
                0x000002c4       0x2d c:/program files (x86)/gnu tools arm embedded/4.9 2015q1/bin/../lib/gcc/arm-none-eabi/4.9.3/../../../../arm-none-eabi/lib/armv7-m\libg.a(lib_a-vfprintf.o)
 .ARM.attributes
                0x000002f1       0x2d c:/program files (x86)/gnu tools arm embedded/4.9 2015q1/bin/../lib/gcc/arm-none-eabi/4.9.3/../../../../arm-none-eabi/lib/armv7-m\libg.a(lib_a-wsetup.o)
 .ARM.attributes
                0x0000031e       0x2d c:/program files (x86)/gnu tools arm embedded/4.9 2015q1/bin/../lib/gcc/arm-none-eabi/4.9.3/../../../../arm-none-eabi/lib/armv7-m\libg.a(lib_a-dtoa.o)
 .ARM.attributes
                0x0000034b       0x2d c:/program files (x86)/gnu tools arm embedded/4.9 2015q1/bin/../lib/gcc/arm-none-eabi/4.9.3/../../../../arm-none-eabi/lib/armv7-m\libg.a(lib_a-fflush.o)
 .ARM.attributes
                0x00000378       0x2d c:/program files (x86)/gnu tools arm embedded/4.9 2015q1/bin/../lib/gcc/arm-none-eabi/4.9.3/../../../../arm-none-eabi/lib/armv7-m\libg.a(lib_a-findfp.o)
 .ARM.attributes
                0x000003a5       0x2d c:/program files (x86)/gnu tools arm embedded/4.9 2015q1/bin/../lib/gcc/arm-none-eabi/4.9.3/../../../../arm-none-eabi/lib/armv7-m\libg.a(lib_a-freer.o)
 .ARM.attributes
                0x000003d2       0x2d c:/program files (x86)/gnu tools arm embedded/4.9 2015q1/bin/../lib/gcc/arm-none-eabi/4.9.3/../../../../arm-none-eabi/lib/armv7-m\libg.a(lib_a-fwalk.o)
 .ARM.attributes
                0x000003ff       0x2d c:/program files (x86)/gnu tools arm embedded/4.9 2015q1/bin/../lib/gcc/arm-none-eabi/4.9.3/../../../../arm-none-eabi/lib/armv7-m\libg.a(lib_a-impure.o)
 .ARM.attributes
                0x0000042c       0x2d c:/program files (x86)/gnu tools arm embedded/4.9 2015q1/bin/../lib/gcc/arm-none-eabi/4.9.3/../../../../arm-none-eabi/lib/armv7-m\libg.a(lib_a-locale.o)
 .ARM.attributes
                0x00000459       0x2d c:/program files (x86)/gnu tools arm embedded/4.9 2015q1/bin/../lib/gcc/arm-none-eabi/4.9.3/../../../../arm-none-eabi/lib/armv7-m\libg.a(lib_a-makebuf.o)
 .ARM.attributes
                0x00000486       0x2d c:/program files (x86)/gnu tools arm embedded/4.9 2015q1/bin/../lib/gcc/arm-none-eabi/4.9.3/../../../../arm-none-eabi/lib/armv7-m\libg.a(lib_a-mallocr.o)
 .ARM.attributes
                0x000004b3       0x2d c:/program files (x86)/gnu tools arm embedded/4.9 2015q1/bin/../lib/gcc/arm-none-eabi/4.9.3/../../../../arm-none-eabi/lib/armv7-m\libg.a(lib_a-memchr.o)
 .ARM.attributes
                0x000004e0       0x1b c:/program files (x86)/gnu tools arm embedded/4.9 2015q1/bin/../lib/gcc/arm-none-eabi/4.9.3/../../../../arm-none-eabi/lib/armv7-m\libg.a(lib_a-memcpy.o)
 .ARM.attributes
                0x000004fb       0x2d c:/program files (x86)/gnu tools arm embedded/4.9 2015q1/bin/../lib/gcc/arm-none-eabi/4.9.3/../../../../arm-none-eabi/lib/armv7-m\libg.a(lib_a-memset.o)
 .ARM.attributes
                0x00000528       0x2d c:/program files (x86)/gnu tools arm embedded/4.9 2015q1/bin/../lib/gcc/arm-none-eabi/4.9.3/../../../../arm-none-eabi/lib/armv7-m\libg.a(lib_a-mlock.o)
 .ARM.attributes
                0x00000555       0x2d c:/program files (x86)/gnu tools arm embedded/4.9 2015q1/bin/../lib/gcc/arm-none-eabi/4.9.3/../../../../arm-none-eabi/lib/armv7-m\libg.a(lib_a-mprec.o)
 .ARM.attributes
                0x00000582       0x2d c:/program files (x86)/gnu tools arm embedded/4.9 2015q1/bin/../lib/gcc/arm-none-eabi/4.9.3/../../../../arm-none-eabi/lib/armv7-m\libg.a(lib_a-s_fpclassify.o)
 .ARM.attributes
                0x000005af       0x2d c:/program files (x86)/gnu tools arm embedded/4.9 2015q1/bin/../lib/gcc/arm-none-eabi/4.9.3/../../../../arm-none-eabi/lib/armv7-m\libg.a(lib_a-sbrkr.o)
 .ARM.attributes
                0x000005dc       0x2d c:/program files (x86)/gnu tools arm embedded/4.9 2015q1/bin/../lib/gcc/arm-none-eabi/4.9.3/../../../../arm-none-eabi/lib/armv7-m\libg.a(lib_a-stdio.o)
 .ARM.attributes
                0x00000609       0x2d c:/program files (x86)/gnu tools arm embedded/4.9 2015q1/bin/../lib/gcc/arm-none-eabi/4.9.3/../../../../arm-none-eabi/lib/armv7-m\libg.a(lib_a-strlen.o)
 .ARM.attributes
                0x00000636       0x2d c:/program files (x86)/gnu tools arm embedded/4.9 2015q1/bin/../lib/gcc/arm-none-eabi/4.9.3/../../../../arm-none-eabi/lib/armv7-m\libg.a(lib_a-vfiprintf.o)
 .ARM.attributes
                0x00000663       0x2d c:/program files (x86)/gnu tools arm embedded/4.9 2015q1/bin/../lib/gcc/arm-none-eabi/4.9.3/../../../../arm-none-eabi/lib/armv7-m\libg.a(lib_a-writer.o)
 .ARM.attributes
                0x00000690       0x2d c:/program files (x86)/gnu tools arm embedded/4.9 2015q1/bin/../lib/gcc/arm-none-eabi/4.9.3/../../../../arm-none-eabi/lib/armv7-m\libg.a(lib_a-callocr.o)
 .ARM.attributes
                0x000006bd       0x2d c:/program files (x86)/gnu tools arm embedded/4.9 2015q1/bin/../lib/gcc/arm-none-eabi/4.9.3/../../../../arm-none-eabi/lib/armv7-m\libg.a(lib_a-closer.o)
 .ARM.attributes
                0x000006ea       0x2d c:/program files (x86)/gnu tools arm embedded/4.9 2015q1/bin/../lib/gcc/arm-none-eabi/4.9.3/../../../../arm-none-eabi/lib/armv7-m\libg.a(lib_a-fclose.o)
 .ARM.attributes
                0x00000717       0x2d c:/program files (x86)/gnu tools arm embedded/4.9 2015q1/bin/../lib/gcc/arm-none-eabi/4.9.3/../../../../arm-none-eabi/lib/armv7-m\libg.a(lib_a-fputwc.o)
 .ARM.attributes
                0x00000744       0x2d c:/program files (x86)/gnu tools arm embedded/4.9 2015q1/bin/../lib/gcc/arm-none-eabi/4.9.3/../../../../arm-none-eabi/lib/armv7-m\libg.a(lib_a-fstatr.o)
 .ARM.attributes
                0x00000771       0x2d c:/program files (x86)/gnu tools arm embedded/4.9 2015q1/bin/../lib/gcc/arm-none-eabi/4.9.3/../../../../arm-none-eabi/lib/armv7-m\libg.a(lib_a-fvwrite.o)
 .ARM.attributes
                0x0000079e       0x2d c:/program files (x86)/gnu tools arm embedded/4.9 2015q1/bin/../lib/gcc/arm-none-eabi/4.9.3/../../../../arm-none-eabi/lib/armv7-m\libg.a(lib_a-isattyr.o)
 .ARM.attributes
                0x000007cb       0x2d c:/program files (x86)/gnu tools arm embedded/4.9 2015q1/bin/../lib/gcc/arm-none-eabi/4.9.3/../../../../arm-none-eabi/lib/armv7-m\libg.a(lib_a-lseekr.o)
 .ARM.attributes
                0x000007f8       0x2d c:/program files (x86)/gnu tools arm embedded/4.9 2015q1/bin/../lib/gcc/arm-none-eabi/4.9.3/../../../../arm-none-eabi/lib/armv7-m\libg.a(lib_a-memmove.o)
 .ARM.attributes
                0x00000825       0x2d c:/program files (x86)/gnu tools arm embedded/4.9 2015q1/bin/../lib/gcc/arm-none-eabi/4.9.3/../../../../arm-none-eabi/lib/armv7-m\libg.a(lib_a-readr.o)
 .ARM.attributes
                0x00000852       0x2d c:/program files (x86)/gnu tools arm embedded/4.9 2015q1/bin/../lib/gcc/arm-none-eabi/4.9.3/../../../../arm-none-eabi/lib/armv7-m\libg.a(lib_a-reallocr.o)
 .ARM.attributes
                0x0000087f       0x2d c:/program files (x86)/gnu tools arm embedded/4.9 2015q1/bin/../lib/gcc/arm-none-eabi/4.9.3/../../../../arm-none-eabi/lib/armv7-m\libg.a(lib_a-reent.o)
 .ARM.attributes
                0x000008ac       0x2d c:/program files (x86)/gnu tools arm embedded/4.9 2015q1/bin/../lib/gcc/arm-none-eabi/4.9.3/../../../../arm-none-eabi/lib/armv7-m\libg.a(lib_a-wbuf.o)
 .ARM.attributes
                0x000008d9       0x2d c:/program files (x86)/gnu tools arm embedded/4.9 2015q1/bin/../lib/gcc/arm-none-eabi/4.9.3/../../../../arm-none-eabi/lib/armv7-m\libg.a(lib_a-wcrtomb.o)
 .ARM.attributes
                0x00000906       0x2d c:/program files (x86)/gnu tools arm embedded/4.9 2015q1/bin/../lib/gcc/arm-none-eabi/4.9.3/../../../../arm-none-eabi/lib/armv7-m\libg.a(lib_a-wctomb_r.o)
 .ARM.attributes
                0x00000933       0x1d c:/program files (x86)/gnu tools arm embedded/4.9 2015q1/bin/../lib/gcc/arm-none-eabi/4.9.3/armv7-m\libgcc.a(_arm_addsubdf3.o)
 .ARM.attributes
                0x00000950       0x1d c:/program files (x86)/gnu tools arm embedded/4.9 2015q1/bin/../lib/gcc/arm-none-eabi/4.9.3/armv7-m\libgcc.a(_arm_muldivdf3.o)
 .ARM.attributes
                0x0000096d       0x1d c:/program files (x86)/gnu tools arm embedded/4.9 2015q1/bin/../lib/gcc/arm-none-eabi/4.9.3/armv7-m\libgcc.a(_arm_cmpdf2.o)
 .ARM.attributes
                0x0000098a       0x1d c:/program files (x86)/gnu tools arm embedded/4.9 2015q1/bin/../lib/gcc/arm-none-eabi/4.9.3/armv7-m\libgcc.a(_arm_fixdfsi.o)
 .ARM.attributes
                0x000009a7       0x1d c:/program files (x86)/gnu tools arm embedded/4.9 2015q1/bin/../lib/gcc/arm-none-eabi/4.9.3/armv7-m\libgcc.a(_aeabi_uldivmod.o)
 .ARM.attributes
                0x000009c4       0x2d c:/program files (x86)/gnu tools arm embedded/4.9 2015q1/bin/../lib/gcc/arm-none-eabi/4.9.3/armv7-m\libgcc.a(bpabi.o)
 .ARM.attributes
                0x000009f1       0x1d c:/program files (x86)/gnu tools arm embedded/4.9 2015q1/bin/../lib/gcc/arm-none-eabi/4.9.3/armv7-m\libgcc.a(_dvmd_tls.o)
 .ARM.attributes
                0x00000a0e       0x2d c:/program files (x86)/gnu tools arm embedded/4.9 2015q1/bin/../lib/gcc/arm-none-eabi/4.9.3/armv7-m\libgcc.a(_divdi3.o)
 .ARM.attributes
                0x00000a3b       0x2d c:/program files (x86)/gnu tools arm embedded/4.9 2015q1/bin/../lib/gcc/arm-none-eabi/4.9.3/armv7-m\libgcc.a(_udivdi3.o)

.debug_frame    0x00000000     0x2688
 .debug_frame   0x00000000       0x98 ..\obj\system_stm32f10x.o
 .debug_frame   0x00000098       0x4c ..\obj\startup_stm32f10x_hd.o
 .debug_frame   0x000000e4      0x2d0 ..\obj\stm32f10x_gpio.o
 .debug_frame   0x000003b4       0x30 ..\obj\main.o
 .debug_frame   0x000003e4      0x4f4 ..\obj\stm32f10x_rcc.o
 .debug_frame   0x000008d8      0x5a4 ..\obj\stm32f10x_adc.o
 .debug_frame   0x00000e7c      0x490 ..\obj\stm32f10x_usart.o
 .debug_frame   0x0000130c      0x164 ..\obj\syscalls.o
 .debug_frame   0x00001470       0x58 ..\obj\adc.o
 .debug_frame   0x000014c8       0xd8 ..\obj\misc.o
 .debug_frame   0x000015a0       0x2c ..\obj\GPIOHYSTM32.o
 .debug_frame   0x000015cc       0xc0 ..\obj\systick.o
 .debug_frame   0x0000168c       0xc4 ..\obj\usart.o
 .debug_frame   0x00001750       0x78 c:/program files (x86)/gnu tools arm embedded/4.9 2015q1/bin/../lib/gcc/arm-none-eabi/4.9.3/../../../../arm-none-eabi/lib/armv7-m\libg.a(lib_a-printf.o)
 .debug_frame   0x000017c8       0x90 c:/program files (x86)/gnu tools arm embedded/4.9 2015q1/bin/../lib/gcc/arm-none-eabi/4.9.3/../../../../arm-none-eabi/lib/armv7-m\libg.a(lib_a-vfprintf.o)
 .debug_frame   0x00001858       0x2c c:/program files (x86)/gnu tools arm embedded/4.9 2015q1/bin/../lib/gcc/arm-none-eabi/4.9.3/../../../../arm-none-eabi/lib/armv7-m\libg.a(lib_a-wsetup.o)
 .debug_frame   0x00001884       0x84 c:/program files (x86)/gnu tools arm embedded/4.9 2015q1/bin/../lib/gcc/arm-none-eabi/4.9.3/../../../../arm-none-eabi/lib/armv7-m\libg.a(lib_a-dtoa.o)
 .debug_frame   0x00001908       0x6c c:/program files (x86)/gnu tools arm embedded/4.9 2015q1/bin/../lib/gcc/arm-none-eabi/4.9.3/../../../../arm-none-eabi/lib/armv7-m\libg.a(lib_a-fflush.o)
 .debug_frame   0x00001974      0x124 c:/program files (x86)/gnu tools arm embedded/4.9 2015q1/bin/../lib/gcc/arm-none-eabi/4.9.3/../../../../arm-none-eabi/lib/armv7-m\libg.a(lib_a-findfp.o)
 .debug_frame   0x00001a98       0x74 c:/program files (x86)/gnu tools arm embedded/4.9 2015q1/bin/../lib/gcc/arm-none-eabi/4.9.3/../../../../arm-none-eabi/lib/armv7-m\libg.a(lib_a-freer.o)
 .debug_frame   0x00001b0c       0x54 c:/program files (x86)/gnu tools arm embedded/4.9 2015q1/bin/../lib/gcc/arm-none-eabi/4.9.3/../../../../arm-none-eabi/lib/armv7-m\libg.a(lib_a-fwalk.o)
 .debug_frame   0x00001b60       0x9c c:/program files (x86)/gnu tools arm embedded/4.9 2015q1/bin/../lib/gcc/arm-none-eabi/4.9.3/../../../../arm-none-eabi/lib/armv7-m\libg.a(lib_a-locale.o)
 .debug_frame   0x00001bfc       0x48 c:/program files (x86)/gnu tools arm embedded/4.9 2015q1/bin/../lib/gcc/arm-none-eabi/4.9.3/../../../../arm-none-eabi/lib/armv7-m\libg.a(lib_a-makebuf.o)
 .debug_frame   0x00001c44       0x54 c:/program files (x86)/gnu tools arm embedded/4.9 2015q1/bin/../lib/gcc/arm-none-eabi/4.9.3/../../../../arm-none-eabi/lib/armv7-m\libg.a(lib_a-mallocr.o)
 .debug_frame   0x00001c98       0x3c c:/program files (x86)/gnu tools arm embedded/4.9 2015q1/bin/../lib/gcc/arm-none-eabi/4.9.3/../../../../arm-none-eabi/lib/armv7-m\libg.a(lib_a-memchr.o)
 .debug_frame   0x00001cd4       0x34 c:/program files (x86)/gnu tools arm embedded/4.9 2015q1/bin/../lib/gcc/arm-none-eabi/4.9.3/../../../../arm-none-eabi/lib/armv7-m\libg.a(lib_a-memset.o)
 .debug_frame   0x00001d08       0x30 c:/program files (x86)/gnu tools arm embedded/4.9 2015q1/bin/../lib/gcc/arm-none-eabi/4.9.3/../../../../arm-none-eabi/lib/armv7-m\libg.a(lib_a-mlock.o)
 .debug_frame   0x00001d38      0x268 c:/program files (x86)/gnu tools arm embedded/4.9 2015q1/bin/../lib/gcc/arm-none-eabi/4.9.3/../../../../arm-none-eabi/lib/armv7-m\libg.a(lib_a-mprec.o)
 .debug_frame   0x00001fa0       0x34 c:/program files (x86)/gnu tools arm embedded/4.9 2015q1/bin/../lib/gcc/arm-none-eabi/4.9.3/../../../../arm-none-eabi/lib/armv7-m\libg.a(lib_a-s_fpclassify.o)
 .debug_frame   0x00001fd4       0x2c c:/program files (x86)/gnu tools arm embedded/4.9 2015q1/bin/../lib/gcc/arm-none-eabi/4.9.3/../../../../arm-none-eabi/lib/armv7-m\libg.a(lib_a-sbrkr.o)
 .debug_frame   0x00002000       0x88 c:/program files (x86)/gnu tools arm embedded/4.9 2015q1/bin/../lib/gcc/arm-none-eabi/4.9.3/../../../../arm-none-eabi/lib/armv7-m\libg.a(lib_a-stdio.o)
 .debug_frame   0x00002088       0x20 c:/program files (x86)/gnu tools arm embedded/4.9 2015q1/bin/../lib/gcc/arm-none-eabi/4.9.3/../../../../arm-none-eabi/lib/armv7-m\libg.a(lib_a-strlen.o)
 .debug_frame   0x000020a8       0xd8 c:/program files (x86)/gnu tools arm embedded/4.9 2015q1/bin/../lib/gcc/arm-none-eabi/4.9.3/../../../../arm-none-eabi/lib/armv7-m\libg.a(lib_a-vfiprintf.o)
 .debug_frame   0x00002180       0x2c c:/program files (x86)/gnu tools arm embedded/4.9 2015q1/bin/../lib/gcc/arm-none-eabi/4.9.3/../../../../arm-none-eabi/lib/armv7-m\libg.a(lib_a-writer.o)
 .debug_frame   0x000021ac       0x28 c:/program files (x86)/gnu tools arm embedded/4.9 2015q1/bin/../lib/gcc/arm-none-eabi/4.9.3/../../../../arm-none-eabi/lib/armv7-m\libg.a(lib_a-callocr.o)
 .debug_frame   0x000021d4       0x2c c:/program files (x86)/gnu tools arm embedded/4.9 2015q1/bin/../lib/gcc/arm-none-eabi/4.9.3/../../../../arm-none-eabi/lib/armv7-m\libg.a(lib_a-closer.o)
 .debug_frame   0x00002200       0x44 c:/program files (x86)/gnu tools arm embedded/4.9 2015q1/bin/../lib/gcc/arm-none-eabi/4.9.3/../../../../arm-none-eabi/lib/armv7-m\libg.a(lib_a-fclose.o)
 .debug_frame   0x00002244       0x84 c:/program files (x86)/gnu tools arm embedded/4.9 2015q1/bin/../lib/gcc/arm-none-eabi/4.9.3/../../../../arm-none-eabi/lib/armv7-m\libg.a(lib_a-fputwc.o)
 .debug_frame   0x000022c8       0x2c c:/program files (x86)/gnu tools arm embedded/4.9 2015q1/bin/../lib/gcc/arm-none-eabi/4.9.3/../../../../arm-none-eabi/lib/armv7-m\libg.a(lib_a-fstatr.o)
 .debug_frame   0x000022f4       0x68 c:/program files (x86)/gnu tools arm embedded/4.9 2015q1/bin/../lib/gcc/arm-none-eabi/4.9.3/../../../../arm-none-eabi/lib/armv7-m\libg.a(lib_a-fvwrite.o)
 .debug_frame   0x0000235c       0x2c c:/program files (x86)/gnu tools arm embedded/4.9 2015q1/bin/../lib/gcc/arm-none-eabi/4.9.3/../../../../arm-none-eabi/lib/armv7-m\libg.a(lib_a-isattyr.o)
 .debug_frame   0x00002388       0x2c c:/program files (x86)/gnu tools arm embedded/4.9 2015q1/bin/../lib/gcc/arm-none-eabi/4.9.3/../../../../arm-none-eabi/lib/armv7-m\libg.a(lib_a-lseekr.o)
 .debug_frame   0x000023b4       0x30 c:/program files (x86)/gnu tools arm embedded/4.9 2015q1/bin/../lib/gcc/arm-none-eabi/4.9.3/../../../../arm-none-eabi/lib/armv7-m\libg.a(lib_a-memmove.o)
 .debug_frame   0x000023e4       0x2c c:/program files (x86)/gnu tools arm embedded/4.9 2015q1/bin/../lib/gcc/arm-none-eabi/4.9.3/../../../../arm-none-eabi/lib/armv7-m\libg.a(lib_a-readr.o)
 .debug_frame   0x00002410       0x58 c:/program files (x86)/gnu tools arm embedded/4.9 2015q1/bin/../lib/gcc/arm-none-eabi/4.9.3/../../../../arm-none-eabi/lib/armv7-m\libg.a(lib_a-reallocr.o)
 .debug_frame   0x00002468       0x58 c:/program files (x86)/gnu tools arm embedded/4.9 2015q1/bin/../lib/gcc/arm-none-eabi/4.9.3/../../../../arm-none-eabi/lib/armv7-m\libg.a(lib_a-reent.o)
 .debug_frame   0x000024c0       0x3c c:/program files (x86)/gnu tools arm embedded/4.9 2015q1/bin/../lib/gcc/arm-none-eabi/4.9.3/../../../../arm-none-eabi/lib/armv7-m\libg.a(lib_a-wbuf.o)
 .debug_frame   0x000024fc       0x60 c:/program files (x86)/gnu tools arm embedded/4.9 2015q1/bin/../lib/gcc/arm-none-eabi/4.9.3/../../../../arm-none-eabi/lib/armv7-m\libg.a(lib_a-wcrtomb.o)
 .debug_frame   0x0000255c       0x48 c:/program files (x86)/gnu tools arm embedded/4.9 2015q1/bin/../lib/gcc/arm-none-eabi/4.9.3/../../../../arm-none-eabi/lib/armv7-m\libg.a(lib_a-wctomb_r.o)
 .debug_frame   0x000025a4       0x28 c:/program files (x86)/gnu tools arm embedded/4.9 2015q1/bin/../lib/gcc/arm-none-eabi/4.9.3/armv7-m\libgcc.a(_aeabi_uldivmod.o)
 .debug_frame   0x000025cc       0x54 c:/program files (x86)/gnu tools arm embedded/4.9 2015q1/bin/../lib/gcc/arm-none-eabi/4.9.3/armv7-m\libgcc.a(bpabi.o)
 .debug_frame   0x00002620       0x34 c:/program files (x86)/gnu tools arm embedded/4.9 2015q1/bin/../lib/gcc/arm-none-eabi/4.9.3/armv7-m\libgcc.a(_divdi3.o)
 .debug_frame   0x00002654       0x34 c:/program files (x86)/gnu tools arm embedded/4.9 2015q1/bin/../lib/gcc/arm-none-eabi/4.9.3/armv7-m\libgcc.a(_udivdi3.o)
