
Allocating common symbols
Common symbol       size              file

TimmingDelay        0x4               ..\obj\systick.o
GPIO_InitStructure  0x4               ..\obj\main.o
SPI_InitStructure   0x12              ..\obj\main.o

Discarded input sections

 .text          0x00000000        0x0 ..\obj\spi.o
 .data          0x00000000        0x0 ..\obj\spi.o
 .bss           0x00000000        0x0 ..\obj\spi.o
 .text          0x00000000        0x0 ..\obj\stm32f10x_tim.o
 .data          0x00000000        0x0 ..\obj\stm32f10x_tim.o
 .bss           0x00000000        0x0 ..\obj\stm32f10x_tim.o
 .text.TIM_DeInit
                0x00000000      0x22c ..\obj\stm32f10x_tim.o
 .text.TIM_OC1Init
                0x00000000      0x118 ..\obj\stm32f10x_tim.o
 .text.TIM_OC2Init
                0x00000000      0x110 ..\obj\stm32f10x_tim.o
 .text.TIM_OC3Init
                0x00000000      0x10c ..\obj\stm32f10x_tim.o
 .text.TIM_OC4Init
                0x00000000       0xd0 ..\obj\stm32f10x_tim.o
 .text.TIM_ICInit
                0x00000000       0xa8 ..\obj\stm32f10x_tim.o
 .text.TIM_PWMIConfig
                0x00000000       0xb8 ..\obj\stm32f10x_tim.o
 .text.TIM_BDTRConfig
                0x00000000       0x50 ..\obj\stm32f10x_tim.o
 .text.TIM_TimeBaseStructInit
                0x00000000       0x34 ..\obj\stm32f10x_tim.o
 .text.TIM_OCStructInit
                0x00000000       0x44 ..\obj\stm32f10x_tim.o
 .text.TIM_ICStructInit
                0x00000000       0x30 ..\obj\stm32f10x_tim.o
 .text.TIM_BDTRStructInit
                0x00000000       0x3c ..\obj\stm32f10x_tim.o
 .text.TIM_CtrlPWMOutputs
                0x00000000       0x4c ..\obj\stm32f10x_tim.o
 .text.TIM_GenerateEvent
                0x00000000       0x1c ..\obj\stm32f10x_tim.o
 .text.TIM_DMAConfig
                0x00000000       0x28 ..\obj\stm32f10x_tim.o
 .text.TIM_DMACmd
                0x00000000       0x48 ..\obj\stm32f10x_tim.o
 .text.TIM_InternalClockConfig
                0x00000000       0x24 ..\obj\stm32f10x_tim.o
 .text.TIM_ITRxExternalClockConfig
                0x00000000       0x2c ..\obj\stm32f10x_tim.o
 .text.TIM_TIxExternalClockConfig
                0x00000000       0x60 ..\obj\stm32f10x_tim.o
 .text.TIM_ETRClockMode1Config
                0x00000000       0x5c ..\obj\stm32f10x_tim.o
 .text.TIM_ETRClockMode2Config
                0x00000000       0x3c ..\obj\stm32f10x_tim.o
 .text.TIM_ETRConfig
                0x00000000       0x54 ..\obj\stm32f10x_tim.o
 .text.TIM_PrescalerConfig
                0x00000000       0x28 ..\obj\stm32f10x_tim.o
 .text.TIM_CounterModeConfig
                0x00000000       0x38 ..\obj\stm32f10x_tim.o
 .text.TIM_SelectInputTrigger
                0x00000000       0x38 ..\obj\stm32f10x_tim.o
 .text.TIM_EncoderInterfaceConfig
                0x00000000       0x98 ..\obj\stm32f10x_tim.o
 .text.TIM_ForcedOC1Config
                0x00000000       0x38 ..\obj\stm32f10x_tim.o
 .text.TIM_ForcedOC2Config
                0x00000000       0x3c ..\obj\stm32f10x_tim.o
 .text.TIM_ForcedOC3Config
                0x00000000       0x38 ..\obj\stm32f10x_tim.o
 .text.TIM_ForcedOC4Config
                0x00000000       0x3c ..\obj\stm32f10x_tim.o
 .text.TIM_SelectCOM
                0x00000000       0x40 ..\obj\stm32f10x_tim.o
 .text.TIM_SelectCCDMA
                0x00000000       0x40 ..\obj\stm32f10x_tim.o
 .text.TIM_CCPreloadControl
                0x00000000       0x40 ..\obj\stm32f10x_tim.o
 .text.TIM_OC1PreloadConfig
                0x00000000       0x38 ..\obj\stm32f10x_tim.o
 .text.TIM_OC2PreloadConfig
                0x00000000       0x3c ..\obj\stm32f10x_tim.o
 .text.TIM_OC3PreloadConfig
                0x00000000       0x38 ..\obj\stm32f10x_tim.o
 .text.TIM_OC4PreloadConfig
                0x00000000       0x3c ..\obj\stm32f10x_tim.o
 .text.TIM_OC1FastConfig
                0x00000000       0x38 ..\obj\stm32f10x_tim.o
 .text.TIM_OC2FastConfig
                0x00000000       0x3c ..\obj\stm32f10x_tim.o
 .text.TIM_OC3FastConfig
                0x00000000       0x38 ..\obj\stm32f10x_tim.o
 .text.TIM_OC4FastConfig
                0x00000000       0x3c ..\obj\stm32f10x_tim.o
 .text.TIM_ClearOC1Ref
                0x00000000       0x38 ..\obj\stm32f10x_tim.o
 .text.TIM_ClearOC2Ref
                0x00000000       0x3c ..\obj\stm32f10x_tim.o
 .text.TIM_ClearOC3Ref
                0x00000000       0x38 ..\obj\stm32f10x_tim.o
 .text.TIM_ClearOC4Ref
                0x00000000       0x3c ..\obj\stm32f10x_tim.o
 .text.TIM_OC1PolarityConfig
                0x00000000       0x38 ..\obj\stm32f10x_tim.o
 .text.TIM_OC1NPolarityConfig
                0x00000000       0x38 ..\obj\stm32f10x_tim.o
 .text.TIM_OC2PolarityConfig
                0x00000000       0x3c ..\obj\stm32f10x_tim.o
 .text.TIM_OC2NPolarityConfig
                0x00000000       0x3c ..\obj\stm32f10x_tim.o
 .text.TIM_OC3PolarityConfig
                0x00000000       0x3c ..\obj\stm32f10x_tim.o
 .text.TIM_OC3NPolarityConfig
                0x00000000       0x3c ..\obj\stm32f10x_tim.o
 .text.TIM_OC4PolarityConfig
                0x00000000       0x3c ..\obj\stm32f10x_tim.o
 .text.TIM_CCxCmd
                0x00000000       0x54 ..\obj\stm32f10x_tim.o
 .text.TIM_CCxNCmd
                0x00000000       0x54 ..\obj\stm32f10x_tim.o
 .text.TIM_SelectOCxM
                0x00000000       0xac ..\obj\stm32f10x_tim.o
 .text.TIM_UpdateDisableConfig
                0x00000000       0x40 ..\obj\stm32f10x_tim.o
 .text.TIM_UpdateRequestConfig
                0x00000000       0x40 ..\obj\stm32f10x_tim.o
 .text.TIM_SelectHallSensor
                0x00000000       0x40 ..\obj\stm32f10x_tim.o
 .text.TIM_SelectOnePulseMode
                0x00000000       0x38 ..\obj\stm32f10x_tim.o
 .text.TIM_SelectOutputTrigger
                0x00000000       0x38 ..\obj\stm32f10x_tim.o
 .text.TIM_SelectSlaveMode
                0x00000000       0x38 ..\obj\stm32f10x_tim.o
 .text.TIM_SelectMasterSlaveMode
                0x00000000       0x38 ..\obj\stm32f10x_tim.o
 .text.TIM_SetCounter
                0x00000000       0x1c ..\obj\stm32f10x_tim.o
 .text.TIM_SetAutoreload
                0x00000000       0x1c ..\obj\stm32f10x_tim.o
 .text.TIM_SetCompare1
                0x00000000       0x1c ..\obj\stm32f10x_tim.o
 .text.TIM_SetCompare2
                0x00000000       0x1c ..\obj\stm32f10x_tim.o
 .text.TIM_SetCompare3
                0x00000000       0x1c ..\obj\stm32f10x_tim.o
 .text.TIM_SetCompare4
                0x00000000       0x20 ..\obj\stm32f10x_tim.o
 .text.TIM_SetIC1Prescaler
                0x00000000       0x38 ..\obj\stm32f10x_tim.o
 .text.TIM_SetIC2Prescaler
                0x00000000       0x3c ..\obj\stm32f10x_tim.o
 .text.TIM_SetIC3Prescaler
                0x00000000       0x38 ..\obj\stm32f10x_tim.o
 .text.TIM_SetIC4Prescaler
                0x00000000       0x3c ..\obj\stm32f10x_tim.o
 .text.TIM_SetClockDivision
                0x00000000       0x38 ..\obj\stm32f10x_tim.o
 .text.TIM_GetCapture1
                0x00000000       0x1c ..\obj\stm32f10x_tim.o
 .text.TIM_GetCapture2
                0x00000000       0x1c ..\obj\stm32f10x_tim.o
 .text.TIM_GetCapture3
                0x00000000       0x1c ..\obj\stm32f10x_tim.o
 .text.TIM_GetCapture4
                0x00000000       0x1c ..\obj\stm32f10x_tim.o
 .text.TIM_GetCounter
                0x00000000       0x1c ..\obj\stm32f10x_tim.o
 .text.TIM_GetPrescaler
                0x00000000       0x1c ..\obj\stm32f10x_tim.o
 .text.TIM_GetFlagStatus
                0x00000000       0x38 ..\obj\stm32f10x_tim.o
 .text.TIM_ClearFlag
                0x00000000       0x20 ..\obj\stm32f10x_tim.o
 .text.TIM_GetITStatus
                0x00000000       0x54 ..\obj\stm32f10x_tim.o
 .text.TI1_Config
                0x00000000       0xe0 ..\obj\stm32f10x_tim.o
 .text.TI2_Config
                0x00000000       0xf4 ..\obj\stm32f10x_tim.o
 .text.TI3_Config
                0x00000000       0xec ..\obj\stm32f10x_tim.o
 .text.TI4_Config
                0x00000000       0xf8 ..\obj\stm32f10x_tim.o
 .text          0x00000000        0x0 ..\obj\i2c.o
 .data          0x00000000        0x0 ..\obj\i2c.o
 .bss           0x00000000        0x0 ..\obj\i2c.o
 .debug_line    0x00000000        0x0 ..\obj\i2c.o
 .debug_str     0x00000000       0xb7 ..\obj\i2c.o
 .comment       0x00000000       0x71 ..\obj\i2c.o
 .ARM.attributes
                0x00000000       0x33 ..\obj\i2c.o
 .text          0x00000000        0x0 ..\obj\system_stm32f10x.o
 .data          0x00000000       0x14 ..\obj\system_stm32f10x.o
 .bss           0x00000000        0x0 ..\obj\system_stm32f10x.o
 .text.SystemCoreClockUpdate
                0x00000000       0xdc ..\obj\system_stm32f10x.o
 .text          0x00000000        0x0 ..\obj\startup_stm32f10x_hd.o
 .data          0x00000000        0x0 ..\obj\startup_stm32f10x_hd.o
 .bss           0x00000000        0x0 ..\obj\startup_stm32f10x_hd.o
 .text          0x00000000        0x0 ..\obj\diskio.o
 .data          0x00000000        0x0 ..\obj\diskio.o
 .bss           0x00000000        0x0 ..\obj\diskio.o
 .text          0x00000000        0x0 ..\obj\stm32f10x_gpio.o
 .data          0x00000000        0x0 ..\obj\stm32f10x_gpio.o
 .bss           0x00000000        0x0 ..\obj\stm32f10x_gpio.o
 .text.GPIO_DeInit
                0x00000000       0xe4 ..\obj\stm32f10x_gpio.o
 .text.GPIO_AFIODeInit
                0x00000000       0x18 ..\obj\stm32f10x_gpio.o
 .text.GPIO_StructInit
                0x00000000       0x28 ..\obj\stm32f10x_gpio.o
 .text.GPIO_ReadInputDataBit
                0x00000000       0x34 ..\obj\stm32f10x_gpio.o
 .text.GPIO_ReadInputData
                0x00000000       0x1c ..\obj\stm32f10x_gpio.o
 .text.GPIO_ReadOutputDataBit
                0x00000000       0x34 ..\obj\stm32f10x_gpio.o
 .text.GPIO_ReadOutputData
                0x00000000       0x1c ..\obj\stm32f10x_gpio.o
 .text.GPIO_WriteBit
                0x00000000       0x30 ..\obj\stm32f10x_gpio.o
 .text.GPIO_Write
                0x00000000       0x1c ..\obj\stm32f10x_gpio.o
 .text.GPIO_PinLockConfig
                0x00000000       0x44 ..\obj\stm32f10x_gpio.o
 .text.GPIO_EventOutputConfig
                0x00000000       0x4c ..\obj\stm32f10x_gpio.o
 .text.GPIO_EventOutputCmd
                0x00000000       0x20 ..\obj\stm32f10x_gpio.o
 .text.GPIO_PinRemapConfig
                0x00000000       0xe0 ..\obj\stm32f10x_gpio.o
 .text.GPIO_EXTILineConfig
                0x00000000       0x84 ..\obj\stm32f10x_gpio.o
 .text.GPIO_ETH_MediaInterfaceConfig
                0x00000000       0x1c ..\obj\stm32f10x_gpio.o
 .text          0x00000000        0x0 ..\obj\main.o
 .data          0x00000000        0x0 ..\obj\main.o
 .bss           0x00000000        0x0 ..\obj\main.o
 .text          0x00000000        0x0 ..\obj\stm32_ub_fatfs.o
 .data          0x00000000        0x0 ..\obj\stm32_ub_fatfs.o
 .text.UB_Fatfs_DelFile
                0x00000000       0x34 ..\obj\stm32_ub_fatfs.o
 .text.UB_Fatfs_ReadString
                0x00000000       0x58 ..\obj\stm32_ub_fatfs.o
 .text.UB_Fatfs_FileSize
                0x00000000       0x2c ..\obj\stm32_ub_fatfs.o
 .text.UB_Fatfs_ReadBlock
                0x00000000       0x74 ..\obj\stm32_ub_fatfs.o
 .text.UB_Fatfs_WriteBlock
                0x00000000       0x74 ..\obj\stm32_ub_fatfs.o
 .text          0x00000000        0x0 ..\obj\stm32f10x_rcc.o
 .data          0x00000000       0x14 ..\obj\stm32f10x_rcc.o
 .bss           0x00000000        0x0 ..\obj\stm32f10x_rcc.o
 .text.RCC_DeInit
                0x00000000       0x5c ..\obj\stm32f10x_rcc.o
 .text.RCC_HSEConfig
                0x00000000       0x5c ..\obj\stm32f10x_rcc.o
 .text.RCC_WaitForHSEStartUp
                0x00000000       0x50 ..\obj\stm32f10x_rcc.o
 .text.RCC_AdjustHSICalibrationValue
                0x00000000       0x3c ..\obj\stm32f10x_rcc.o
 .text.RCC_HSICmd
                0x00000000       0x20 ..\obj\stm32f10x_rcc.o
 .text.RCC_PLLConfig
                0x00000000       0x3c ..\obj\stm32f10x_rcc.o
 .text.RCC_PLLCmd
                0x00000000       0x20 ..\obj\stm32f10x_rcc.o
 .text.RCC_SYSCLKConfig
                0x00000000       0x38 ..\obj\stm32f10x_rcc.o
 .text.RCC_GetSYSCLKSource
                0x00000000       0x20 ..\obj\stm32f10x_rcc.o
 .text.RCC_HCLKConfig
                0x00000000       0x38 ..\obj\stm32f10x_rcc.o
 .text.RCC_PCLK1Config
                0x00000000       0x38 ..\obj\stm32f10x_rcc.o
 .text.RCC_PCLK2Config
                0x00000000       0x38 ..\obj\stm32f10x_rcc.o
 .text.RCC_ITConfig
                0x00000000       0x4c ..\obj\stm32f10x_rcc.o
 .text.RCC_USBCLKConfig
                0x00000000       0x1c ..\obj\stm32f10x_rcc.o
 .text.RCC_ADCCLKConfig
                0x00000000       0x38 ..\obj\stm32f10x_rcc.o
 .text.RCC_LSEConfig
                0x00000000       0x40 ..\obj\stm32f10x_rcc.o
 .text.RCC_LSICmd
                0x00000000       0x20 ..\obj\stm32f10x_rcc.o
 .text.RCC_RTCCLKConfig
                0x00000000       0x24 ..\obj\stm32f10x_rcc.o
 .text.RCC_RTCCLKCmd
                0x00000000       0x20 ..\obj\stm32f10x_rcc.o
 .text.RCC_GetClocksFreq
                0x00000000      0x164 ..\obj\stm32f10x_rcc.o
 .text.RCC_AHBPeriphClockCmd
                0x00000000       0x3c ..\obj\stm32f10x_rcc.o
 .text.RCC_APB2PeriphResetCmd
                0x00000000       0x3c ..\obj\stm32f10x_rcc.o
 .text.RCC_APB1PeriphResetCmd
                0x00000000       0x3c ..\obj\stm32f10x_rcc.o
 .text.RCC_BackupResetCmd
                0x00000000       0x20 ..\obj\stm32f10x_rcc.o
 .text.RCC_ClockSecuritySystemCmd
                0x00000000       0x20 ..\obj\stm32f10x_rcc.o
 .text.RCC_MCOConfig
                0x00000000       0x20 ..\obj\stm32f10x_rcc.o
 .text.RCC_GetFlagStatus
                0x00000000       0x74 ..\obj\stm32f10x_rcc.o
 .text.RCC_ClearFlag
                0x00000000       0x1c ..\obj\stm32f10x_rcc.o
 .text.RCC_GetITStatus
                0x00000000       0x38 ..\obj\stm32f10x_rcc.o
 .text.RCC_ClearITPendingBit
                0x00000000       0x20 ..\obj\stm32f10x_rcc.o
 .text          0x00000000        0x0 ..\obj\stm32f10x_adc.o
 .data          0x00000000        0x0 ..\obj\stm32f10x_adc.o
 .bss           0x00000000        0x0 ..\obj\stm32f10x_adc.o
 .text.ADC_DeInit
                0x00000000       0x74 ..\obj\stm32f10x_adc.o
 .text.ADC_Init
                0x00000000       0xa4 ..\obj\stm32f10x_adc.o
 .text.ADC_StructInit
                0x00000000       0x38 ..\obj\stm32f10x_adc.o
 .text.ADC_Cmd  0x00000000       0x38 ..\obj\stm32f10x_adc.o
 .text.ADC_DMACmd
                0x00000000       0x38 ..\obj\stm32f10x_adc.o
 .text.ADC_ITConfig
                0x00000000       0x44 ..\obj\stm32f10x_adc.o
 .text.ADC_ResetCalibration
                0x00000000       0x20 ..\obj\stm32f10x_adc.o
 .text.ADC_GetResetCalibrationStatus
                0x00000000       0x30 ..\obj\stm32f10x_adc.o
 .text.ADC_StartCalibration
                0x00000000       0x20 ..\obj\stm32f10x_adc.o
 .text.ADC_GetCalibrationStatus
                0x00000000       0x30 ..\obj\stm32f10x_adc.o
 .text.ADC_SoftwareStartConvCmd
                0x00000000       0x38 ..\obj\stm32f10x_adc.o
 .text.ADC_GetSoftwareStartConvStatus
                0x00000000       0x30 ..\obj\stm32f10x_adc.o
 .text.ADC_DiscModeChannelCountConfig
                0x00000000       0x44 ..\obj\stm32f10x_adc.o
 .text.ADC_DiscModeCmd
                0x00000000       0x38 ..\obj\stm32f10x_adc.o
 .text.ADC_RegularChannelConfig
                0x00000000      0x194 ..\obj\stm32f10x_adc.o
 .text.ADC_ExternalTrigConvCmd
                0x00000000       0x38 ..\obj\stm32f10x_adc.o
 .text.ADC_GetConversionValue
                0x00000000       0x1c ..\obj\stm32f10x_adc.o
 .text.ADC_GetDualModeConversionValue
                0x00000000       0x18 ..\obj\stm32f10x_adc.o
 .text.ADC_AutoInjectedConvCmd
                0x00000000       0x38 ..\obj\stm32f10x_adc.o
 .text.ADC_InjectedDiscModeCmd
                0x00000000       0x38 ..\obj\stm32f10x_adc.o
 .text.ADC_ExternalTrigInjectedConvConfig
                0x00000000       0x34 ..\obj\stm32f10x_adc.o
 .text.ADC_ExternalTrigInjectedConvCmd
                0x00000000       0x38 ..\obj\stm32f10x_adc.o
 .text.ADC_SoftwareStartInjectedConvCmd
                0x00000000       0x38 ..\obj\stm32f10x_adc.o
 .text.ADC_GetSoftwareStartInjectedConvCmdStatus
                0x00000000       0x30 ..\obj\stm32f10x_adc.o
 .text.ADC_InjectedChannelConfig
                0x00000000      0x120 ..\obj\stm32f10x_adc.o
 .text.ADC_InjectedSequencerLengthConfig
                0x00000000       0x44 ..\obj\stm32f10x_adc.o
 .text.ADC_SetInjectedOffset
                0x00000000       0x34 ..\obj\stm32f10x_adc.o
 .text.ADC_GetInjectedConversionValue
                0x00000000       0x30 ..\obj\stm32f10x_adc.o
 .text.ADC_AnalogWatchdogCmd
                0x00000000       0x38 ..\obj\stm32f10x_adc.o
 .text.ADC_AnalogWatchdogThresholdsConfig
                0x00000000       0x28 ..\obj\stm32f10x_adc.o
 .text.ADC_AnalogWatchdogSingleChannelConfig
                0x00000000       0x38 ..\obj\stm32f10x_adc.o
 .text.ADC_TempSensorVrefintCmd
                0x00000000       0x38 ..\obj\stm32f10x_adc.o
 .text.ADC_GetFlagStatus
                0x00000000       0x34 ..\obj\stm32f10x_adc.o
 .text.ADC_ClearFlag
                0x00000000       0x20 ..\obj\stm32f10x_adc.o
 .text.ADC_GetITStatus
                0x00000000       0x58 ..\obj\stm32f10x_adc.o
 .text.ADC_ClearITPendingBit
                0x00000000       0x2c ..\obj\stm32f10x_adc.o
 .debug_info    0x00000000      0xb74 ..\obj\stm32f10x_adc.o
 .debug_abbrev  0x00000000      0x198 ..\obj\stm32f10x_adc.o
 .debug_aranges
                0x00000000      0x138 ..\obj\stm32f10x_adc.o
 .debug_ranges  0x00000000      0x128 ..\obj\stm32f10x_adc.o
 .debug_line    0x00000000      0x526 ..\obj\stm32f10x_adc.o
 .debug_str     0x00000000      0x709 ..\obj\stm32f10x_adc.o
 .comment       0x00000000       0x71 ..\obj\stm32f10x_adc.o
 .debug_frame   0x00000000      0x5a4 ..\obj\stm32f10x_adc.o
 .ARM.attributes
                0x00000000       0x33 ..\obj\stm32f10x_adc.o
 .text          0x00000000        0x0 ..\obj\stm32f10x_usart.o
 .data          0x00000000        0x0 ..\obj\stm32f10x_usart.o
 .bss           0x00000000        0x0 ..\obj\stm32f10x_usart.o
 .text.USART_DeInit
                0x00000000       0xb8 ..\obj\stm32f10x_usart.o
 .text.USART_Init
                0x00000000      0x174 ..\obj\stm32f10x_usart.o
 .text.USART_StructInit
                0x00000000       0x38 ..\obj\stm32f10x_usart.o
 .text.USART_ClockInit
                0x00000000       0x58 ..\obj\stm32f10x_usart.o
 .text.USART_ClockStructInit
                0x00000000       0x2c ..\obj\stm32f10x_usart.o
 .text.USART_Cmd
                0x00000000       0x40 ..\obj\stm32f10x_usart.o
 .text.USART_ITConfig
                0x00000000       0x90 ..\obj\stm32f10x_usart.o
 .text.USART_DMACmd
                0x00000000       0x48 ..\obj\stm32f10x_usart.o
 .text.USART_SetAddress
                0x00000000       0x38 ..\obj\stm32f10x_usart.o
 .text.USART_WakeUpConfig
                0x00000000       0x38 ..\obj\stm32f10x_usart.o
 .text.USART_ReceiverWakeUpCmd
                0x00000000       0x40 ..\obj\stm32f10x_usart.o
 .text.USART_LINBreakDetectLengthConfig
                0x00000000       0x38 ..\obj\stm32f10x_usart.o
 .text.USART_LINCmd
                0x00000000       0x40 ..\obj\stm32f10x_usart.o
 .text.USART_SendBreak
                0x00000000       0x24 ..\obj\stm32f10x_usart.o
 .text.USART_SetGuardTime
                0x00000000       0x3c ..\obj\stm32f10x_usart.o
 .text.USART_SetPrescaler
                0x00000000       0x38 ..\obj\stm32f10x_usart.o
 .text.USART_SmartCardCmd
                0x00000000       0x40 ..\obj\stm32f10x_usart.o
 .text.USART_SmartCardNACKCmd
                0x00000000       0x40 ..\obj\stm32f10x_usart.o
 .text.USART_HalfDuplexCmd
                0x00000000       0x40 ..\obj\stm32f10x_usart.o
 .text.USART_OverSampling8Cmd
                0x00000000       0x44 ..\obj\stm32f10x_usart.o
 .text.USART_OneBitMethodCmd
                0x00000000       0x40 ..\obj\stm32f10x_usart.o
 .text.USART_IrDAConfig
                0x00000000       0x38 ..\obj\stm32f10x_usart.o
 .text.USART_IrDACmd
                0x00000000       0x40 ..\obj\stm32f10x_usart.o
 .text.USART_ClearFlag
                0x00000000       0x20 ..\obj\stm32f10x_usart.o
 .text.USART_ClearITPendingBit
                0x00000000       0x38 ..\obj\stm32f10x_usart.o
 .text          0x00000000        0x0 ..\obj\stm32_ub_sdcard.o
 .text.init_gpio
                0x00000000       0x30 ..\obj\stm32_ub_sdcard.o
 .text          0x00000000        0x0 ..\obj\stm32_ub_usbdisk.o
 .data          0x00000000        0x0 ..\obj\stm32_ub_usbdisk.o
 .bss           0x00000000        0x0 ..\obj\stm32_ub_usbdisk.o
 .text.UB_USBDisk_Init
                0x00000000        0xc ..\obj\stm32_ub_usbdisk.o
 .text.UB_USBDrive_CheckMedia
                0x00000000       0x18 ..\obj\stm32_ub_usbdisk.o
 .text          0x00000000        0x0 ..\obj\syscalls.o
 .data          0x00000000        0x0 ..\obj\syscalls.o
 .bss           0x00000000        0x4 ..\obj\syscalls.o
 .text._sbrk    0x00000000       0x40 ..\obj\syscalls.o
 .text.link     0x00000000       0x1c ..\obj\syscalls.o
 .text._close   0x00000000       0x18 ..\obj\syscalls.o
 .text._fstat   0x00000000       0x20 ..\obj\syscalls.o
 .text._isatty  0x00000000       0x18 ..\obj\syscalls.o
 .text._lseek   0x00000000       0x1c ..\obj\syscalls.o
 .text._read    0x00000000       0x1c ..\obj\syscalls.o
 .text._write   0x00000000       0x40 ..\obj\syscalls.o
 .text.abort    0x00000000        0x8 ..\obj\syscalls.o
 .debug_info    0x00000000      0x533 ..\obj\syscalls.o
 .debug_abbrev  0x00000000      0x17c ..\obj\syscalls.o
 .debug_aranges
                0x00000000       0x60 ..\obj\syscalls.o
 .debug_ranges  0x00000000       0x50 ..\obj\syscalls.o
 .debug_line    0x00000000      0x2c3 ..\obj\syscalls.o
 .debug_str     0x00000000      0x383 ..\obj\syscalls.o
 .comment       0x00000000       0x71 ..\obj\syscalls.o
 .debug_frame   0x00000000      0x164 ..\obj\syscalls.o
 .ARM.attributes
                0x00000000       0x33 ..\obj\syscalls.o
 .text          0x00000000        0x0 ..\obj\adc.o
 .data          0x00000000        0x0 ..\obj\adc.o
 .bss           0x00000000        0x0 ..\obj\adc.o
 .text.init_ADC
                0x00000000       0x60 ..\obj\adc.o
 .text.read_ADC
                0x00000000       0x48 ..\obj\adc.o
 .debug_info    0x00000000      0x40b ..\obj\adc.o
 .debug_abbrev  0x00000000      0x12a ..\obj\adc.o
 .debug_aranges
                0x00000000       0x28 ..\obj\adc.o
 .debug_ranges  0x00000000       0x18 ..\obj\adc.o
 .debug_line    0x00000000      0x22c ..\obj\adc.o
 .debug_str     0x00000000      0x3e8 ..\obj\adc.o
 .comment       0x00000000       0x71 ..\obj\adc.o
 .debug_frame   0x00000000       0x58 ..\obj\adc.o
 .ARM.attributes
                0x00000000       0x33 ..\obj\adc.o
 .text          0x00000000        0x0 ..\obj\stm32_ub_atadrive.o
 .data          0x00000000        0x0 ..\obj\stm32_ub_atadrive.o
 .bss           0x00000000        0x0 ..\obj\stm32_ub_atadrive.o
 .text.UB_ATADrive_Init
                0x00000000        0xc ..\obj\stm32_ub_atadrive.o
 .text.UB_ATADrive_CheckMedia
                0x00000000       0x18 ..\obj\stm32_ub_atadrive.o
 .text          0x00000000        0x0 ..\obj\ff.o
 .data          0x00000000        0x0 ..\obj\ff.o
 .text.dir_read
                0x00000000       0xb0 ..\obj\ff.o
 .text.dir_remove
                0x00000000       0x60 ..\obj\ff.o
 .text.get_fileinfo
                0x00000000       0xdc ..\obj\ff.o
 .text.f_read   0x00000000      0x278 ..\obj\ff.o
 .text.f_opendir
                0x00000000       0xbc ..\obj\ff.o
 .text.f_closedir
                0x00000000       0x28 ..\obj\ff.o
 .text.f_readdir
                0x00000000       0x88 ..\obj\ff.o
 .text.f_stat   0x00000000       0x78 ..\obj\ff.o
 .text.f_truncate
                0x00000000      0x150 ..\obj\ff.o
 .text.f_unlink
                0x00000000      0x15c ..\obj\ff.o
 .text.f_mkdir  0x00000000      0x244 ..\obj\ff.o
 .text.f_chmod  0x00000000       0xac ..\obj\ff.o
 .text.f_rename
                0x00000000      0x1b8 ..\obj\ff.o
 .text.f_utime  0x00000000       0xb4 ..\obj\ff.o
 .text.f_gets   0x00000000       0x78 ..\obj\ff.o
 .text.f_printf
                0x00000000      0x430 ..\obj\ff.o
 .text          0x00000000        0x0 ..\obj\misc.o
 .data          0x00000000        0x0 ..\obj\misc.o
 .bss           0x00000000        0x0 ..\obj\misc.o
 .text.NVIC_PriorityGroupConfig
                0x00000000       0x24 ..\obj\misc.o
 .text.NVIC_SetVectorTable
                0x00000000       0x2c ..\obj\misc.o
 .text.NVIC_SystemLPConfig
                0x00000000       0x40 ..\obj\misc.o
 .text.SysTick_CLKSourceConfig
                0x00000000       0x38 ..\obj\misc.o
 .text          0x00000000        0x0 ..\obj\GPIOHYSTM32.o
 .data          0x00000000        0x0 ..\obj\GPIOHYSTM32.o
 .bss           0x00000000        0x0 ..\obj\GPIOHYSTM32.o
 .text          0x00000000        0x0 ..\obj\stm32f10x_spi.o
 .data          0x00000000        0x0 ..\obj\stm32f10x_spi.o
 .bss           0x00000000        0x0 ..\obj\stm32f10x_spi.o
 .text.SPI_I2S_DeInit
                0x00000000       0x74 ..\obj\stm32f10x_spi.o
 .text.I2S_Init
                0x00000000      0x164 ..\obj\stm32f10x_spi.o
 .text.SPI_StructInit
                0x00000000       0x48 ..\obj\stm32f10x_spi.o
 .text.I2S_StructInit
                0x00000000       0x38 ..\obj\stm32f10x_spi.o
 .text.I2S_Cmd  0x00000000       0x40 ..\obj\stm32f10x_spi.o
 .text.SPI_I2S_ITConfig
                0x00000000       0x60 ..\obj\stm32f10x_spi.o
 .text.SPI_I2S_DMACmd
                0x00000000       0x48 ..\obj\stm32f10x_spi.o
 .text.SPI_NSSInternalSoftwareConfig
                0x00000000       0x44 ..\obj\stm32f10x_spi.o
 .text.SPI_SSOutputCmd
                0x00000000       0x40 ..\obj\stm32f10x_spi.o
 .text.SPI_DataSizeConfig
                0x00000000       0x38 ..\obj\stm32f10x_spi.o
 .text.SPI_TransmitCRC
                0x00000000       0x24 ..\obj\stm32f10x_spi.o
 .text.SPI_CalculateCRC
                0x00000000       0x40 ..\obj\stm32f10x_spi.o
 .text.SPI_GetCRC
                0x00000000       0x34 ..\obj\stm32f10x_spi.o
 .text.SPI_GetCRCPolynomial
                0x00000000       0x1c ..\obj\stm32f10x_spi.o
 .text.SPI_BiDirectionalLineConfig
                0x00000000       0x40 ..\obj\stm32f10x_spi.o
 .text.SPI_I2S_ClearFlag
                0x00000000       0x20 ..\obj\stm32f10x_spi.o
 .text.SPI_I2S_GetITStatus
                0x00000000       0x78 ..\obj\stm32f10x_spi.o
 .text.SPI_I2S_ClearITPendingBit
                0x00000000       0x34 ..\obj\stm32f10x_spi.o
 .text          0x00000000        0x0 ..\obj\systick.o
 .data          0x00000000        0x0 ..\obj\systick.o
 .bss           0x00000000        0x0 ..\obj\systick.o
 .text.NVIC_SetPriority
                0x00000000       0x54 ..\obj\systick.o
 .text.SysTick_Config
                0x00000000       0x44 ..\obj\systick.o
 .text.Delayinit
                0x00000000       0x20 ..\obj\systick.o
 .text.Delay    0x00000000       0x28 ..\obj\systick.o
 .text          0x00000000        0x0 ..\obj\usart.o
 .data          0x00000000        0x0 ..\obj\usart.o
 .bss           0x00000000        0x0 ..\obj\usart.o
 .text.USART_puts
                0x00000000       0x34 ..\obj\usart.o
 .text.init_USART1
                0x00000000       0x88 ..\obj\usart.o
 .text.init_USART_IRQ
                0x00000000       0x28 ..\obj\usart.o

Memory Configuration

Name             Origin             Length             Attributes
rom              0x08000000         0x00080000         xr
ram              0x20000000         0x00010000         xrw
*default*        0x00000000         0xffffffff

Linker script and memory map

                0x20010000                _eram = 0x20010000

.text           0x08000000     0x41a8
 *(.isr_vector)
 .isr_vector    0x08000000      0x134 ..\obj\startup_stm32f10x_hd.o
                0x08000000                g_pfnVectors
 *(.text*)
 .text.SPI_SendByte
                0x08000134       0x54 ..\obj\spi.o
                0x08000134                SPI_SendByte
 .text.TIM_TimeBaseInit
                0x08000188       0xf8 ..\obj\stm32f10x_tim.o
                0x08000188                TIM_TimeBaseInit
 .text.TIM_Cmd  0x08000280       0x40 ..\obj\stm32f10x_tim.o
                0x08000280                TIM_Cmd
 .text.TIM_ITConfig
                0x080002c0       0x48 ..\obj\stm32f10x_tim.o
                0x080002c0                TIM_ITConfig
 .text.TIM_ARRPreloadConfig
                0x08000308       0x40 ..\obj\stm32f10x_tim.o
                0x08000308                TIM_ARRPreloadConfig
 .text.TIM_ClearITPendingBit
                0x08000348       0x20 ..\obj\stm32f10x_tim.o
                0x08000348                TIM_ClearITPendingBit
 .text.SystemInit
                0x08000368       0x68 ..\obj\system_stm32f10x.o
                0x08000368                SystemInit
 .text.SetSysClock
                0x080003d0        0xc ..\obj\system_stm32f10x.o
 .text.SetSysClockTo72
                0x080003dc      0x100 ..\obj\system_stm32f10x.o
 .text.Default_Reset_Handler
                0x080004dc       0x5c ..\obj\startup_stm32f10x_hd.o
                0x080004dc                Default_Reset_Handler
                0x080004dc                Reset_Handler
 .text.Default_Handler
                0x08000538        0x8 ..\obj\startup_stm32f10x_hd.o
                0x08000538                EXTI2_IRQHandler
                0x08000538                TIM8_TRG_COM_IRQHandler
                0x08000538                TIM8_CC_IRQHandler
                0x08000538                DebugMon_Handler
                0x08000538                TIM1_CC_IRQHandler
                0x08000538                HardFault_Handler
                0x08000538                TIM6_IRQHandler
                0x08000538                PVD_IRQHandler
                0x08000538                SDIO_IRQHandler
                0x08000538                PendSV_Handler
                0x08000538                NMI_Handler
                0x08000538                EXTI3_IRQHandler
                0x08000538                EXTI0_IRQHandler
                0x08000538                I2C2_EV_IRQHandler
                0x08000538                UsageFault_Handler
                0x08000538                ADC1_2_IRQHandler
                0x08000538                SPI1_IRQHandler
                0x08000538                TAMPER_IRQHandler
                0x08000538                TIM8_UP_IRQHandler
                0x08000538                DMA2_Channel2_IRQHandler
                0x08000538                DMA1_Channel4_IRQHandler
                0x08000538                USART3_IRQHandler
                0x08000538                RTC_IRQHandler
                0x08000538                DMA1_Channel7_IRQHandler
                0x08000538                CAN1_RX1_IRQHandler
                0x08000538                UART5_IRQHandler
                0x08000538                ADC3_IRQHandler
                0x08000538                TIM4_IRQHandler
                0x08000538                DMA2_Channel1_IRQHandler
                0x08000538                I2C1_EV_IRQHandler
                0x08000538                DMA1_Channel6_IRQHandler
                0x08000538                UART4_IRQHandler
                0x08000538                RCC_IRQHandler
                0x08000538                TIM1_TRG_COM_IRQHandler
                0x08000538                DMA1_Channel1_IRQHandler
                0x08000538                EXTI15_10_IRQHandler
                0x08000538                TIM7_IRQHandler
                0x08000538                TIM5_IRQHandler
                0x08000538                EXTI9_5_IRQHandler
                0x08000538                SPI2_IRQHandler
                0x08000538                MemManage_Handler
                0x08000538                SVC_Handler
                0x08000538                DMA1_Channel5_IRQHandler
                0x08000538                EXTI4_IRQHandler
                0x08000538                USB_LP_CAN1_RX0_IRQHandler
                0x08000538                USB_HP_CAN1_TX_IRQHandler
                0x08000538                DMA1_Channel3_IRQHandler
                0x08000538                FSMC_IRQHandler
                0x08000538                TIM1_UP_IRQHandler
                0x08000538                WWDG_IRQHandler
                0x08000538                TIM2_IRQHandler
                0x08000538                TIM1_BRK_IRQHandler
                0x08000538                EXTI1_IRQHandler
                0x08000538                RTCAlarm_IRQHandler
                0x08000538                DMA2_Channel4_5_IRQHandler
                0x08000538                USART2_IRQHandler
                0x08000538                I2C2_ER_IRQHandler
                0x08000538                DMA1_Channel2_IRQHandler
                0x08000538                TIM8_BRK_IRQHandler
                0x08000538                CAN1_SCE_IRQHandler
                0x08000538                FLASH_IRQHandler
                0x08000538                BusFault_Handler
                0x08000538                SPI3_IRQHandler
                0x08000538                I2C1_ER_IRQHandler
                0x08000538                USBWakeUp_IRQHandler
                0x08000538                DMA2_Channel3_IRQHandler
 .text.disk_status
                0x08000540       0x64 ..\obj\diskio.o
                0x08000540                disk_status
 .text.disk_initialize
                0x080005a4       0x64 ..\obj\diskio.o
                0x080005a4                disk_initialize
 .text.disk_read
                0x08000608       0x84 ..\obj\diskio.o
                0x08000608                disk_read
 .text.disk_write
                0x0800068c       0x84 ..\obj\diskio.o
                0x0800068c                disk_write
 .text.get_fattime
                0x08000710       0x14 ..\obj\diskio.o
                0x08000710                get_fattime
 .text.disk_ioctl
                0x08000724       0x7c ..\obj\diskio.o
                0x08000724                disk_ioctl
 .text.GPIO_Init
                0x080007a0      0x180 ..\obj\stm32f10x_gpio.o
                0x080007a0                GPIO_Init
 .text.GPIO_SetBits
                0x08000920       0x1c ..\obj\stm32f10x_gpio.o
                0x08000920                GPIO_SetBits
 .text.GPIO_ResetBits
                0x0800093c       0x1c ..\obj\stm32f10x_gpio.o
                0x0800093c                GPIO_ResetBits
 .text.main     0x08000958       0xc0 ..\obj\main.o
                0x08000958                main
 .text.init_SPI
                0x08000a18       0xac ..\obj\main.o
                0x08000a18                init_SPI
 .text.UB_Fatfs_Init
                0x08000ac4        0xc ..\obj\stm32_ub_fatfs.o
                0x08000ac4                UB_Fatfs_Init
 .text.UB_Fatfs_CheckMedia
                0x08000ad0       0x3c ..\obj\stm32_ub_fatfs.o
                0x08000ad0                UB_Fatfs_CheckMedia
 .text.UB_Fatfs_Mount
                0x08000b0c       0x74 ..\obj\stm32_ub_fatfs.o
                0x08000b0c                UB_Fatfs_Mount
 .text.UB_Fatfs_UnMount
                0x08000b80       0x44 ..\obj\stm32_ub_fatfs.o
                0x08000b80                UB_Fatfs_UnMount
 .text.UB_Fatfs_OpenFile
                0x08000bc4       0xa8 ..\obj\stm32_ub_fatfs.o
                0x08000bc4                UB_Fatfs_OpenFile
 .text.UB_Fatfs_CloseFile
                0x08000c6c       0x34 ..\obj\stm32_ub_fatfs.o
                0x08000c6c                UB_Fatfs_CloseFile
 .text.UB_Fatfs_WriteString
                0x08000ca0       0x40 ..\obj\stm32_ub_fatfs.o
                0x08000ca0                UB_Fatfs_WriteString
 .text.RCC_APB2PeriphClockCmd
                0x08000ce0       0x3c ..\obj\stm32f10x_rcc.o
                0x08000ce0                RCC_APB2PeriphClockCmd
 .text.RCC_APB1PeriphClockCmd
                0x08000d1c       0x3c ..\obj\stm32f10x_rcc.o
                0x08000d1c                RCC_APB1PeriphClockCmd
 .text.USART_SendData
                0x08000d58       0x24 ..\obj\stm32f10x_usart.o
                0x08000d58                USART_SendData
 .text.USART_ReceiveData
                0x08000d7c       0x20 ..\obj\stm32f10x_usart.o
                0x08000d7c                USART_ReceiveData
 .text.USART_GetFlagStatus
                0x08000d9c       0x38 ..\obj\stm32f10x_usart.o
                0x08000d9c                USART_GetFlagStatus
 .text.USART_GetITStatus
                0x08000dd4       0xb8 ..\obj\stm32f10x_usart.o
                0x08000dd4                USART_GetITStatus
 .text.UB_SDCard_Init
                0x08000e8c       0x28 ..\obj\stm32_ub_sdcard.o
                0x08000e8c                UB_SDCard_Init
 .text.UB_SDCard_CheckMedia
                0x08000eb4       0x1c ..\obj\stm32_ub_sdcard.o
                0x08000eb4                UB_SDCard_CheckMedia
 .text.MMC_disk_initialize
                0x08000ed0      0x1b0 ..\obj\stm32_ub_sdcard.o
                0x08000ed0                MMC_disk_initialize
 .text.MMC_disk_status
                0x08001080       0x18 ..\obj\stm32_ub_sdcard.o
                0x08001080                MMC_disk_status
 .text.MMC_disk_read
                0x08001098       0xc0 ..\obj\stm32_ub_sdcard.o
                0x08001098                MMC_disk_read
 .text.MMC_disk_write
                0x08001158       0xec ..\obj\stm32_ub_sdcard.o
                0x08001158                MMC_disk_write
 .text.MMC_disk_ioctl
                0x08001244      0x2b8 ..\obj\stm32_ub_sdcard.o
                0x08001244                MMC_disk_ioctl
 .text.init_tim
                0x080014fc       0x44 ..\obj\stm32_ub_sdcard.o
                0x080014fc                init_tim
 .text.init_nvic
                0x08001540       0x34 ..\obj\stm32_ub_sdcard.o
                0x08001540                init_nvic
 .text.CS_HIGH  0x08001574       0x14 ..\obj\stm32_ub_sdcard.o
                0x08001574                CS_HIGH
 .text.CS_LOW   0x08001588       0x14 ..\obj\stm32_ub_sdcard.o
                0x08001588                CS_LOW
 .text.FCLK_SLOW
                0x0800159c       0x34 ..\obj\stm32_ub_sdcard.o
                0x0800159c                FCLK_SLOW
 .text.FCLK_FAST
                0x080015d0       0x2c ..\obj\stm32_ub_sdcard.o
                0x080015d0                FCLK_FAST
 .text.SD_Detect
                0x080015fc       0x18 ..\obj\stm32_ub_sdcard.o
                0x080015fc                SD_Detect
 .text.xchg_spi
                0x08001614       0x24 ..\obj\stm32_ub_sdcard.o
 .text.rcvr_spi_multi
                0x08001638       0x34 ..\obj\stm32_ub_sdcard.o
 .text.xmit_spi_multi
                0x0800166c       0x30 ..\obj\stm32_ub_sdcard.o
 .text.wait_ready
                0x0800169c       0x40 ..\obj\stm32_ub_sdcard.o
 .text.deselect
                0x080016dc       0x10 ..\obj\stm32_ub_sdcard.o
 .text.select   0x080016ec       0x2c ..\obj\stm32_ub_sdcard.o
 .text.rcvr_datablock
                0x08001718       0x54 ..\obj\stm32_ub_sdcard.o
 .text.xmit_datablock
                0x0800176c       0x64 ..\obj\stm32_ub_sdcard.o
 .text.send_cmd
                0x080017d0       0xe0 ..\obj\stm32_ub_sdcard.o
 .text.disk_timerproc
                0x080018b0       0x78 ..\obj\stm32_ub_sdcard.o
                0x080018b0                disk_timerproc
 .text.TIM3_IRQHandler
                0x08001928       0x18 ..\obj\stm32_ub_sdcard.o
                0x08001928                TIM3_IRQHandler
 .text.USB_disk_initialize
                0x08001940       0x1c ..\obj\stm32_ub_usbdisk.o
                0x08001940                USB_disk_initialize
 .text.USB_disk_status
                0x0800195c       0x1c ..\obj\stm32_ub_usbdisk.o
                0x0800195c                USB_disk_status
 .text.USB_disk_read
                0x08001978       0x24 ..\obj\stm32_ub_usbdisk.o
                0x08001978                USB_disk_read
 .text.USB_disk_write
                0x0800199c       0x24 ..\obj\stm32_ub_usbdisk.o
                0x0800199c                USB_disk_write
 .text.USB_disk_ioctl
                0x080019c0       0x20 ..\obj\stm32_ub_usbdisk.o
                0x080019c0                USB_disk_ioctl
 .text.ATA_disk_initialize
                0x080019e0       0x1c ..\obj\stm32_ub_atadrive.o
                0x080019e0                ATA_disk_initialize
 .text.ATA_disk_status
                0x080019fc       0x1c ..\obj\stm32_ub_atadrive.o
                0x080019fc                ATA_disk_status
 .text.ATA_disk_read
                0x08001a18       0x24 ..\obj\stm32_ub_atadrive.o
                0x08001a18                ATA_disk_read
 .text.ATA_disk_write
                0x08001a3c       0x24 ..\obj\stm32_ub_atadrive.o
                0x08001a3c                ATA_disk_write
 .text.ATA_disk_ioctl
                0x08001a60       0x20 ..\obj\stm32_ub_atadrive.o
                0x08001a60                ATA_disk_ioctl
 .text.mem_cpy  0x08001a80       0x3c ..\obj\ff.o
 .text.mem_set  0x08001abc       0x34 ..\obj\ff.o
 .text.mem_cmp  0x08001af0       0x50 ..\obj\ff.o
 .text.chk_chr  0x08001b40       0x38 ..\obj\ff.o
 .text.sync_window
                0x08001b78       0x8c ..\obj\ff.o
 .text.move_window
                0x08001c04       0x5c ..\obj\ff.o
 .text.sync_fs  0x08001c60      0x14c ..\obj\ff.o
 .text.clust2sect
                0x08001dac       0x40 ..\obj\ff.o
                0x08001dac                clust2sect
 .text.get_fat  0x08001dec      0x168 ..\obj\ff.o
                0x08001dec                get_fat
 .text.put_fat  0x08001f54      0x200 ..\obj\ff.o
                0x08001f54                put_fat
 .text.remove_chain
                0x08002154       0xa4 ..\obj\ff.o
 .text.create_chain
                0x080021f8      0x12c ..\obj\ff.o
 .text.dir_sdi  0x08002324       0xfc ..\obj\ff.o
 .text.dir_next
                0x08002420      0x1a4 ..\obj\ff.o
 .text.dir_alloc
                0x080025c4       0x8c ..\obj\ff.o
 .text.ld_clust
                0x08002650       0x5c ..\obj\ff.o
 .text.st_clust
                0x080026ac       0x4c ..\obj\ff.o
 .text.dir_find
                0x080026f8       0x94 ..\obj\ff.o
 .text.dir_register
                0x0800278c       0x68 ..\obj\ff.o
 .text.create_name
                0x080027f4      0x180 ..\obj\ff.o
 .text.follow_path
                0x08002974       0xcc ..\obj\ff.o
 .text.get_ldnumber
                0x08002a40       0x88 ..\obj\ff.o
 .text.check_fs
                0x08002ac8       0xc4 ..\obj\ff.o
 .text.find_volume
                0x08002b8c      0x564 ..\obj\ff.o
 .text.validate
                0x080030f0       0x5c ..\obj\ff.o
 .text.f_mount  0x0800314c       0x88 ..\obj\ff.o
                0x0800314c                f_mount
 .text.f_open   0x080031d4      0x288 ..\obj\ff.o
                0x080031d4                f_open
 .text.f_write  0x0800345c      0x2e0 ..\obj\ff.o
                0x0800345c                f_write
 .text.f_sync   0x0800373c      0x158 ..\obj\ff.o
                0x0800373c                f_sync
 .text.f_close  0x08003894       0x38 ..\obj\ff.o
                0x08003894                f_close
 .text.f_lseek  0x080038cc      0x270 ..\obj\ff.o
                0x080038cc                f_lseek
 .text.f_getfree
                0x08003b3c      0x188 ..\obj\ff.o
                0x08003b3c                f_getfree
 .text.putc_bfd
                0x08003cc4       0x78 ..\obj\ff.o
 .text.f_putc   0x08003d3c       0x68 ..\obj\ff.o
                0x08003d3c                f_putc
 .text.f_puts   0x08003da4       0x78 ..\obj\ff.o
                0x08003da4                f_puts
 .text.NVIC_Init
                0x08003e1c       0xc4 ..\obj\misc.o
                0x08003e1c                NVIC_Init
 .text.init_HYSTM32F
                0x08003ee0       0x44 ..\obj\GPIOHYSTM32.o
                0x08003ee0                init_HYSTM32F
 .text.SPI_Init
                0x08003f24       0x88 ..\obj\stm32f10x_spi.o
                0x08003f24                SPI_Init
 .text.SPI_Cmd  0x08003fac       0x40 ..\obj\stm32f10x_spi.o
                0x08003fac                SPI_Cmd
 .text.SPI_I2S_SendData
                0x08003fec       0x1c ..\obj\stm32f10x_spi.o
                0x08003fec                SPI_I2S_SendData
 .text.SPI_I2S_ReceiveData
                0x08004008       0x1c ..\obj\stm32f10x_spi.o
                0x08004008                SPI_I2S_ReceiveData
 .text.SPI_I2S_GetFlagStatus
                0x08004024       0x38 ..\obj\stm32f10x_spi.o
                0x08004024                SPI_I2S_GetFlagStatus
 .text.SysTick_Handler
                0x0800405c       0x24 ..\obj\systick.o
                0x0800405c                SysTick_Handler
 .text.putcharx
                0x08004080       0x2c ..\obj\usart.o
                0x08004080                putcharx
 .text.USART1_IRQHandler
                0x080040ac       0x38 ..\obj\usart.o
                0x080040ac                USART1_IRQHandler
 *(.init)
 *(.fini)
 *crtbegin.o(.ctors)
 *crtbegin?.o(.ctors)
 *(EXCLUDE_FILE(*crtend.o *crtend?.o) .ctors)
 *(SORT(.ctors.*))
 *(.ctors)
 *crtbegin.o(.dtors)
 *crtbegin?.o(.dtors)
 *(EXCLUDE_FILE(*crtend.o *crtend?.o) .dtors)
 *(SORT(.dtors.*))
 *(.dtors)
 *(.rodata*)
 .rodata        0x080040e4       0x2c ..\obj\main.o
 .rodata        0x08004110        0x8 ..\obj\stm32_ub_fatfs.o
 .rodata        0x08004118       0x90 ..\obj\ff.o
 *(.eh_fram e*)

.glue_7         0x080041a8        0x0
 .glue_7        0x00000000        0x0 linker stubs

.glue_7t        0x080041a8        0x0
 .glue_7t       0x00000000        0x0 linker stubs

.vfp11_veneer   0x080041a8        0x0
 .vfp11_veneer  0x00000000        0x0 linker stubs

.v4_bx          0x080041a8        0x0
 .v4_bx         0x00000000        0x0 linker stubs

.iplt           0x080041a8        0x0
 .iplt          0x00000000        0x0 ..\obj\spi.o

.rel.dyn        0x080041a8        0x0
 .rel.iplt      0x00000000        0x0 ..\obj\spi.o

.ARM.extab
 *(.ARM.extab* .gnu.linkonce.armextab.*)
                0x080041a8                __exidx_start = .

.ARM.exidx
 *(.ARM.exidx* .gnu.linkonce.armexidx.*)
                0x080041a8                __exidx_end = .
                0x080041a8                __etext = .
                0x080041a8                _sidata = __etext

.data           0x20000000        0x4 load address 0x080041a8
                0x20000000                __data_start__ = .
                0x20000000                _sdata = __data_start__
 *(vtable)
 *(.data*)
 .data          0x20000000        0x1 ..\obj\stm32_ub_sdcard.o
                0x20000004                . = ALIGN (0x4)
 *fill*         0x20000001        0x3 
                0x20000004                PROVIDE (__preinit_array_start, .)
 *(.preinit_array)
                0x20000004                PROVIDE (__preinit_array_end, .)
                0x20000004                . = ALIGN (0x4)
                0x20000004                PROVIDE (__init_array_start, .)
 *(SORT(.init_array.*))
 *(.init_array)
                0x20000004                PROVIDE (__init_array_end, .)
                0x20000004                . = ALIGN (0x4)
                0x20000004                PROVIDE (__fini_array_start, .)
 *(SORT(.fini_array.*))
 *(.fini_array)
                0x20000004                PROVIDE (__fini_array_end, .)
 *(.jcr*)
                0x20000004                . = ALIGN (0x4)
                0x20000004                __data_end__ = .
                0x20000004                _edata = __data_end__

.igot.plt       0x20000004        0x0 load address 0x080041ac
 .igot.plt      0x00000000        0x0 ..\obj\spi.o

.bss            0x20000004      0x260 load address 0x080041ac
                0x20000004                . = ALIGN (0x4)
                0x20000004                __bss_start__ = .
                0x20000004                _sbss = __bss_start__
 *(.bss*)
 .bss           0x20000004      0x230 ..\obj\stm32_ub_fatfs.o
 .bss           0x20000234        0xc ..\obj\stm32_ub_sdcard.o
 .bss           0x20000240        0x8 ..\obj\ff.o
 *(COMMON)
 COMMON         0x20000248       0x16 ..\obj\main.o
                0x20000248                GPIO_InitStructure
                0x2000024c                SPI_InitStructure
 *fill*         0x2000025e        0x2 
 COMMON         0x20000260        0x4 ..\obj\systick.o
                0x20000260                TimmingDelay
                0x20000264                . = ALIGN (0x4)
                0x20000264                __bss_end__ = .
                0x20000264                _ebss = __bss_end__

.heap           0x20000264        0x0
                0x20000264                __end__ = .
                0x20000264                _end = __end__
                0x20000264                end = __end__
 *(.heap*)
                0x20000264                __HeapLimit = .

.co_stack       0x20000264      0x404 load address 0x0800440c
                0x20000268                . = ALIGN (0x8)
 *fill*         0x20000264        0x4 
 *(.co_stack .co_stack.*)
 .co_stack      0x20000268      0x400 ..\obj\startup_stm32f10x_hd.o
                0x20000268                pulStack
                0x20010000                __StackTop = (ORIGIN (ram) + 0x10000)
                0x2000fbfc                __StackLimit = (__StackTop - SIZEOF (.co_stack))
                0x20010000                PROVIDE (__stack, __StackTop)
                0x00000001                ASSERT ((__StackLimit >= __HeapLimit), region ram  overflowed with stack)
LOAD ..\obj\spi.o
LOAD ..\obj\stm32f10x_tim.o
LOAD ..\obj\i2c.o
LOAD ..\obj\system_stm32f10x.o
LOAD ..\obj\startup_stm32f10x_hd.o
LOAD ..\obj\diskio.o
LOAD ..\obj\stm32f10x_gpio.o
LOAD ..\obj\main.o
LOAD ..\obj\stm32_ub_fatfs.o
LOAD ..\obj\stm32f10x_rcc.o
LOAD ..\obj\stm32f10x_adc.o
LOAD ..\obj\stm32f10x_usart.o
LOAD ..\obj\stm32_ub_sdcard.o
LOAD ..\obj\stm32_ub_usbdisk.o
LOAD ..\obj\syscalls.o
LOAD ..\obj\adc.o
LOAD ..\obj\stm32_ub_atadrive.o
LOAD ..\obj\ff.o
LOAD ..\obj\misc.o
LOAD ..\obj\GPIOHYSTM32.o
LOAD ..\obj\stm32f10x_spi.o
LOAD ..\obj\systick.o
LOAD ..\obj\usart.o
START GROUP
LOAD c:/program files/gnu tools arm embedded/4.9 2015q1/bin/../lib/gcc/arm-none-eabi/4.9.3/armv7-m\libgcc.a
LOAD c:/program files/gnu tools arm embedded/4.9 2015q1/bin/../lib/gcc/arm-none-eabi/4.9.3/../../../../arm-none-eabi/lib/armv7-m\libg.a
LOAD c:/program files/gnu tools arm embedded/4.9 2015q1/bin/../lib/gcc/arm-none-eabi/4.9.3/../../../../arm-none-eabi/lib/armv7-m\libc.a
END GROUP
OUTPUT(ARM32F103.elf elf32-littlearm)

.debug_info     0x00000000     0x9870
 .debug_info    0x00000000      0x227 ..\obj\spi.o
 .debug_info    0x00000227     0x1c58 ..\obj\stm32f10x_tim.o
 .debug_info    0x00001e7f      0x479 ..\obj\system_stm32f10x.o
 .debug_info    0x000022f8       0xe9 ..\obj\startup_stm32f10x_hd.o
 .debug_info    0x000023e1      0x2e2 ..\obj\diskio.o
 .debug_info    0x000026c3      0x6e7 ..\obj\stm32f10x_gpio.o
 .debug_info    0x00002daa      0x63d ..\obj\main.o
 .debug_info    0x000033e7      0x80e ..\obj\stm32_ub_fatfs.o
 .debug_info    0x00003bf5      0x88d ..\obj\stm32f10x_rcc.o
 .debug_info    0x00004482      0x9e8 ..\obj\stm32f10x_usart.o
 .debug_info    0x00004e6a      0xd63 ..\obj\stm32_ub_sdcard.o
 .debug_info    0x00005bcd      0x246 ..\obj\stm32_ub_usbdisk.o
 .debug_info    0x00005e13      0x246 ..\obj\stm32_ub_atadrive.o
 .debug_info    0x00006059     0x1b3f ..\obj\ff.o
 .debug_info    0x00007b98      0x53d ..\obj\misc.o
 .debug_info    0x000080d5      0x213 ..\obj\GPIOHYSTM32.o
 .debug_info    0x000082e8      0x8f3 ..\obj\stm32f10x_spi.o
 .debug_info    0x00008bdb      0x649 ..\obj\systick.o
 .debug_info    0x00009224      0x64c ..\obj\usart.o

.debug_abbrev   0x00000000     0x1a2a
 .debug_abbrev  0x00000000       0xde ..\obj\spi.o
 .debug_abbrev  0x000000de      0x1b0 ..\obj\stm32f10x_tim.o
 .debug_abbrev  0x0000028e      0x14c ..\obj\system_stm32f10x.o
 .debug_abbrev  0x000003da       0xa7 ..\obj\startup_stm32f10x_hd.o
 .debug_abbrev  0x00000481      0x10a ..\obj\diskio.o
 .debug_abbrev  0x0000058b      0x1c8 ..\obj\stm32f10x_gpio.o
 .debug_abbrev  0x00000753      0x16b ..\obj\main.o
 .debug_abbrev  0x000008be      0x192 ..\obj\stm32_ub_fatfs.o
 .debug_abbrev  0x00000a50      0x1ba ..\obj\stm32f10x_rcc.o
 .debug_abbrev  0x00000c0a      0x162 ..\obj\stm32f10x_usart.o
 .debug_abbrev  0x00000d6c      0x28a ..\obj\stm32_ub_sdcard.o
 .debug_abbrev  0x00000ff6       0xc5 ..\obj\stm32_ub_usbdisk.o
 .debug_abbrev  0x000010bb       0xc5 ..\obj\stm32_ub_atadrive.o
 .debug_abbrev  0x00001180      0x210 ..\obj\ff.o
 .debug_abbrev  0x00001390      0x145 ..\obj\misc.o
 .debug_abbrev  0x000014d5       0xed ..\obj\GPIOHYSTM32.o
 .debug_abbrev  0x000015c2      0x17e ..\obj\stm32f10x_spi.o
 .debug_abbrev  0x00001740      0x1a4 ..\obj\systick.o
 .debug_abbrev  0x000018e4      0x146 ..\obj\usart.o

.debug_aranges  0x00000000      0xc00
 .debug_aranges
                0x00000000       0x20 ..\obj\spi.o
 .debug_aranges
                0x00000020      0x2f0 ..\obj\stm32f10x_tim.o
 .debug_aranges
                0x00000310       0x38 ..\obj\system_stm32f10x.o
 .debug_aranges
                0x00000348       0x28 ..\obj\startup_stm32f10x_hd.o
 .debug_aranges
                0x00000370       0x48 ..\obj\diskio.o
 .debug_aranges
                0x000003b8       0xa8 ..\obj\stm32f10x_gpio.o
 .debug_aranges
                0x00000460       0x28 ..\obj\main.o
 .debug_aranges
                0x00000488       0x78 ..\obj\stm32_ub_fatfs.o
 .debug_aranges
                0x00000500      0x118 ..\obj\stm32f10x_rcc.o
 .debug_aranges
                0x00000618      0x100 ..\obj\stm32f10x_usart.o
 .debug_aranges
                0x00000718       0xe8 ..\obj\stm32_ub_sdcard.o
 .debug_aranges
                0x00000800       0x50 ..\obj\stm32_ub_usbdisk.o
 .debug_aranges
                0x00000850       0x50 ..\obj\stm32_ub_atadrive.o
 .debug_aranges
                0x000008a0      0x1b0 ..\obj\ff.o
 .debug_aranges
                0x00000a50       0x40 ..\obj\misc.o
 .debug_aranges
                0x00000a90       0x20 ..\obj\GPIOHYSTM32.o
 .debug_aranges
                0x00000ab0       0xd0 ..\obj\stm32f10x_spi.o
 .debug_aranges
                0x00000b80       0x40 ..\obj\systick.o
 .debug_aranges
                0x00000bc0       0x40 ..\obj\usart.o

.debug_ranges   0x00000000      0xad0
 .debug_ranges  0x00000000       0x10 ..\obj\spi.o
 .debug_ranges  0x00000010      0x2e0 ..\obj\stm32f10x_tim.o
 .debug_ranges  0x000002f0       0x28 ..\obj\system_stm32f10x.o
 .debug_ranges  0x00000318       0x18 ..\obj\startup_stm32f10x_hd.o
 .debug_ranges  0x00000330       0x38 ..\obj\diskio.o
 .debug_ranges  0x00000368       0x98 ..\obj\stm32f10x_gpio.o
 .debug_ranges  0x00000400       0x18 ..\obj\main.o
 .debug_ranges  0x00000418       0x68 ..\obj\stm32_ub_fatfs.o
 .debug_ranges  0x00000480      0x108 ..\obj\stm32f10x_rcc.o
 .debug_ranges  0x00000588       0xf0 ..\obj\stm32f10x_usart.o
 .debug_ranges  0x00000678       0xd8 ..\obj\stm32_ub_sdcard.o
 .debug_ranges  0x00000750       0x40 ..\obj\stm32_ub_usbdisk.o
 .debug_ranges  0x00000790       0x40 ..\obj\stm32_ub_atadrive.o
 .debug_ranges  0x000007d0      0x1a0 ..\obj\ff.o
 .debug_ranges  0x00000970       0x30 ..\obj\misc.o
 .debug_ranges  0x000009a0       0x10 ..\obj\GPIOHYSTM32.o
 .debug_ranges  0x000009b0       0xc0 ..\obj\stm32f10x_spi.o
 .debug_ranges  0x00000a70       0x30 ..\obj\systick.o
 .debug_ranges  0x00000aa0       0x30 ..\obj\usart.o

.debug_line     0x00000000     0x4be4
 .debug_line    0x00000000      0x1bb ..\obj\spi.o
 .debug_line    0x000001bb      0xae3 ..\obj\stm32f10x_tim.o
 .debug_line    0x00000c9e      0x217 ..\obj\system_stm32f10x.o
 .debug_line    0x00000eb5       0xa8 ..\obj\startup_stm32f10x_hd.o
 .debug_line    0x00000f5d      0x222 ..\obj\diskio.o
 .debug_line    0x0000117f      0x3bb ..\obj\stm32f10x_gpio.o
 .debug_line    0x0000153a      0x2d2 ..\obj\main.o
 .debug_line    0x0000180c      0x349 ..\obj\stm32_ub_fatfs.o
 .debug_line    0x00001b55      0x4c8 ..\obj\stm32f10x_rcc.o
 .debug_line    0x0000201d      0x49e ..\obj\stm32f10x_usart.o
 .debug_line    0x000024bb      0x6cf ..\obj\stm32_ub_sdcard.o
 .debug_line    0x00002b8a      0x23b ..\obj\stm32_ub_usbdisk.o
 .debug_line    0x00002dc5      0x23c ..\obj\stm32_ub_atadrive.o
 .debug_line    0x00003001      0xed4 ..\obj\ff.o
 .debug_line    0x00003ed5      0x249 ..\obj\misc.o
 .debug_line    0x0000411e      0x201 ..\obj\GPIOHYSTM32.o
 .debug_line    0x0000431f      0x426 ..\obj\stm32f10x_spi.o
 .debug_line    0x00004745      0x225 ..\obj\systick.o
 .debug_line    0x0000496a      0x27a ..\obj\usart.o

.debug_str      0x00000000     0x31f9
 .debug_str     0x00000000      0x1ef ..\obj\spi.o
                                0x24b (size before relaxing)
 .debug_str     0x000001ef      0xbc2 ..\obj\stm32f10x_tim.o
                                0xdeb (size before relaxing)
 .debug_str     0x00000db1      0x173 ..\obj\system_stm32f10x.o
                                0x2fd (size before relaxing)
 .debug_str     0x00000f24       0xb6 ..\obj\startup_stm32f10x_hd.o
                                0x14d (size before relaxing)
 .debug_str     0x00000fda       0xba ..\obj\diskio.o
                                0x228 (size before relaxing)
 .debug_str     0x00001094      0x384 ..\obj\stm32f10x_gpio.o
                                0x527 (size before relaxing)
 .debug_str     0x00001418      0x28a ..\obj\main.o
                                0x5b8 (size before relaxing)
 .debug_str     0x000016a2      0x2a7 ..\obj\stm32_ub_fatfs.o
                                0x5d4 (size before relaxing)
 .debug_str     0x00001949      0x3e8 ..\obj\stm32f10x_rcc.o
                                0x628 (size before relaxing)
 .debug_str     0x00001d31      0x435 ..\obj\stm32f10x_usart.o
                                0x69e (size before relaxing)
 .debug_str     0x00002166      0x602 ..\obj\stm32_ub_sdcard.o
                                0xaeb (size before relaxing)
 .debug_str     0x00002768       0xd1 ..\obj\stm32_ub_usbdisk.o
                                0x231 (size before relaxing)
 .debug_str     0x00002839       0xd3 ..\obj\stm32_ub_atadrive.o
                                0x233 (size before relaxing)
 .debug_str     0x0000290c      0x34f ..\obj\ff.o
                                0x690 (size before relaxing)
 .debug_str     0x00002c5b      0x15f ..\obj\misc.o
                                0x3cc (size before relaxing)
 .debug_str     0x00002dba       0x51 ..\obj\GPIOHYSTM32.o
                                0x2e0 (size before relaxing)
 .debug_str     0x00002e0b      0x2cb ..\obj\stm32f10x_spi.o
                                0x60b (size before relaxing)
 .debug_str     0x000030d6       0x96 ..\obj\systick.o
                                0x68a (size before relaxing)
 .debug_str     0x0000316c       0x8d ..\obj\usart.o
                                0x864 (size before relaxing)

.comment        0x00000000       0x70
 .comment       0x00000000       0x70 ..\obj\spi.o
                                 0x71 (size before relaxing)
 .comment       0x00000000       0x71 ..\obj\stm32f10x_tim.o
 .comment       0x00000000       0x71 ..\obj\system_stm32f10x.o
 .comment       0x00000000       0x71 ..\obj\startup_stm32f10x_hd.o
 .comment       0x00000000       0x71 ..\obj\diskio.o
 .comment       0x00000000       0x71 ..\obj\stm32f10x_gpio.o
 .comment       0x00000000       0x71 ..\obj\main.o
 .comment       0x00000000       0x71 ..\obj\stm32_ub_fatfs.o
 .comment       0x00000000       0x71 ..\obj\stm32f10x_rcc.o
 .comment       0x00000000       0x71 ..\obj\stm32f10x_usart.o
 .comment       0x00000000       0x71 ..\obj\stm32_ub_sdcard.o
 .comment       0x00000000       0x71 ..\obj\stm32_ub_usbdisk.o
 .comment       0x00000000       0x71 ..\obj\stm32_ub_atadrive.o
 .comment       0x00000000       0x71 ..\obj\ff.o
 .comment       0x00000000       0x71 ..\obj\misc.o
 .comment       0x00000000       0x71 ..\obj\GPIOHYSTM32.o
 .comment       0x00000000       0x71 ..\obj\stm32f10x_spi.o
 .comment       0x00000000       0x71 ..\obj\systick.o
 .comment       0x00000000       0x71 ..\obj\usart.o

.ARM.attributes
                0x00000000       0x33
 .ARM.attributes
                0x00000000       0x33 ..\obj\spi.o
 .ARM.attributes
                0x00000033       0x33 ..\obj\stm32f10x_tim.o
 .ARM.attributes
                0x00000066       0x33 ..\obj\system_stm32f10x.o
 .ARM.attributes
                0x00000099       0x33 ..\obj\startup_stm32f10x_hd.o
 .ARM.attributes
                0x000000cc       0x33 ..\obj\diskio.o
 .ARM.attributes
                0x000000ff       0x33 ..\obj\stm32f10x_gpio.o
 .ARM.attributes
                0x00000132       0x33 ..\obj\main.o
 .ARM.attributes
                0x00000165       0x33 ..\obj\stm32_ub_fatfs.o
 .ARM.attributes
                0x00000198       0x33 ..\obj\stm32f10x_rcc.o
 .ARM.attributes
                0x000001cb       0x33 ..\obj\stm32f10x_usart.o
 .ARM.attributes
                0x000001fe       0x33 ..\obj\stm32_ub_sdcard.o
 .ARM.attributes
                0x00000231       0x33 ..\obj\stm32_ub_usbdisk.o
 .ARM.attributes
                0x00000264       0x33 ..\obj\stm32_ub_atadrive.o
 .ARM.attributes
                0x00000297       0x33 ..\obj\ff.o
 .ARM.attributes
                0x000002ca       0x33 ..\obj\misc.o
 .ARM.attributes
                0x000002fd       0x33 ..\obj\GPIOHYSTM32.o
 .ARM.attributes
                0x00000330       0x33 ..\obj\stm32f10x_spi.o
 .ARM.attributes
                0x00000363       0x33 ..\obj\systick.o
 .ARM.attributes
                0x00000396       0x33 ..\obj\usart.o

.debug_frame    0x00000000     0x3228
 .debug_frame   0x00000000       0x34 ..\obj\spi.o
 .debug_frame   0x00000034      0xe2c ..\obj\stm32f10x_tim.o
 .debug_frame   0x00000e60       0x98 ..\obj\system_stm32f10x.o
 .debug_frame   0x00000ef8       0x4c ..\obj\startup_stm32f10x_hd.o
 .debug_frame   0x00000f44       0xe4 ..\obj\diskio.o
 .debug_frame   0x00001028      0x2d0 ..\obj\stm32f10x_gpio.o
 .debug_frame   0x000012f8       0x4c ..\obj\main.o
 .debug_frame   0x00001344      0x1bc ..\obj\stm32_ub_fatfs.o
 .debug_frame   0x00001500      0x4f4 ..\obj\stm32f10x_rcc.o
 .debug_frame   0x000019f4      0x490 ..\obj\stm32f10x_usart.o
 .debug_frame   0x00001e84      0x398 ..\obj\stm32_ub_sdcard.o
 .debug_frame   0x0000221c      0x120 ..\obj\stm32_ub_usbdisk.o
 .debug_frame   0x0000233c      0x120 ..\obj\stm32_ub_atadrive.o
 .debug_frame   0x0000245c      0x7a4 ..\obj\ff.o
 .debug_frame   0x00002c00       0xd8 ..\obj\misc.o
 .debug_frame   0x00002cd8       0x2c ..\obj\GPIOHYSTM32.o
 .debug_frame   0x00002d04      0x3a0 ..\obj\stm32f10x_spi.o
 .debug_frame   0x000030a4       0xc0 ..\obj\systick.o
 .debug_frame   0x00003164       0xc4 ..\obj\usart.o
